[2018-12-25T21:57:43.479-0300][0.016s] Using Concurrent Mark Sweep
[2018-12-25T21:57:43.479-0300][0.016s] Heap address: 0x00000000e0000000, size: 512 MB, Compressed Oops mode: 32-bit
[2018-12-25T21:57:45.068-0300][1.605s] GC(0) Pause Young (Allocation Failure)
[2018-12-25T21:57:45.068-0300][1.605s] GC(0) Using 4 workers of 4 for evacuation
[2018-12-25T21:57:45.087-0300][1.624s] GC(0) ParNew: 87424K->10733K(109248K)
[2018-12-25T21:57:45.087-0300][1.624s] GC(0) CMS: 0K->0K(393216K)
[2018-12-25T21:57:45.087-0300][1.624s] GC(0) Metaspace: 24452K->24452K(1071104K)
[2018-12-25T21:57:45.087-0300][1.624s] GC(0) Pause Young (Allocation Failure) 85M->10M(490M) 19.222ms
[2018-12-25T21:57:45.087-0300][1.624s] GC(0) User=0.00s Sys=0.06s Real=0.02s
[2018-12-25T21:57:45.088-0300][1.625s] GC(1) Pause Initial Mark
[2018-12-25T21:57:45.089-0300][1.626s] GC(1) Pause Initial Mark 12M->12M(490M) 1.484ms
[2018-12-25T21:57:45.090-0300][1.627s] GC(1) User=0.00s Sys=0.00s Real=0.00s
[2018-12-25T21:57:45.090-0300][1.627s] GC(1) Concurrent Mark
[2018-12-25T21:57:45.090-0300][1.627s] GC(1) Using 4 workers of 4 for marking
[2018-12-25T21:57:45.090-0300][1.627s] GC(1) Concurrent Mark 0.168ms
[2018-12-25T21:57:45.090-0300][1.627s] GC(1) User=0.00s Sys=0.00s Real=0.00s
[2018-12-25T21:57:45.090-0300][1.627s] GC(1) Concurrent Preclean
[2018-12-25T21:57:45.091-0300][1.628s] GC(1) Concurrent Preclean 1.029ms
[2018-12-25T21:57:45.091-0300][1.628s] GC(1) User=0.00s Sys=0.00s Real=0.01s
[2018-12-25T21:57:45.091-0300][1.628s] GC(1) Concurrent Abortable Preclean
[2018-12-25T21:57:45.477-0300][2.014s] GC(1) Concurrent Abortable Preclean 385.433ms
[2018-12-25T21:57:45.477-0300][2.014s] GC(1) User=1.25s Sys=0.08s Real=0.38s
[2018-12-25T21:57:45.477-0300][2.014s] GC(1) Pause Remark
[2018-12-25T21:57:45.477-0300][2.014s] GC(2) Pause Young (CMS Final Remark)
[2018-12-25T21:57:45.477-0300][2.014s] GC(2) Using 4 workers of 4 for evacuation
[2018-12-25T21:57:45.493-0300][2.030s] GC(2) ParNew: 54548K->15852K(109248K)
[2018-12-25T21:57:45.493-0300][2.030s] GC(2) CMS: 0K->0K(393216K)
[2018-12-25T21:57:45.493-0300][2.030s] GC(2) Metaspace: 29303K->29303K(1077248K)
[2018-12-25T21:57:45.493-0300][2.030s] GC(2) Pause Young (CMS Final Remark) 53M->15M(490M) 16.344ms
[2018-12-25T21:57:45.493-0300][2.030s] GC(2) User=0.01s Sys=0.05s Real=0.02s
[2018-12-25T21:57:45.502-0300][2.039s] GC(1) Pause Remark 53M->15M(490M) 24.632ms
[2018-12-25T21:57:45.502-0300][2.039s] GC(1) User=0.01s Sys=0.05s Real=0.03s
[2018-12-25T21:57:45.502-0300][2.039s] GC(1) Concurrent Sweep
[2018-12-25T21:57:45.502-0300][2.039s] GC(1) Concurrent Sweep 0.053ms
[2018-12-25T21:57:45.502-0300][2.039s] GC(1) User=0.00s Sys=0.00s Real=0.00s
[2018-12-25T21:57:45.502-0300][2.039s] GC(1) Concurrent Reset
[2018-12-25T21:57:45.508-0300][2.045s] GC(1) Concurrent Reset 6.487ms
[2018-12-25T21:57:45.508-0300][2.045s] GC(1) User=0.02s Sys=0.03s Real=0.00s
[2018-12-25T21:57:45.508-0300][2.045s] GC(1) Old: 0K->0K(393216K)
[2018-12-25T21:57:46.065-0300][2.602s] GC(3) Pause Young (Allocation Failure)
[2018-12-25T21:57:46.065-0300][2.602s] GC(3) Using 4 workers of 4 for evacuation
[2018-12-25T21:57:46.078-0300][2.615s] GC(3) ParNew: 103276K->21824K(109248K)
[2018-12-25T21:57:46.078-0300][2.615s] GC(3) CMS: 0K->4K(393216K)
[2018-12-25T21:57:46.078-0300][2.615s] GC(3) Metaspace: 34889K->34889K(1081344K)
[2018-12-25T21:57:46.078-0300][2.615s] GC(3) Pause Young (Allocation Failure) 100M->21M(490M) 13.112ms
[2018-12-25T21:57:46.078-0300][2.615s] GC(3) User=0.08s Sys=0.00s Real=0.01s
[2018-12-25T21:57:46.276-0300][2.813s] GC(4) Pause Young (Allocation Failure)
[2018-12-25T21:57:46.276-0300][2.813s] GC(4) Using 4 workers of 4 for evacuation
[2018-12-25T21:57:46.290-0300][2.827s] GC(4) ParNew: 109248K->21824K(109248K)
[2018-12-25T21:57:46.290-0300][2.827s] GC(4) CMS: 4K->479K(393216K)
[2018-12-25T21:57:46.290-0300][2.827s] GC(4) Metaspace: 36637K->36637K(1083392K)
[2018-12-25T21:57:46.290-0300][2.827s] GC(4) Pause Young (Allocation Failure) 106M->21M(490M) 14.195ms
[2018-12-25T21:57:46.290-0300][2.827s] GC(4) User=0.06s Sys=0.00s Real=0.01s
[2018-12-25T21:57:46.523-0300][3.060s] GC(5) Pause Young (Allocation Failure)
[2018-12-25T21:57:46.523-0300][3.060s] GC(5) Using 4 workers of 4 for evacuation
[2018-12-25T21:57:46.532-0300][3.069s] GC(5) ParNew: 109248K->21824K(109248K)
[2018-12-25T21:57:46.532-0300][3.069s] GC(5) CMS: 479K->479K(393216K)
[2018-12-25T21:57:46.532-0300][3.069s] GC(5) Metaspace: 38363K->38363K(1085440K)
[2018-12-25T21:57:46.532-0300][3.069s] GC(5) Pause Young (Allocation Failure) 107M->21M(490M) 9.125ms
[2018-12-25T21:57:46.532-0300][3.069s] GC(5) User=0.00s Sys=0.00s Real=0.01s
[2018-12-25T21:57:47.092-0300][3.629s] GC(6) Pause Young (Allocation Failure)
[2018-12-25T21:57:47.092-0300][3.629s] GC(6) Using 4 workers of 4 for evacuation
[2018-12-25T21:57:47.129-0300][3.666s] GC(6) ParNew: 109248K->21824K(109248K)
[2018-12-25T21:57:47.129-0300][3.666s] GC(6) CMS: 479K->11827K(393216K)
[2018-12-25T21:57:47.129-0300][3.666s] GC(6) Metaspace: 44491K->44491K(1089536K)
[2018-12-25T21:57:47.129-0300][3.666s] GC(6) Pause Young (Allocation Failure) 107M->32M(490M) 37.384ms
[2018-12-25T21:57:47.129-0300][3.666s] GC(6) User=0.09s Sys=0.06s Real=0.03s
[2018-12-25T22:34:08.363-0300][2184.900s] GC(7) Pause Young (Allocation Failure)
[2018-12-25T22:34:08.363-0300][2184.900s] GC(7) Using 4 workers of 4 for evacuation
[2018-12-25T22:34:08.372-0300][2184.909s] GC(7) ParNew: 108845K->21189K(109248K)
[2018-12-25T22:34:08.372-0300][2184.909s] GC(7) CMS: 11827K->11827K(393216K)
[2018-12-25T22:34:08.372-0300][2184.909s] GC(7) Metaspace: 50206K->50206K(1095680K)
[2018-12-25T22:34:08.372-0300][2184.909s] GC(7) Pause Young (Allocation Failure) 117M->32M(490M) 9.155ms
[2018-12-25T22:34:08.372-0300][2184.909s] GC(7) User=0.00s Sys=0.00s Real=0.01s
[2018-12-25T22:34:08.372-0300][2184.909s] GC(8) Pause Initial Mark
[2018-12-25T22:34:08.374-0300][2184.911s] GC(8) Pause Initial Mark 33M->33M(490M) 2.059ms
[2018-12-25T22:34:08.374-0300][2184.911s] GC(8) User=0.00s Sys=0.00s Real=0.00s
[2018-12-25T22:34:08.375-0300][2184.912s] GC(8) Concurrent Mark
[2018-12-25T22:34:08.375-0300][2184.912s] GC(8) Using 4 workers of 4 for marking
[2018-12-25T22:34:08.378-0300][2184.915s] GC(8) Concurrent Mark 3.618ms
[2018-12-25T22:34:08.378-0300][2184.915s] GC(8) User=0.03s Sys=0.02s Real=0.00s
[2018-12-25T22:34:08.378-0300][2184.915s] GC(8) Concurrent Preclean
[2018-12-25T22:34:08.379-0300][2184.916s] GC(8) Concurrent Preclean 0.643ms
[2018-12-25T22:34:08.379-0300][2184.916s] GC(8) User=0.00s Sys=0.00s Real=0.00s
[2018-12-25T22:34:08.379-0300][2184.916s] GC(8) Pause Remark
[2018-12-25T22:34:08.379-0300][2184.916s] GC(9) Pause Young (CMS Final Remark)
[2018-12-25T22:34:08.379-0300][2184.916s] GC(9) Using 4 workers of 4 for evacuation
[2018-12-25T22:34:08.386-0300][2184.923s] GC(9) ParNew: 22937K->21326K(109248K)
[2018-12-25T22:34:08.386-0300][2184.923s] GC(9) CMS: 11827K->11827K(393216K)
[2018-12-25T22:34:08.386-0300][2184.923s] GC(9) Metaspace: 50283K->50283K(1095680K)
[2018-12-25T22:34:08.386-0300][2184.923s] GC(9) Pause Young (CMS Final Remark) 33M->32M(490M) 6.869ms
[2018-12-25T22:34:08.386-0300][2184.923s] GC(9) User=0.00s Sys=0.00s Real=0.01s
[2018-12-25T22:34:08.402-0300][2184.939s] GC(8) Pause Remark 33M->32M(490M) 22.893ms
[2018-12-25T22:34:08.402-0300][2184.939s] GC(8) User=0.02s Sys=0.00s Real=0.03s
[2018-12-25T22:34:08.402-0300][2184.939s] GC(8) Concurrent Sweep
[2018-12-25T22:34:08.405-0300][2184.943s] GC(8) Concurrent Sweep 3.152ms
[2018-12-25T22:34:08.406-0300][2184.943s] GC(8) User=0.00s Sys=0.00s Real=0.00s
[2018-12-25T22:34:08.406-0300][2184.943s] GC(8) Concurrent Reset
[2018-12-25T22:34:08.408-0300][2184.945s] GC(8) Concurrent Reset 2.423ms
[2018-12-25T22:34:08.408-0300][2184.945s] GC(8) User=0.00s Sys=0.00s Real=0.00s
[2018-12-25T22:34:08.408-0300][2184.945s] GC(8) Old: 11827K->10899K(393216K)
[2018-12-25T22:58:24.973-0300][3641.510s] Heap
[2018-12-25T22:58:24.973-0300][3641.510s]  par new generation   total 109248K, used 69851K [0x00000000e0000000, 0x00000000e8000000, 0x00000000e8000000)
[2018-12-25T22:58:24.973-0300][3641.510s]   eden space 87424K,  55% used [0x00000000e0000000, 0x00000000e2f63480, 0x00000000e5560000)
[2018-12-25T22:58:24.973-0300][3641.510s]   from space 21824K,  97% used [0x00000000e5560000, 0x00000000e6a33ae0, 0x00000000e6ab0000)
[2018-12-25T22:58:24.973-0300][3641.510s]   to   space 21824K,   0% used [0x00000000e6ab0000, 0x00000000e6ab0000, 0x00000000e8000000)
[2018-12-25T22:58:24.973-0300][3641.510s]  concurrent mark-sweep generation total 393216K, used 10899K [0x00000000e8000000, 0x0000000100000000, 0x0000000100000000)
[2018-12-25T22:58:24.973-0300][3641.510s]  Metaspace       used 50890K, capacity 51862K, committed 52752K, reserved 1095680K
[2018-12-25T22:58:24.973-0300][3641.510s]   class space    used 5526K, capacity 5924K, committed 6144K, reserved 1048576K
