[2018-12-29T11:13:04.790-0300][0.041s] Using Concurrent Mark Sweep
[2018-12-29T11:13:04.791-0300][0.042s] Heap address: 0x00000000e0000000, size: 512 MB, Compressed Oops mode: 32-bit
[2018-12-29T11:13:08.851-0300][4.102s] GC(0) Pause Initial Mark
[2018-12-29T11:13:08.867-0300][4.118s] GC(0) Pause Initial Mark 71M->71M(490M) 16.014ms
[2018-12-29T11:13:08.867-0300][4.118s] GC(0) User=0.08s Sys=0.00s Real=0.02s
[2018-12-29T11:13:08.867-0300][4.118s] GC(0) Concurrent Mark
[2018-12-29T11:13:08.867-0300][4.118s] GC(0) Using 4 workers of 4 for marking
[2018-12-29T11:13:08.868-0300][4.119s] GC(0) Concurrent Mark 0.437ms
[2018-12-29T11:13:08.868-0300][4.119s] GC(0) User=0.00s Sys=0.00s Real=0.00s
[2018-12-29T11:13:08.868-0300][4.119s] GC(0) Concurrent Preclean
[2018-12-29T11:13:08.872-0300][4.123s] GC(0) Concurrent Preclean 3.742ms
[2018-12-29T11:13:08.872-0300][4.123s] GC(0) User=0.00s Sys=0.00s Real=0.00s
[2018-12-29T11:13:08.872-0300][4.123s] GC(0) Concurrent Abortable Preclean
[2018-12-29T11:13:09.297-0300][4.548s] GC(1) Pause Young (Allocation Failure)
[2018-12-29T11:13:09.297-0300][4.548s] GC(1) Using 4 workers of 4 for evacuation
[2018-12-29T11:13:09.350-0300][4.601s] GC(1) ParNew: 87424K->10737K(109248K)
[2018-12-29T11:13:09.350-0300][4.601s] GC(1) CMS: 0K->0K(393216K)
[2018-12-29T11:13:09.350-0300][4.601s] GC(1) Metaspace: 24331K->24331K(1071104K)
[2018-12-29T11:13:09.350-0300][4.601s] GC(1) Pause Young (Allocation Failure) 85M->10M(490M) 52.922ms
[2018-12-29T11:13:09.350-0300][4.601s] GC(1) User=0.11s Sys=0.09s Real=0.05s
[2018-12-29T11:13:10.631-0300][5.881s] GC(0) Concurrent Abortable Preclean 1758.806ms
[2018-12-29T11:13:10.631-0300][5.882s] GC(0) User=4.92s Sys=0.51s Real=1.76s
[2018-12-29T11:13:10.631-0300][5.882s] GC(0) Pause Remark
[2018-12-29T11:13:10.631-0300][5.882s] GC(2) Pause Young (CMS Final Remark)
[2018-12-29T11:13:10.631-0300][5.882s] GC(2) Using 4 workers of 4 for evacuation
[2018-12-29T11:13:10.673-0300][5.924s] GC(2) ParNew: 54463K->15450K(109248K)
[2018-12-29T11:13:10.673-0300][5.924s] GC(2) CMS: 0K->0K(393216K)
[2018-12-29T11:13:10.673-0300][5.924s] GC(2) Metaspace: 29104K->29104K(1077248K)
[2018-12-29T11:13:10.673-0300][5.924s] GC(2) Pause Young (CMS Final Remark) 53M->15M(490M) 42.181ms
[2018-12-29T11:13:10.673-0300][5.924s] GC(2) User=0.16s Sys=0.11s Real=0.04s
[2018-12-29T11:13:10.689-0300][5.940s] GC(0) Pause Remark 53M->15M(490M) 57.824ms
[2018-12-29T11:13:10.689-0300][5.940s] GC(0) User=0.17s Sys=0.11s Real=0.06s
[2018-12-29T11:13:10.689-0300][5.940s] GC(0) Concurrent Sweep
[2018-12-29T11:13:10.689-0300][5.940s] GC(0) Concurrent Sweep 0.137ms
[2018-12-29T11:13:10.689-0300][5.940s] GC(0) User=0.00s Sys=0.00s Real=0.00s
[2018-12-29T11:13:10.689-0300][5.940s] GC(0) Concurrent Reset
[2018-12-29T11:13:10.708-0300][5.958s] GC(0) Concurrent Reset 18.258ms
[2018-12-29T11:13:10.708-0300][5.959s] GC(0) User=0.08s Sys=0.02s Real=0.02s
[2018-12-29T11:13:10.708-0300][5.959s] GC(0) Old: 0K->0K(393216K)
[2018-12-29T11:13:12.009-0300][7.260s] GC(3) Pause Young (Allocation Failure)
[2018-12-29T11:13:12.009-0300][7.260s] GC(3) Using 4 workers of 4 for evacuation
[2018-12-29T11:13:12.038-0300][7.289s] GC(3) ParNew: 102874K->21824K(109248K)
[2018-12-29T11:13:12.038-0300][7.289s] GC(3) CMS: 0K->0K(393216K)
[2018-12-29T11:13:12.038-0300][7.289s] GC(3) Metaspace: 34997K->34997K(1081344K)
[2018-12-29T11:13:12.038-0300][7.289s] GC(3) Pause Young (Allocation Failure) 100M->21M(490M) 29.145ms
[2018-12-29T11:13:12.038-0300][7.289s] GC(3) User=0.03s Sys=0.05s Real=0.03s
[2018-12-29T11:13:12.489-0300][7.740s] GC(4) Pause Young (Allocation Failure)
[2018-12-29T11:13:12.489-0300][7.740s] GC(4) Using 4 workers of 4 for evacuation
[2018-12-29T11:13:12.514-0300][7.765s] GC(4) ParNew: 109248K->21824K(109248K)
[2018-12-29T11:13:12.514-0300][7.765s] GC(4) CMS: 0K->349K(393216K)
[2018-12-29T11:13:12.514-0300][7.765s] GC(4) Metaspace: 36751K->36751K(1083392K)
[2018-12-29T11:13:12.514-0300][7.765s] GC(4) Pause Young (Allocation Failure) 106M->21M(490M) 24.773ms
[2018-12-29T11:13:12.514-0300][7.765s] GC(4) User=0.10s Sys=0.02s Real=0.02s
[2018-12-29T11:13:12.923-0300][8.174s] GC(5) Pause Young (Allocation Failure)
[2018-12-29T11:13:12.923-0300][8.174s] GC(5) Using 4 workers of 4 for evacuation
[2018-12-29T11:13:12.946-0300][8.197s] GC(5) ParNew: 109248K->21824K(109248K)
[2018-12-29T11:13:12.947-0300][8.197s] GC(5) CMS: 349K->1703K(393216K)
[2018-12-29T11:13:12.947-0300][8.197s] GC(5) Metaspace: 38272K->38272K(1085440K)
[2018-12-29T11:13:12.947-0300][8.197s] GC(5) Pause Young (Allocation Failure) 107M->22M(490M) 23.492ms
[2018-12-29T11:13:12.947-0300][8.197s] GC(5) User=0.13s Sys=0.03s Real=0.03s
[2018-12-29T11:13:14.306-0300][9.557s] GC(6) Pause Young (Allocation Failure)
[2018-12-29T11:13:14.306-0300][9.557s] GC(6) Using 4 workers of 4 for evacuation
[2018-12-29T11:13:14.330-0300][9.581s] GC(6) ParNew: 109248K->21824K(109248K)
[2018-12-29T11:13:14.330-0300][9.581s] GC(6) CMS: 1703K->3028K(393216K)
[2018-12-29T11:13:14.330-0300][9.581s] GC(6) Metaspace: 43992K->43992K(1089536K)
[2018-12-29T11:13:14.330-0300][9.581s] GC(6) Pause Young (Allocation Failure) 108M->24M(490M) 24.516ms
[2018-12-29T11:13:14.330-0300][9.581s] GC(6) User=0.06s Sys=0.00s Real=0.02s
[2018-12-29T18:16:42.664-0300][25422.857s] GC(7) Pause Initial Mark
[2018-12-29T18:16:42.675-0300][25422.867s] GC(7) Pause Initial Mark 109M->109M(490M) 10.104ms
[2018-12-29T18:16:42.675-0300][25422.867s] GC(7) User=0.00s Sys=0.00s Real=0.01s
[2018-12-29T18:16:42.675-0300][25422.867s] GC(7) Concurrent Mark
[2018-12-29T18:16:42.675-0300][25422.867s] GC(7) Using 4 workers of 4 for marking
[2018-12-29T18:16:42.678-0300][25422.870s] GC(7) Concurrent Mark 3.390ms
[2018-12-29T18:16:42.678-0300][25422.870s] GC(7) User=0.00s Sys=0.00s Real=0.00s
[2018-12-29T18:16:42.678-0300][25422.870s] GC(7) Concurrent Preclean
[2018-12-29T18:16:42.681-0300][25422.873s] GC(7) Concurrent Preclean 2.719ms
[2018-12-29T18:16:42.681-0300][25422.873s] GC(7) User=0.01s Sys=0.02s Real=0.00s
[2018-12-29T18:16:42.681-0300][25422.873s] GC(7) Concurrent Abortable Preclean
[2018-12-29T18:16:42.682-0300][25422.874s] GC(8) Pause Young (Allocation Failure)
[2018-12-29T18:16:42.682-0300][25422.875s] GC(8) Using 4 workers of 4 for evacuation
[2018-12-29T18:16:42.709-0300][25422.901s] GC(8) ParNew: 109248K->21824K(109248K)
[2018-12-29T18:16:42.709-0300][25422.901s] GC(8) CMS: 3028K->11812K(393216K)
[2018-12-29T18:16:42.709-0300][25422.901s] GC(8) Metaspace: 49829K->49829K(1095680K)
[2018-12-29T18:16:42.709-0300][25422.901s] GC(8) Pause Young (Allocation Failure) 109M->32M(490M) 26.433ms
[2018-12-29T18:16:42.709-0300][25422.901s] GC(8) User=0.02s Sys=0.02s Real=0.03s
[2018-12-29T18:16:48.815-0300][25429.007s] GC(7) Concurrent Abortable Preclean 6133.738ms
[2018-12-29T18:16:48.815-0300][25429.007s] GC(7) User=2.52s Sys=0.05s Real=6.14s
[2018-12-29T18:16:48.815-0300][25429.007s] GC(7) Pause Remark
[2018-12-29T18:16:48.815-0300][25429.007s] GC(9) Pause Young (CMS Final Remark)
[2018-12-29T18:16:48.815-0300][25429.007s] GC(9) Using 4 workers of 4 for evacuation
[2018-12-29T18:16:48.822-0300][25429.014s] GC(9) ParNew: 32899K->19068K(109248K)
[2018-12-29T18:16:48.822-0300][25429.014s] GC(9) CMS: 11812K->11812K(393216K)
[2018-12-29T18:16:48.822-0300][25429.014s] GC(9) Metaspace: 49880K->49880K(1095680K)
[2018-12-29T18:16:48.822-0300][25429.014s] GC(9) Pause Young (CMS Final Remark) 43M->30M(490M) 7.230ms
[2018-12-29T18:16:48.822-0300][25429.014s] GC(9) User=0.06s Sys=0.00s Real=0.00s
[2018-12-29T18:16:48.836-0300][25429.028s] GC(7) Pause Remark 43M->30M(490M) 21.279ms
[2018-12-29T18:16:48.836-0300][25429.029s] GC(7) User=0.08s Sys=0.00s Real=0.02s
[2018-12-29T18:16:48.836-0300][25429.029s] GC(7) Concurrent Sweep
[2018-12-29T18:16:48.841-0300][25429.033s] GC(7) Concurrent Sweep 4.582ms
[2018-12-29T18:16:48.841-0300][25429.033s] GC(7) User=0.00s Sys=0.00s Real=0.00s
[2018-12-29T18:16:48.841-0300][25429.033s] GC(7) Concurrent Reset
[2018-12-29T18:16:48.843-0300][25429.035s] GC(7) Concurrent Reset 2.020ms
[2018-12-29T18:16:48.843-0300][25429.035s] GC(7) User=0.00s Sys=0.00s Real=0.00s
[2018-12-29T18:16:48.843-0300][25429.035s] GC(7) Old: 3028K->11800K(393216K)
[2018-12-29T19:14:55.665-0300][28915.858s] Heap
[2018-12-29T19:14:55.665-0300][28915.858s]  par new generation   total 109248K, used 102566K [0x00000000e0000000, 0x00000000e8000000, 0x00000000e8000000)
[2018-12-29T19:14:55.665-0300][28915.858s]   eden space 87424K,  95% used [0x00000000e0000000, 0x00000000e518a6f8, 0x00000000e5560000)
[2018-12-29T19:14:55.665-0300][28915.858s]   from space 21824K,  87% used [0x00000000e5560000, 0x00000000e67ff310, 0x00000000e6ab0000)
[2018-12-29T19:14:55.665-0300][28915.858s]   to   space 21824K,   0% used [0x00000000e6ab0000, 0x00000000e6ab0000, 0x00000000e8000000)
[2018-12-29T19:14:55.665-0300][28915.858s]  concurrent mark-sweep generation total 393216K, used 11800K [0x00000000e8000000, 0x0000000100000000, 0x0000000100000000)
[2018-12-29T19:14:55.665-0300][28915.858s]  Metaspace       used 51535K, capacity 52580K, committed 52968K, reserved 1095680K
[2018-12-29T19:14:55.665-0300][28915.858s]   class space    used 5638K, capacity 6046K, committed 6052K, reserved 1048576K
