[2018-12-29T19:14:57.129-0300][0.019s] Using Concurrent Mark Sweep
[2018-12-29T19:14:57.129-0300][0.019s] Heap address: 0x00000000e0000000, size: 512 MB, Compressed Oops mode: 32-bit
[2018-12-29T19:14:58.841-0300][1.732s] GC(0) Pause Young (Allocation Failure)
[2018-12-29T19:14:58.841-0300][1.732s] GC(0) Using 4 workers of 4 for evacuation
[2018-12-29T19:14:58.861-0300][1.752s] GC(0) ParNew: 87424K->10624K(109248K)
[2018-12-29T19:14:58.861-0300][1.752s] GC(0) CMS: 0K->0K(393216K)
[2018-12-29T19:14:58.861-0300][1.752s] GC(0) Metaspace: 24078K->24078K(1071104K)
[2018-12-29T19:14:58.861-0300][1.752s] GC(0) Pause Young (Allocation Failure) 85M->10M(490M) 20.099ms
[2018-12-29T19:14:58.861-0300][1.752s] GC(0) User=0.02s Sys=0.04s Real=0.02s
[2018-12-29T19:14:58.862-0300][1.752s] GC(1) Pause Initial Mark
[2018-12-29T19:14:58.863-0300][1.754s] GC(1) Pause Initial Mark 11M->11M(490M) 1.490ms
[2018-12-29T19:14:58.863-0300][1.754s] GC(1) User=0.00s Sys=0.00s Real=0.00s
[2018-12-29T19:14:58.863-0300][1.754s] GC(1) Concurrent Mark
[2018-12-29T19:14:58.864-0300][1.754s] GC(1) Using 4 workers of 4 for marking
[2018-12-29T19:14:58.864-0300][1.754s] GC(1) Concurrent Mark 0.200ms
[2018-12-29T19:14:58.864-0300][1.754s] GC(1) User=0.00s Sys=0.00s Real=0.01s
[2018-12-29T19:14:58.864-0300][1.754s] GC(1) Concurrent Preclean
[2018-12-29T19:14:58.865-0300][1.755s] GC(1) Concurrent Preclean 0.860ms
[2018-12-29T19:14:58.865-0300][1.755s] GC(1) User=0.00s Sys=0.00s Real=0.00s
[2018-12-29T19:14:58.865-0300][1.755s] GC(1) Pause Remark
[2018-12-29T19:14:58.865-0300][1.756s] GC(2) Pause Young (CMS Final Remark)
[2018-12-29T19:14:58.865-0300][1.756s] GC(2) Using 4 workers of 4 for evacuation
[2018-12-29T19:14:58.879-0300][1.769s] GC(2) ParNew: 12249K->13210K(109248K)
[2018-12-29T19:14:58.879-0300][1.769s] GC(2) CMS: 0K->0K(393216K)
[2018-12-29T19:14:58.879-0300][1.769s] GC(2) Metaspace: 24084K->24084K(1071104K)
[2018-12-29T19:14:58.879-0300][1.769s] GC(2) Pause Young (CMS Final Remark) 11M->12M(490M) 13.536ms
[2018-12-29T19:14:58.879-0300][1.769s] GC(2) User=0.00s Sys=0.07s Real=0.01s
[2018-12-29T19:14:58.886-0300][1.777s] GC(1) Pause Remark 11M->12M(490M) 21.138ms
[2018-12-29T19:14:58.886-0300][1.777s] GC(1) User=0.01s Sys=0.07s Real=0.02s
[2018-12-29T19:14:58.886-0300][1.777s] GC(1) Concurrent Sweep
[2018-12-29T19:14:58.887-0300][1.777s] GC(1) Concurrent Sweep 0.301ms
[2018-12-29T19:14:58.887-0300][1.777s] GC(1) User=0.00s Sys=0.00s Real=0.00s
[2018-12-29T19:14:58.887-0300][1.777s] GC(1) Concurrent Reset
[2018-12-29T19:14:58.895-0300][1.785s] GC(1) Concurrent Reset 7.782ms
[2018-12-29T19:14:58.895-0300][1.785s] GC(1) User=0.00s Sys=0.00s Real=0.01s
[2018-12-29T19:14:58.895-0300][1.785s] GC(1) Old: 0K->0K(393216K)
[2018-12-29T19:14:59.788-0300][2.679s] GC(3) Pause Young (Allocation Failure)
[2018-12-29T19:14:59.788-0300][2.679s] GC(3) Using 4 workers of 4 for evacuation
[2018-12-29T19:14:59.798-0300][2.689s] GC(3) ParNew: 100634K->17401K(109248K)
[2018-12-29T19:14:59.798-0300][2.689s] GC(3) CMS: 0K->0K(393216K)
[2018-12-29T19:14:59.798-0300][2.689s] GC(3) Metaspace: 33290K->33290K(1079296K)
[2018-12-29T19:14:59.798-0300][2.689s] GC(3) Pause Young (Allocation Failure) 98M->16M(490M) 10.022ms
[2018-12-29T19:14:59.798-0300][2.689s] GC(3) User=0.07s Sys=0.00s Real=0.01s
[2018-12-29T19:15:00.190-0300][3.081s] GC(4) Pause Young (Allocation Failure)
[2018-12-29T19:15:00.190-0300][3.081s] GC(4) Using 4 workers of 4 for evacuation
[2018-12-29T19:15:00.203-0300][3.094s] GC(4) ParNew: 104825K->21824K(109248K)
[2018-12-29T19:15:00.203-0300][3.094s] GC(4) CMS: 0K->644K(393216K)
[2018-12-29T19:15:00.203-0300][3.094s] GC(4) Metaspace: 36415K->36415K(1083392K)
[2018-12-29T19:15:00.203-0300][3.094s] GC(4) Pause Young (Allocation Failure) 102M->21M(490M) 13.244ms
[2018-12-29T19:15:00.203-0300][3.094s] GC(4) User=0.02s Sys=0.05s Real=0.01s
[2018-12-29T19:15:00.296-0300][3.186s] GC(5) Pause Young (Allocation Failure)
[2018-12-29T19:15:00.296-0300][3.186s] GC(5) Using 4 workers of 4 for evacuation
[2018-12-29T19:15:00.307-0300][3.197s] GC(5) ParNew: 109248K->21824K(109248K)
[2018-12-29T19:15:00.307-0300][3.198s] GC(5) CMS: 644K->1665K(393216K)
[2018-12-29T19:15:00.307-0300][3.198s] GC(5) Metaspace: 36881K->36881K(1083392K)
[2018-12-29T19:15:00.307-0300][3.198s] GC(5) Pause Young (Allocation Failure) 107M->22M(490M) 11.214ms
[2018-12-29T19:15:00.307-0300][3.198s] GC(5) User=0.06s Sys=0.00s Real=0.01s
[2018-12-29T19:15:00.832-0300][3.722s] GC(6) Pause Young (Allocation Failure)
[2018-12-29T19:15:00.832-0300][3.723s] GC(6) Using 4 workers of 4 for evacuation
[2018-12-29T19:15:00.843-0300][3.733s] GC(6) ParNew: 109248K->21824K(109248K)
[2018-12-29T19:15:00.843-0300][3.733s] GC(6) CMS: 1665K->3509K(393216K)
[2018-12-29T19:15:00.843-0300][3.733s] GC(6) Metaspace: 41115K->41115K(1087488K)
[2018-12-29T19:15:00.843-0300][3.733s] GC(6) Pause Young (Allocation Failure) 108M->24M(490M) 10.844ms
[2018-12-29T19:15:00.843-0300][3.733s] GC(6) User=0.03s Sys=0.03s Real=0.01s
[2018-12-29T19:15:00.843-0300][3.734s] GC(7) Pause Initial Mark
[2018-12-29T19:15:00.845-0300][3.735s] GC(7) Pause Initial Mark 26M->26M(490M) 1.978ms
[2018-12-29T19:15:00.845-0300][3.736s] GC(7) User=0.00s Sys=0.00s Real=0.01s
[2018-12-29T19:15:00.845-0300][3.736s] GC(7) Concurrent Mark
[2018-12-29T19:15:00.845-0300][3.736s] GC(7) Using 4 workers of 4 for marking
[2018-12-29T19:15:00.847-0300][3.738s] GC(7) Concurrent Mark 2.101ms
[2018-12-29T19:15:00.847-0300][3.738s] GC(7) User=0.00s Sys=0.00s Real=0.00s
[2018-12-29T19:15:00.847-0300][3.738s] GC(7) Concurrent Preclean
[2018-12-29T19:15:00.848-0300][3.738s] GC(7) Concurrent Preclean 0.541ms
[2018-12-29T19:15:00.848-0300][3.738s] GC(7) User=0.00s Sys=0.00s Real=0.00s
[2018-12-29T19:15:00.848-0300][3.738s] GC(7) Pause Remark
[2018-12-29T19:15:00.848-0300][3.738s] GC(8) Pause Young (CMS Final Remark)
[2018-12-29T19:15:00.848-0300][3.739s] GC(8) Using 4 workers of 4 for evacuation
[2018-12-29T19:15:00.856-0300][3.747s] GC(8) ParNew: 23148K->21824K(109248K)
[2018-12-29T19:15:00.856-0300][3.747s] GC(8) CMS: 3509K->4281K(393216K)
[2018-12-29T19:15:00.856-0300][3.747s] GC(8) Metaspace: 41125K->41125K(1087488K)
[2018-12-29T19:15:00.856-0300][3.747s] GC(8) Pause Young (CMS Final Remark) 26M->25M(490M) 8.268ms
[2018-12-29T19:15:00.856-0300][3.747s] GC(8) User=0.04s Sys=0.03s Real=0.01s
[2018-12-29T19:15:00.867-0300][3.757s] GC(7) Pause Remark 26M->25M(490M) 18.899ms
[2018-12-29T19:15:00.867-0300][3.757s] GC(7) User=0.05s Sys=0.03s Real=0.02s
[2018-12-29T19:15:00.867-0300][3.757s] GC(7) Concurrent Sweep
[2018-12-29T19:15:00.868-0300][3.759s] GC(7) Concurrent Sweep 1.310ms
[2018-12-29T19:15:00.868-0300][3.759s] GC(7) User=0.00s Sys=0.00s Real=0.00s
[2018-12-29T19:15:00.868-0300][3.759s] GC(7) Concurrent Reset
[2018-12-29T19:15:00.869-0300][3.759s] GC(7) Concurrent Reset 0.216ms
[2018-12-29T19:15:00.869-0300][3.759s] GC(7) User=0.00s Sys=0.00s Real=0.00s
[2018-12-29T19:15:00.869-0300][3.759s] GC(7) Old: 3509K->4265K(393216K)
[2018-12-29T19:46:52.446-0300][1913.156s] GC(9) Pause Young (Allocation Failure)
[2018-12-29T19:46:52.446-0300][1913.157s] GC(9) Using 4 workers of 4 for evacuation
[2018-12-29T19:46:52.458-0300][1913.169s] GC(9) ParNew: 109248K->21824K(109248K)
[2018-12-29T19:46:52.458-0300][1913.169s] GC(9) CMS: 4265K->5151K(393216K)
[2018-12-29T19:46:52.458-0300][1913.169s] GC(9) Metaspace: 47544K->47544K(1093632K)
[2018-12-29T19:46:52.458-0300][1913.169s] GC(9) Pause Young (Allocation Failure) 110M->26M(490M) 12.578ms
[2018-12-29T19:46:52.458-0300][1913.169s] GC(9) User=0.00s Sys=0.00s Real=0.01s
[2018-12-29T19:51:18.839-0300][2179.550s] GC(10) Pause Young (Allocation Failure)
[2018-12-29T19:51:18.840-0300][2179.550s] GC(10) Using 4 workers of 4 for evacuation
[2018-12-29T19:51:18.859-0300][2179.570s] GC(10) ParNew: 109248K->21824K(109248K)
[2018-12-29T19:51:18.859-0300][2179.570s] GC(10) CMS: 5151K->13347K(393216K)
[2018-12-29T19:51:18.859-0300][2179.570s] GC(10) Metaspace: 51076K->51076K(1095680K)
[2018-12-29T19:51:18.859-0300][2179.570s] GC(10) Pause Young (Allocation Failure) 111M->34M(490M) 19.578ms
[2018-12-29T19:51:18.859-0300][2179.570s] GC(10) User=0.03s Sys=0.03s Real=0.02s
