[2018-12-28T15:41:06.666-0300][0.047s] Using Concurrent Mark Sweep
[2018-12-28T15:41:06.667-0300][0.047s] Heap address: 0x00000000e0000000, size: 512 MB, Compressed Oops mode: 32-bit
[2018-12-28T15:41:10.219-0300][3.599s] GC(0) Pause Young (Allocation Failure)
[2018-12-28T15:41:10.219-0300][3.600s] GC(0) Using 4 workers of 4 for evacuation
[2018-12-28T15:41:10.266-0300][3.646s] GC(0) ParNew: 87424K->10561K(109248K)
[2018-12-28T15:41:10.266-0300][3.647s] GC(0) CMS: 0K->0K(393216K)
[2018-12-28T15:41:10.266-0300][3.647s] GC(0) Metaspace: 23837K->23837K(1071104K)
[2018-12-28T15:41:10.266-0300][3.647s] GC(0) Pause Young (Allocation Failure) 85M->10M(490M) 47.365ms
[2018-12-28T15:41:10.266-0300][3.647s] GC(0) User=0.07s Sys=0.12s Real=0.05s
[2018-12-28T15:41:10.269-0300][3.649s] GC(1) Pause Initial Mark
[2018-12-28T15:41:10.271-0300][3.652s] GC(1) Pause Initial Mark 11M->11M(490M) 2.965ms
[2018-12-28T15:41:10.272-0300][3.652s] GC(1) User=0.06s Sys=0.00s Real=0.01s
[2018-12-28T15:41:10.272-0300][3.652s] GC(1) Concurrent Mark
[2018-12-28T15:41:10.272-0300][3.652s] GC(1) Using 4 workers of 4 for marking
[2018-12-28T15:41:10.272-0300][3.653s] GC(1) Concurrent Mark 0.343ms
[2018-12-28T15:41:10.272-0300][3.653s] GC(1) User=0.00s Sys=0.00s Real=0.00s
[2018-12-28T15:41:10.273-0300][3.654s] GC(1) Concurrent Preclean
[2018-12-28T15:41:10.275-0300][3.656s] GC(1) Concurrent Preclean 2.067ms
[2018-12-28T15:41:10.275-0300][3.656s] GC(1) User=0.00s Sys=0.00s Real=0.00s
[2018-12-28T15:41:10.276-0300][3.657s] GC(1) Pause Remark
[2018-12-28T15:41:10.276-0300][3.657s] GC(2) Pause Young (CMS Final Remark)
[2018-12-28T15:41:10.276-0300][3.657s] GC(2) Using 4 workers of 4 for evacuation
[2018-12-28T15:41:10.305-0300][3.685s] GC(2) ParNew: 12169K->13063K(109248K)
[2018-12-28T15:41:10.305-0300][3.686s] GC(2) CMS: 0K->0K(393216K)
[2018-12-28T15:41:10.305-0300][3.686s] GC(2) Metaspace: 23850K->23850K(1071104K)
[2018-12-28T15:41:10.305-0300][3.686s] GC(2) Pause Young (CMS Final Remark) 11M->12M(490M) 28.551ms
[2018-12-28T15:41:10.305-0300][3.686s] GC(2) User=0.03s Sys=0.09s Real=0.03s
[2018-12-28T15:41:10.317-0300][3.698s] GC(1) Pause Remark 11M->12M(490M) 40.823ms
[2018-12-28T15:41:10.317-0300][3.698s] GC(1) User=0.04s Sys=0.09s Real=0.04s
[2018-12-28T15:41:10.317-0300][3.698s] GC(1) Concurrent Sweep
[2018-12-28T15:41:10.318-0300][3.699s] GC(1) Concurrent Sweep 0.381ms
[2018-12-28T15:41:10.318-0300][3.699s] GC(1) User=0.00s Sys=0.00s Real=0.00s
[2018-12-28T15:41:10.318-0300][3.699s] GC(1) Concurrent Reset
[2018-12-28T15:41:10.337-0300][3.718s] GC(1) Concurrent Reset 18.589ms
[2018-12-28T15:41:10.337-0300][3.718s] GC(1) User=0.04s Sys=0.02s Real=0.02s
[2018-12-28T15:41:10.337-0300][3.718s] GC(1) Old: 0K->0K(393216K)
[2018-12-28T15:41:12.116-0300][5.496s] GC(3) Pause Young (Allocation Failure)
[2018-12-28T15:41:12.116-0300][5.496s] GC(3) Using 4 workers of 4 for evacuation
[2018-12-28T15:41:12.137-0300][5.517s] GC(3) ParNew: 100487K->19605K(109248K)
[2018-12-28T15:41:12.137-0300][5.517s] GC(3) CMS: 0K->0K(393216K)
[2018-12-28T15:41:12.137-0300][5.517s] GC(3) Metaspace: 33026K->33026K(1079296K)
[2018-12-28T15:41:12.137-0300][5.517s] GC(3) Pause Young (Allocation Failure) 98M->19M(490M) 21.073ms
[2018-12-28T15:41:12.137-0300][5.517s] GC(3) User=0.07s Sys=0.00s Real=0.02s
[2018-12-28T15:41:12.899-0300][6.279s] GC(4) Pause Young (Allocation Failure)
[2018-12-28T15:41:12.899-0300][6.280s] GC(4) Using 4 workers of 4 for evacuation
[2018-12-28T15:41:12.933-0300][6.314s] GC(4) ParNew: 107029K->21824K(109248K)
[2018-12-28T15:41:12.933-0300][6.314s] GC(4) CMS: 0K->0K(393216K)
[2018-12-28T15:41:12.933-0300][6.314s] GC(4) Metaspace: 36138K->36138K(1083392K)
[2018-12-28T15:41:12.933-0300][6.314s] GC(4) Pause Young (Allocation Failure) 104M->21M(490M) 34.570ms
[2018-12-28T15:41:12.933-0300][6.314s] GC(4) User=0.08s Sys=0.08s Real=0.04s
[2018-12-28T15:41:13.171-0300][6.552s] GC(5) Pause Young (Allocation Failure)
[2018-12-28T15:41:13.171-0300][6.552s] GC(5) Using 4 workers of 4 for evacuation
[2018-12-28T15:41:13.283-0300][6.664s] GC(5) ParNew: 109248K->19783K(109248K)
[2018-12-28T15:41:13.283-0300][6.664s] GC(5) CMS: 0K->10814K(393216K)
[2018-12-28T15:41:13.283-0300][6.664s] GC(5) Metaspace: 36760K->36760K(1083392K)
[2018-12-28T15:41:13.283-0300][6.664s] GC(5) Pause Young (Allocation Failure) 106M->29M(490M) 112.020ms
[2018-12-28T15:41:13.283-0300][6.664s] GC(5) User=0.18s Sys=0.10s Real=0.11s
[2018-12-28T15:41:14.244-0300][7.625s] GC(6) Pause Young (Allocation Failure)
[2018-12-28T15:41:14.244-0300][7.625s] GC(6) Using 4 workers of 4 for evacuation
[2018-12-28T15:41:14.256-0300][7.636s] GC(6) ParNew: 107207K->12755K(109248K)
[2018-12-28T15:41:14.256-0300][7.637s] GC(6) CMS: 10814K->10814K(393216K)
[2018-12-28T15:41:14.256-0300][7.637s] GC(6) Metaspace: 40725K->40725K(1087488K)
[2018-12-28T15:41:14.256-0300][7.637s] GC(6) Pause Young (Allocation Failure) 115M->23M(490M) 12.026ms
[2018-12-28T15:41:14.256-0300][7.637s] GC(6) User=0.07s Sys=0.00s Real=0.01s
[2018-12-28T15:41:14.256-0300][7.637s] GC(7) Pause Initial Mark
[2018-12-28T15:41:14.260-0300][7.641s] GC(7) Pause Initial Mark 24M->24M(490M) 3.525ms
[2018-12-28T15:41:14.260-0300][7.641s] GC(7) User=0.00s Sys=0.00s Real=0.00s
[2018-12-28T15:41:14.260-0300][7.641s] GC(7) Concurrent Mark
[2018-12-28T15:41:14.260-0300][7.641s] GC(7) Using 4 workers of 4 for marking
[2018-12-28T15:41:14.273-0300][7.654s] GC(7) Concurrent Mark 12.855ms
[2018-12-28T15:41:14.273-0300][7.654s] GC(7) User=0.08s Sys=0.00s Real=0.02s
[2018-12-28T15:41:14.273-0300][7.654s] GC(7) Concurrent Preclean
[2018-12-28T15:41:14.275-0300][7.655s] GC(7) Concurrent Preclean 1.469ms
[2018-12-28T15:41:14.275-0300][7.655s] GC(7) User=0.00s Sys=0.00s Real=0.00s
[2018-12-28T15:41:14.275-0300][7.656s] GC(7) Pause Remark
[2018-12-28T15:41:14.295-0300][7.676s] GC(7) Pause Remark 24M->24M(490M) 20.484ms
[2018-12-28T15:41:14.296-0300][7.676s] GC(7) User=0.02s Sys=0.00s Real=0.02s
[2018-12-28T15:41:14.296-0300][7.676s] GC(7) Concurrent Sweep
[2018-12-28T15:41:14.296-0300][7.677s] GC(8) Pause Young (GCLocker Initiated GC)
[2018-12-28T15:41:14.296-0300][7.677s] GC(8) Using 4 workers of 4 for evacuation
[2018-12-28T15:41:14.305-0300][7.686s] GC(8) ParNew: 14053K->16269K(109248K)
[2018-12-28T15:41:14.305-0300][7.686s] GC(8) CMS: 10814K->10814K(393216K)
[2018-12-28T15:41:14.306-0300][7.686s] GC(8) Metaspace: 40814K->40814K(1087488K)
[2018-12-28T15:41:14.306-0300][7.686s] GC(8) Pause Young (GCLocker Initiated GC) 24M->26M(490M) 9.618ms
[2018-12-28T15:41:14.306-0300][7.686s] GC(8) User=0.06s Sys=0.00s Real=0.01s
[2018-12-28T15:41:14.311-0300][7.692s] GC(7) Concurrent Sweep 15.190ms
[2018-12-28T15:41:14.311-0300][7.692s] GC(7) User=0.06s Sys=0.00s Real=0.02s
[2018-12-28T15:41:14.311-0300][7.692s] GC(7) Concurrent Reset
[2018-12-28T15:41:14.312-0300][7.692s] GC(7) Concurrent Reset 0.584ms
[2018-12-28T15:41:14.312-0300][7.692s] GC(7) User=0.00s Sys=0.00s Real=0.00s
[2018-12-28T15:41:14.312-0300][7.693s] GC(7) Old: 10814K->10792K(393216K)
[2018-12-29T10:38:12.476-0300][68231.821s] Heap
[2018-12-29T10:38:12.476-0300][68231.821s]  par new generation   total 109248K, used 86767K [0x00000000e0000000, 0x00000000e8000000, 0x00000000e8000000)
[2018-12-29T10:38:12.476-0300][68231.821s]   eden space 87424K,  80% used [0x00000000e0000000, 0x00000000e44d87a0, 0x00000000e5560000)
[2018-12-29T10:38:12.476-0300][68231.821s]   from space 21824K,  74% used [0x00000000e6ab0000, 0x00000000e7a936b8, 0x00000000e8000000)
[2018-12-29T10:38:12.476-0300][68231.821s]   to   space 21824K,   0% used [0x00000000e5560000, 0x00000000e5560000, 0x00000000e6ab0000)
[2018-12-29T10:38:12.476-0300][68231.821s]  concurrent mark-sweep generation total 393216K, used 10792K [0x00000000e8000000, 0x0000000100000000, 0x0000000100000000)
[2018-12-29T10:38:12.476-0300][68231.821s]  Metaspace       used 44760K, capacity 45688K, committed 46172K, reserved 1089536K
[2018-12-29T10:38:12.476-0300][68231.821s]   class space    used 4893K, capacity 5251K, committed 5292K, reserved 1048576K
