[2018-12-28T15:33:41.048-0300][0.046s] Using Concurrent Mark Sweep
[2018-12-28T15:33:41.048-0300][0.047s] Heap address: 0x00000000e0000000, size: 512 MB, Compressed Oops mode: 32-bit
[2018-12-28T15:33:44.759-0300][3.758s] GC(0) Pause Young (Allocation Failure)
[2018-12-28T15:33:44.760-0300][3.758s] GC(0) Using 4 workers of 4 for evacuation
[2018-12-28T15:33:44.803-0300][3.801s] GC(0) ParNew: 87424K->10664K(109248K)
[2018-12-28T15:33:44.803-0300][3.802s] GC(0) CMS: 0K->0K(393216K)
[2018-12-28T15:33:44.803-0300][3.802s] GC(0) Metaspace: 24138K->24138K(1071104K)
[2018-12-28T15:33:44.803-0300][3.802s] GC(0) Pause Young (Allocation Failure) 85M->10M(490M) 43.677ms
[2018-12-28T15:33:44.803-0300][3.802s] GC(0) User=0.07s Sys=0.11s Real=0.05s
[2018-12-28T15:33:44.805-0300][3.804s] GC(1) Pause Initial Mark
[2018-12-28T15:33:44.808-0300][3.807s] GC(1) Pause Initial Mark 13M->13M(490M) 3.042ms
[2018-12-28T15:33:44.809-0300][3.807s] GC(1) User=0.00s Sys=0.00s Real=0.00s
[2018-12-28T15:33:44.809-0300][3.807s] GC(1) Concurrent Mark
[2018-12-28T15:33:44.809-0300][3.807s] GC(1) Using 4 workers of 4 for marking
[2018-12-28T15:33:44.809-0300][3.808s] GC(1) Concurrent Mark 0.440ms
[2018-12-28T15:33:44.809-0300][3.808s] GC(1) User=0.00s Sys=0.00s Real=0.00s
[2018-12-28T15:33:44.810-0300][3.808s] GC(1) Concurrent Preclean
[2018-12-28T15:33:44.812-0300][3.811s] GC(1) Concurrent Preclean 2.525ms
[2018-12-28T15:33:44.812-0300][3.811s] GC(1) User=0.00s Sys=0.00s Real=0.01s
[2018-12-28T15:33:44.813-0300][3.812s] GC(1) Concurrent Abortable Preclean
[2018-12-28T15:33:45.845-0300][4.843s] GC(1) Concurrent Abortable Preclean 1031.726ms
[2018-12-28T15:33:45.845-0300][4.843s] GC(1) User=3.42s Sys=0.24s Real=1.03s
[2018-12-28T15:33:45.845-0300][4.844s] GC(1) Pause Remark
[2018-12-28T15:33:45.845-0300][4.844s] GC(2) Pause Young (CMS Final Remark)
[2018-12-28T15:33:45.845-0300][4.844s] GC(2) Using 4 workers of 4 for evacuation
[2018-12-28T15:33:45.880-0300][4.878s] GC(2) ParNew: 55961K->15550K(109248K)
[2018-12-28T15:33:45.880-0300][4.878s] GC(2) CMS: 0K->0K(393216K)
[2018-12-28T15:33:45.880-0300][4.878s] GC(2) Metaspace: 29148K->29148K(1077248K)
[2018-12-28T15:33:45.880-0300][4.878s] GC(2) Pause Young (CMS Final Remark) 54M->15M(490M) 34.736ms
[2018-12-28T15:33:45.880-0300][4.878s] GC(2) User=0.06s Sys=0.08s Real=0.03s
[2018-12-28T15:33:45.894-0300][4.893s] GC(1) Pause Remark 54M->15M(490M) 49.153ms
[2018-12-28T15:33:45.894-0300][4.893s] GC(1) User=0.06s Sys=0.08s Real=0.05s
[2018-12-28T15:33:45.894-0300][4.893s] GC(1) Concurrent Sweep
[2018-12-28T15:33:45.895-0300][4.893s] GC(1) Concurrent Sweep 0.184ms
[2018-12-28T15:33:45.895-0300][4.893s] GC(1) User=0.00s Sys=0.00s Real=0.00s
[2018-12-28T15:33:45.895-0300][4.893s] GC(1) Concurrent Reset
[2018-12-28T15:33:45.912-0300][4.910s] GC(1) Concurrent Reset 17.055ms
[2018-12-28T15:33:45.912-0300][4.911s] GC(1) User=0.03s Sys=0.01s Real=0.02s
[2018-12-28T15:33:45.912-0300][4.911s] GC(1) Old: 0K->0K(393216K)
[2018-12-28T15:33:47.253-0300][6.252s] GC(3) Pause Young (Allocation Failure)
[2018-12-28T15:33:47.253-0300][6.252s] GC(3) Using 4 workers of 4 for evacuation
[2018-12-28T15:33:47.289-0300][6.288s] GC(3) ParNew: 102974K->21824K(109248K)
[2018-12-28T15:33:47.289-0300][6.288s] GC(3) CMS: 0K->0K(393216K)
[2018-12-28T15:33:47.289-0300][6.288s] GC(3) Metaspace: 35005K->35005K(1081344K)
[2018-12-28T15:33:47.289-0300][6.288s] GC(3) Pause Young (Allocation Failure) 100M->21M(490M) 36.413ms
[2018-12-28T15:33:47.289-0300][6.288s] GC(3) User=0.20s Sys=0.03s Real=0.03s
[2018-12-28T15:33:47.722-0300][6.721s] GC(4) Pause Young (Allocation Failure)
[2018-12-28T15:33:47.722-0300][6.721s] GC(4) Using 4 workers of 4 for evacuation
[2018-12-28T15:33:47.753-0300][6.752s] GC(4) ParNew: 109248K->21824K(109248K)
[2018-12-28T15:33:47.754-0300][6.752s] GC(4) CMS: 0K->873K(393216K)
[2018-12-28T15:33:47.754-0300][6.752s] GC(4) Metaspace: 36742K->36742K(1083392K)
[2018-12-28T15:33:47.754-0300][6.752s] GC(4) Pause Young (Allocation Failure) 106M->22M(490M) 31.675ms
[2018-12-28T15:33:47.754-0300][6.752s] GC(4) User=0.07s Sys=0.08s Real=0.03s
[2018-12-28T15:33:48.200-0300][7.198s] GC(5) Pause Young (Allocation Failure)
[2018-12-28T15:33:48.200-0300][7.199s] GC(5) Using 4 workers of 4 for evacuation
[2018-12-28T15:33:48.219-0300][7.217s] GC(5) ParNew: 109248K->21824K(109248K)
[2018-12-28T15:33:48.219-0300][7.217s] GC(5) CMS: 873K->873K(393216K)
[2018-12-28T15:33:48.219-0300][7.217s] GC(5) Metaspace: 38309K->38309K(1085440K)
[2018-12-28T15:33:48.219-0300][7.217s] GC(5) Pause Young (Allocation Failure) 107M->22M(490M) 19.067ms
[2018-12-28T15:33:48.219-0300][7.218s] GC(5) User=0.10s Sys=0.00s Real=0.02s
[2018-12-28T15:33:49.526-0300][8.524s] GC(6) Pause Young (Allocation Failure)
[2018-12-28T15:33:49.526-0300][8.524s] GC(6) Using 4 workers of 4 for evacuation
[2018-12-28T15:33:49.597-0300][8.596s] GC(6) ParNew: 109248K->21824K(109248K)
[2018-12-28T15:33:49.597-0300][8.596s] GC(6) CMS: 873K->11227K(393216K)
[2018-12-28T15:33:49.597-0300][8.596s] GC(6) Metaspace: 43689K->43689K(1089536K)
[2018-12-28T15:33:49.597-0300][8.596s] GC(6) Pause Young (Allocation Failure) 107M->32M(490M) 71.313ms
[2018-12-28T15:33:49.597-0300][8.596s] GC(6) User=0.11s Sys=0.10s Real=0.07s
[2018-12-28T15:41:04.057-0300][443.056s] Heap
[2018-12-28T15:41:04.057-0300][443.056s]  par new generation   total 109248K, used 49877K [0x00000000e0000000, 0x00000000e8000000, 0x00000000e8000000)
[2018-12-28T15:41:04.058-0300][443.056s]   eden space 87424K,  32% used [0x00000000e0000000, 0x00000000e1b655b8, 0x00000000e5560000)
[2018-12-28T15:41:04.058-0300][443.056s]   from space 21824K, 100% used [0x00000000e5560000, 0x00000000e6ab0000, 0x00000000e6ab0000)
[2018-12-28T15:41:04.058-0300][443.056s]   to   space 21824K,   0% used [0x00000000e6ab0000, 0x00000000e6ab0000, 0x00000000e8000000)
[2018-12-28T15:41:04.058-0300][443.056s]  concurrent mark-sweep generation total 393216K, used 11227K [0x00000000e8000000, 0x0000000100000000, 0x0000000100000000)
[2018-12-28T15:41:04.058-0300][443.056s]  Metaspace       used 46100K, capacity 46968K, committed 47572K, reserved 1091584K
[2018-12-28T15:41:04.058-0300][443.056s]   class space    used 5028K, capacity 5408K, committed 5448K, reserved 1048576K
