[2018-12-29T10:38:15.082-0300][0.048s] Using Concurrent Mark Sweep
[2018-12-29T10:38:15.083-0300][0.048s] Heap address: 0x00000000e0000000, size: 512 MB, Compressed Oops mode: 32-bit
[2018-12-29T10:38:18.851-0300][3.817s] GC(0) Pause Young (Allocation Failure)
[2018-12-29T10:38:18.851-0300][3.817s] GC(0) Using 4 workers of 4 for evacuation
[2018-12-29T10:38:18.899-0300][3.864s] GC(0) ParNew: 87424K->10614K(109248K)
[2018-12-29T10:38:18.899-0300][3.864s] GC(0) CMS: 0K->0K(393216K)
[2018-12-29T10:38:18.899-0300][3.864s] GC(0) Metaspace: 24096K->24096K(1071104K)
[2018-12-29T10:38:18.899-0300][3.864s] GC(0) Pause Young (Allocation Failure) 85M->10M(490M) 47.783ms
[2018-12-29T10:38:18.899-0300][3.864s] GC(0) User=0.01s Sys=0.13s Real=0.05s
[2018-12-29T10:38:18.900-0300][3.866s] GC(1) Pause Initial Mark
[2018-12-29T10:38:18.903-0300][3.869s] GC(1) Pause Initial Mark 11M->11M(490M) 3.131ms
[2018-12-29T10:38:18.903-0300][3.869s] GC(1) User=0.00s Sys=0.00s Real=0.00s
[2018-12-29T10:38:18.904-0300][3.869s] GC(1) Concurrent Mark
[2018-12-29T10:38:18.904-0300][3.869s] GC(1) Using 4 workers of 4 for marking
[2018-12-29T10:38:18.904-0300][3.870s] GC(1) Concurrent Mark 0.660ms
[2018-12-29T10:38:18.904-0300][3.870s] GC(1) User=0.00s Sys=0.00s Real=0.00s
[2018-12-29T10:38:18.905-0300][3.870s] GC(1) Concurrent Preclean
[2018-12-29T10:38:18.907-0300][3.873s] GC(1) Concurrent Preclean 2.551ms
[2018-12-29T10:38:18.907-0300][3.873s] GC(1) User=0.00s Sys=0.00s Real=0.01s
[2018-12-29T10:38:18.908-0300][3.873s] GC(1) Pause Remark
[2018-12-29T10:38:18.908-0300][3.874s] GC(2) Pause Young (CMS Final Remark)
[2018-12-29T10:38:18.908-0300][3.874s] GC(2) Using 4 workers of 4 for evacuation
[2018-12-29T10:38:18.939-0300][3.905s] GC(2) ParNew: 12240K->13041K(109248K)
[2018-12-29T10:38:18.939-0300][3.905s] GC(2) CMS: 0K->0K(393216K)
[2018-12-29T10:38:18.939-0300][3.905s] GC(2) Metaspace: 24104K->24104K(1071104K)
[2018-12-29T10:38:18.940-0300][3.905s] GC(2) Pause Young (CMS Final Remark) 11M->12M(490M) 31.519ms
[2018-12-29T10:38:18.940-0300][3.905s] GC(2) User=0.05s Sys=0.09s Real=0.03s
[2018-12-29T10:38:18.953-0300][3.918s] GC(1) Pause Remark 11M->12M(490M) 45.002ms
[2018-12-29T10:38:18.953-0300][3.919s] GC(1) User=0.11s Sys=0.09s Real=0.04s
[2018-12-29T10:38:18.953-0300][3.919s] GC(1) Concurrent Sweep
[2018-12-29T10:38:18.954-0300][3.919s] GC(1) Concurrent Sweep 0.423ms
[2018-12-29T10:38:18.954-0300][3.919s] GC(1) User=0.00s Sys=0.00s Real=0.00s
[2018-12-29T10:38:18.954-0300][3.919s] GC(1) Concurrent Reset
[2018-12-29T10:38:18.972-0300][3.937s] GC(1) Concurrent Reset 18.040ms
[2018-12-29T10:38:18.972-0300][3.938s] GC(1) User=0.10s Sys=0.05s Real=0.02s
[2018-12-29T10:38:18.972-0300][3.938s] GC(1) Old: 0K->0K(393216K)
[2018-12-29T10:38:20.908-0300][5.873s] GC(3) Pause Young (Allocation Failure)
[2018-12-29T10:38:20.908-0300][5.873s] GC(3) Using 4 workers of 4 for evacuation
[2018-12-29T10:38:20.927-0300][5.892s] GC(3) ParNew: 100465K->20056K(109248K)
[2018-12-29T10:38:20.927-0300][5.893s] GC(3) CMS: 0K->0K(393216K)
[2018-12-29T10:38:20.927-0300][5.893s] GC(3) Metaspace: 33177K->33177K(1079296K)
[2018-12-29T10:38:20.927-0300][5.893s] GC(3) Pause Young (Allocation Failure) 98M->19M(490M) 19.548ms
[2018-12-29T10:38:20.927-0300][5.893s] GC(3) User=0.07s Sys=0.01s Real=0.02s
[2018-12-29T10:38:21.768-0300][6.734s] GC(4) Pause Young (Allocation Failure)
[2018-12-29T10:38:21.768-0300][6.734s] GC(4) Using 4 workers of 4 for evacuation
[2018-12-29T10:38:21.801-0300][6.766s] GC(4) ParNew: 107480K->21824K(109248K)
[2018-12-29T10:38:21.801-0300][6.766s] GC(4) CMS: 0K->290K(393216K)
[2018-12-29T10:38:21.801-0300][6.766s] GC(4) Metaspace: 36493K->36493K(1083392K)
[2018-12-29T10:38:21.801-0300][6.766s] GC(4) Pause Young (Allocation Failure) 104M->21M(490M) 32.621ms
[2018-12-29T10:38:21.801-0300][6.766s] GC(4) User=0.13s Sys=0.03s Real=0.03s
[2018-12-29T10:38:22.127-0300][7.093s] GC(5) Pause Young (Allocation Failure)
[2018-12-29T10:38:22.127-0300][7.093s] GC(5) Using 4 workers of 4 for evacuation
[2018-12-29T10:38:22.152-0300][7.117s] GC(5) ParNew: 109248K->21824K(109248K)
[2018-12-29T10:38:22.152-0300][7.117s] GC(5) CMS: 290K->1023K(393216K)
[2018-12-29T10:38:22.152-0300][7.117s] GC(5) Metaspace: 36971K->36971K(1083392K)
[2018-12-29T10:38:22.152-0300][7.117s] GC(5) Pause Young (Allocation Failure) 106M->22M(490M) 24.716ms
[2018-12-29T10:38:22.152-0300][7.118s] GC(5) User=0.11s Sys=0.02s Real=0.02s
[2018-12-29T10:38:23.328-0300][8.293s] GC(6) Pause Young (Allocation Failure)
[2018-12-29T10:38:23.328-0300][8.293s] GC(6) Using 4 workers of 4 for evacuation
[2018-12-29T10:38:23.344-0300][8.309s] GC(6) ParNew: 109248K->21824K(109248K)
[2018-12-29T10:38:23.344-0300][8.310s] GC(6) CMS: 1023K->1960K(393216K)
[2018-12-29T10:38:23.344-0300][8.310s] GC(6) Metaspace: 41265K->41265K(1087488K)
[2018-12-29T10:38:23.344-0300][8.310s] GC(6) Pause Young (Allocation Failure) 107M->23M(490M) 16.549ms
[2018-12-29T10:38:23.344-0300][8.310s] GC(6) User=0.05s Sys=0.04s Real=0.01s
[2018-12-29T10:38:23.345-0300][8.310s] GC(7) Pause Initial Mark
[2018-12-29T10:38:23.349-0300][8.315s] GC(7) Pause Initial Mark 24M->24M(490M) 4.851ms
[2018-12-29T10:38:23.350-0300][8.315s] GC(7) User=0.06s Sys=0.00s Real=0.01s
[2018-12-29T10:38:23.350-0300][8.315s] GC(7) Concurrent Mark
[2018-12-29T10:38:23.350-0300][8.315s] GC(7) Using 4 workers of 4 for marking
[2018-12-29T10:38:23.377-0300][8.343s] GC(7) Concurrent Mark 27.335ms
[2018-12-29T10:38:23.377-0300][8.343s] GC(7) User=0.10s Sys=0.00s Real=0.03s
[2018-12-29T10:38:23.377-0300][8.343s] GC(7) Concurrent Preclean
[2018-12-29T10:38:23.379-0300][8.344s] GC(7) Concurrent Preclean 1.601ms
[2018-12-29T10:38:23.379-0300][8.344s] GC(7) User=0.08s Sys=0.00s Real=0.00s
[2018-12-29T10:38:23.379-0300][8.344s] GC(7) Concurrent Abortable Preclean
[2018-12-29T10:38:29.490-0300][14.456s] GC(7) Concurrent Abortable Preclean 6111.187ms
[2018-12-29T10:38:29.490-0300][14.456s] GC(7) User=6.85s Sys=0.20s Real=6.11s
[2018-12-29T10:38:29.490-0300][14.456s] GC(7) Pause Remark
[2018-12-29T10:38:29.491-0300][14.456s] GC(8) Pause Young (CMS Final Remark)
[2018-12-29T10:38:29.491-0300][14.456s] GC(8) Using 4 workers of 4 for evacuation
[2018-12-29T10:38:29.517-0300][14.483s] GC(8) ParNew: 64325K->21824K(109248K)
[2018-12-29T10:38:29.518-0300][14.483s] GC(8) CMS: 1960K->3737K(393216K)
[2018-12-29T10:38:29.518-0300][14.483s] GC(8) Metaspace: 43736K->43736K(1089536K)
[2018-12-29T10:38:29.518-0300][14.483s] GC(8) Pause Young (CMS Final Remark) 64M->24M(490M) 27.059ms
[2018-12-29T10:38:29.518-0300][14.483s] GC(8) User=0.07s Sys=0.00s Real=0.03s
[2018-12-29T10:38:29.549-0300][14.515s] GC(7) Pause Remark 64M->24M(490M) 58.859ms
[2018-12-29T10:38:29.550-0300][14.515s] GC(7) User=0.15s Sys=0.00s Real=0.06s
[2018-12-29T10:38:29.550-0300][14.515s] GC(7) Concurrent Sweep
[2018-12-29T10:38:29.555-0300][14.520s] GC(7) Concurrent Sweep 5.151ms
[2018-12-29T10:38:29.555-0300][14.520s] GC(7) User=0.03s Sys=0.00s Real=0.00s
[2018-12-29T10:38:29.555-0300][14.521s] GC(7) Concurrent Reset
[2018-12-29T10:38:29.556-0300][14.521s] GC(7) Concurrent Reset 0.773ms
[2018-12-29T10:38:29.556-0300][14.521s] GC(7) User=0.00s Sys=0.00s Real=0.00s
[2018-12-29T10:38:29.556-0300][14.522s] GC(7) Old: 1960K->3733K(393216K)
