Java HotSpot(TM) 64-Bit Server VM (25.131-b11) for linux-amd64 JRE (1.8.0_131-b11), built on Mar 15 2017 01:23:40 by "java_re" with gcc 4.3.0 20080428 (Red Hat 4.3.0-8)
Memory: 4k page, physical 7855624k(138852k free), swap 2000892k(1831312k free)
CommandLine flags: -XX:CMSInitiatingOccupancyFraction=50 -XX:CMSMaxAbortablePrecleanTime=6000 -XX:+CMSParallelRemarkEnabled -XX:+CMSScavengeBeforeRemark -XX:ConcGCThreads=4 -XX:GCLogFileSize=20971520 -XX:InitialHeapSize=536870912 -XX:MaxHeapSize=536870912 -XX:MaxTenuringThreshold=8 -XX:NewRatio=3 -XX:NumberOfGCLogFiles=9 -XX:OldPLABSize=16 -XX:-OmitStackTraceInFastThrow -XX:OnOutOfMemoryError=/home/adson/marcelo/aepc/backend/solr-7.4.0/solr-7.4.0/bin/oom_solr.sh 7575 /home/adson/marcelo/aepc/backend/solr-7.4.0/solr-7.4.0/example/cloud/node2/solr/../logs -XX:ParallelGCThreads=4 -XX:+ParallelRefProcEnabled -XX:PretenureSizeThreshold=67108864 -XX:+PrintGC -XX:+PrintGCApplicationStoppedTime -XX:+PrintGCDateStamps -XX:+PrintGCDetails -XX:+PrintGCTimeStamps -XX:+PrintHeapAtGC -XX:+PrintTenuringDistribution -XX:SurvivorRatio=4 -XX:TargetSurvivorRatio=90 -XX:ThreadStackSize=256 -XX:+UseCMSInitiatingOccupancyOnly -XX:+UseCompressedClassPointers -XX:+UseCompressedOops -XX:+UseConcMarkSweepGC -XX:+UseGCLogFileRotation -XX:+UseParNewGC 
2018-08-27T17:23:54.058-0300: 0,379: Total time for which application threads were stopped: 0,0001636 seconds, Stopping threads took: 0,0000228 seconds
2018-08-27T17:23:54.195-0300: 0,516: Total time for which application threads were stopped: 0,0002119 seconds, Stopping threads took: 0,0000277 seconds
2018-08-27T17:23:54.383-0300: 0,704: Total time for which application threads were stopped: 0,0001795 seconds, Stopping threads took: 0,0000260 seconds
2018-08-27T17:23:54.644-0300: 0,965: Total time for which application threads were stopped: 0,0002325 seconds, Stopping threads took: 0,0000166 seconds
2018-08-27T17:23:54.808-0300: 1,129: Total time for which application threads were stopped: 0,0001806 seconds, Stopping threads took: 0,0000148 seconds
2018-08-27T17:23:54.871-0300: 1,192: Total time for which application threads were stopped: 0,0002251 seconds, Stopping threads took: 0,0000164 seconds
2018-08-27T17:23:54.890-0300: 1,211: Total time for which application threads were stopped: 0,0003497 seconds, Stopping threads took: 0,0000298 seconds
2018-08-27T17:23:55.086-0300: 1,407: Total time for which application threads were stopped: 0,0003747 seconds, Stopping threads took: 0,0000140 seconds
{Heap before GC invocations=0 (full 0):
 par new generation   total 109248K, used 87424K [0x00000000e0000000, 0x00000000e8000000, 0x00000000e8000000)
  eden space 87424K, 100% used [0x00000000e0000000, 0x00000000e5560000, 0x00000000e5560000)
  from space 21824K,   0% used [0x00000000e5560000, 0x00000000e5560000, 0x00000000e6ab0000)
  to   space 21824K,   0% used [0x00000000e6ab0000, 0x00000000e6ab0000, 0x00000000e8000000)
 concurrent mark-sweep generation total 393216K, used 0K [0x00000000e8000000, 0x0000000100000000, 0x0000000100000000)
 Metaspace       used 18305K, capacity 18692K, committed 19072K, reserved 1067008K
  class space    used 2234K, capacity 2353K, committed 2432K, reserved 1048576K
2018-08-27T17:23:55.175-0300: 1,496: [GC (Allocation Failure) 2018-08-27T17:23:55.175-0300: 1,496: [ParNew
Desired survivor size 20112992 bytes, new threshold 8 (max 8)
- age   1:   11803864 bytes,   11803864 total
: 87424K->11642K(109248K), 0,0114641 secs] 87424K->11642K(502464K), 0,0115642 secs] [Times: user=0,04 sys=0,01, real=0,01 secs] 
Heap after GC invocations=1 (full 0):
 par new generation   total 109248K, used 11642K [0x00000000e0000000, 0x00000000e8000000, 0x00000000e8000000)
  eden space 87424K,   0% used [0x00000000e0000000, 0x00000000e0000000, 0x00000000e5560000)
  from space 21824K,  53% used [0x00000000e6ab0000, 0x00000000e760e8f0, 0x00000000e8000000)
  to   space 21824K,   0% used [0x00000000e5560000, 0x00000000e5560000, 0x00000000e6ab0000)
 concurrent mark-sweep generation total 393216K, used 0K [0x00000000e8000000, 0x0000000100000000, 0x0000000100000000)
 Metaspace       used 18305K, capacity 18692K, committed 19072K, reserved 1067008K
  class space    used 2234K, capacity 2353K, committed 2432K, reserved 1048576K
}
2018-08-27T17:23:55.186-0300: 1,508: Total time for which application threads were stopped: 0,0117395 seconds, Stopping threads took: 0,0000201 seconds
2018-08-27T17:23:55.589-0300: 1,910: Total time for which application threads were stopped: 0,0001329 seconds, Stopping threads took: 0,0000269 seconds
2018-08-27T17:23:55.629-0300: 1,950: Total time for which application threads were stopped: 0,0001459 seconds, Stopping threads took: 0,0000281 seconds
2018-08-27T17:23:55.655-0300: 1,976: Total time for which application threads were stopped: 0,0001096 seconds, Stopping threads took: 0,0000269 seconds
2018-08-27T17:23:55.698-0300: 2,019: Total time for which application threads were stopped: 0,0001065 seconds, Stopping threads took: 0,0000197 seconds
2018-08-27T17:23:56.698-0300: 3,019: Total time for which application threads were stopped: 0,0000921 seconds, Stopping threads took: 0,0000359 seconds
2018-08-27T17:23:56.826-0300: 3,147: Total time for which application threads were stopped: 0,0002465 seconds, Stopping threads took: 0,0000176 seconds
2018-08-27T17:23:56.833-0300: 3,154: Total time for which application threads were stopped: 0,0002088 seconds, Stopping threads took: 0,0000162 seconds
2018-08-27T17:23:56.833-0300: 3,154: Total time for which application threads were stopped: 0,0000894 seconds, Stopping threads took: 0,0000094 seconds
2018-08-27T17:23:56.833-0300: 3,154: Total time for which application threads were stopped: 0,0000500 seconds, Stopping threads took: 0,0000092 seconds
2018-08-27T17:23:56.878-0300: 3,199: Total time for which application threads were stopped: 0,0000830 seconds, Stopping threads took: 0,0000193 seconds
2018-08-27T17:23:56.886-0300: 3,207: Total time for which application threads were stopped: 0,0002411 seconds, Stopping threads took: 0,0000156 seconds
2018-08-27T17:23:56.887-0300: 3,208: Total time for which application threads were stopped: 0,0000432 seconds, Stopping threads took: 0,0000093 seconds
2018-08-27T17:23:56.892-0300: 3,213: Total time for which application threads were stopped: 0,0002849 seconds, Stopping threads took: 0,0000144 seconds
2018-08-27T17:23:56.897-0300: 3,218: Total time for which application threads were stopped: 0,0000887 seconds, Stopping threads took: 0,0000254 seconds
2018-08-27T17:23:56.986-0300: 3,307: Total time for which application threads were stopped: 0,0000887 seconds, Stopping threads took: 0,0000177 seconds
2018-08-27T17:23:57.007-0300: 3,328: Total time for which application threads were stopped: 0,0002451 seconds, Stopping threads took: 0,0000148 seconds
2018-08-27T17:23:57.020-0300: 3,341: Total time for which application threads were stopped: 0,0000751 seconds, Stopping threads took: 0,0000163 seconds
2018-08-27T17:23:57.067-0300: 3,388: Total time for which application threads were stopped: 0,0001047 seconds, Stopping threads took: 0,0000217 seconds
2018-08-27T17:23:57.123-0300: 3,444: Total time for which application threads were stopped: 0,0000983 seconds, Stopping threads took: 0,0000205 seconds
2018-08-27T17:23:57.152-0300: 3,473: Total time for which application threads were stopped: 0,0000693 seconds, Stopping threads took: 0,0000119 seconds
2018-08-27T17:23:57.186-0300: 3,507: [GC (CMS Initial Mark) [1 CMS-initial-mark: 0K(393216K)] 90762K(502464K), 0,0089430 secs] [Times: user=0,04 sys=0,00, real=0,01 secs] 
2018-08-27T17:23:57.195-0300: 3,516: Total time for which application threads were stopped: 0,0090720 seconds, Stopping threads took: 0,0000137 seconds
2018-08-27T17:23:57.195-0300: 3,516: [CMS-concurrent-mark-start]
2018-08-27T17:23:57.195-0300: 3,516: [CMS-concurrent-mark: 0,000/0,000 secs] [Times: user=0,00 sys=0,00, real=0,00 secs] 
2018-08-27T17:23:57.195-0300: 3,516: [CMS-concurrent-preclean-start]
2018-08-27T17:23:57.196-0300: 3,517: [CMS-concurrent-preclean: 0,001/0,001 secs] [Times: user=0,00 sys=0,00, real=0,00 secs] 
2018-08-27T17:23:57.196-0300: 3,517: [CMS-concurrent-abortable-preclean-start]
2018-08-27T17:23:57.697-0300: 4,018: Total time for which application threads were stopped: 0,0000761 seconds, Stopping threads took: 0,0000132 seconds
2018-08-27T17:23:57.751-0300: 4,072: Total time for which application threads were stopped: 0,0002756 seconds, Stopping threads took: 0,0000773 seconds
2018-08-27T17:23:58.095-0300: 4,417: Total time for which application threads were stopped: 0,0001197 seconds, Stopping threads took: 0,0000339 seconds
2018-08-27T17:23:58.193-0300: 4,514: Total time for which application threads were stopped: 0,0001489 seconds, Stopping threads took: 0,0000198 seconds
{Heap before GC invocations=1 (full 1):
 par new generation   total 109248K, used 99066K [0x00000000e0000000, 0x00000000e8000000, 0x00000000e8000000)
  eden space 87424K, 100% used [0x00000000e0000000, 0x00000000e5560000, 0x00000000e5560000)
  from space 21824K,  53% used [0x00000000e6ab0000, 0x00000000e760e8f0, 0x00000000e8000000)
  to   space 21824K,   0% used [0x00000000e5560000, 0x00000000e5560000, 0x00000000e6ab0000)
 concurrent mark-sweep generation total 393216K, used 0K [0x00000000e8000000, 0x0000000100000000, 0x0000000100000000)
 Metaspace       used 25314K, capacity 25877K, committed 26276K, reserved 1073152K
  class space    used 3062K, capacity 3235K, committed 3348K, reserved 1048576K
2018-08-27T17:23:58.302-0300: 4,623: [GC (Allocation Failure) 2018-08-27T17:23:58.302-0300: 4,623: [ParNew
Desired survivor size 20112992 bytes, new threshold 8 (max 8)
- age   1:    6164832 bytes,    6164832 total
- age   2:    5048160 bytes,   11212992 total
: 99066K->13939K(109248K), 0,0109010 secs] 99066K->13939K(502464K), 0,0109811 secs] [Times: user=0,03 sys=0,00, real=0,01 secs] 
Heap after GC invocations=2 (full 1):
 par new generation   total 109248K, used 13939K [0x00000000e0000000, 0x00000000e8000000, 0x00000000e8000000)
  eden space 87424K,   0% used [0x00000000e0000000, 0x00000000e0000000, 0x00000000e5560000)
  from space 21824K,  63% used [0x00000000e5560000, 0x00000000e62fcd40, 0x00000000e6ab0000)
  to   space 21824K,   0% used [0x00000000e6ab0000, 0x00000000e6ab0000, 0x00000000e8000000)
 concurrent mark-sweep generation total 393216K, used 0K [0x00000000e8000000, 0x0000000100000000, 0x0000000100000000)
 Metaspace       used 25314K, capacity 25877K, committed 26276K, reserved 1073152K
  class space    used 3062K, capacity 3235K, committed 3348K, reserved 1048576K
}
2018-08-27T17:23:58.313-0300: 4,634: Total time for which application threads were stopped: 0,0111136 seconds, Stopping threads took: 0,0000182 seconds
2018-08-27T17:23:58.325-0300: 4,646: Total time for which application threads were stopped: 0,0001294 seconds, Stopping threads took: 0,0000168 seconds
2018-08-27T17:23:58.355-0300: 4,676: Total time for which application threads were stopped: 0,0000748 seconds, Stopping threads took: 0,0000183 seconds
2018-08-27T17:23:58.497-0300: 4,818: Total time for which application threads were stopped: 0,0005544 seconds, Stopping threads took: 0,0004687 seconds
2018-08-27T17:23:58.498-0300: 4,819: Total time for which application threads were stopped: 0,0001571 seconds, Stopping threads took: 0,0001034 seconds
2018-08-27T17:23:58.499-0300: 4,820: Total time for which application threads were stopped: 0,0000586 seconds, Stopping threads took: 0,0000164 seconds
2018-08-27T17:23:58.532-0300: 4,853: Total time for which application threads were stopped: 0,0001210 seconds, Stopping threads took: 0,0000396 seconds
2018-08-27T17:23:58.561-0300: 4,882: Total time for which application threads were stopped: 0,0004132 seconds, Stopping threads took: 0,0000260 seconds
2018-08-27T17:23:58.629-0300: 4,950: Total time for which application threads were stopped: 0,0001167 seconds, Stopping threads took: 0,0000230 seconds
2018-08-27T17:23:58.683-0300: 5,004: Total time for which application threads were stopped: 0,0000944 seconds, Stopping threads took: 0,0000179 seconds
2018-08-27T17:23:58.686-0300: 5,007: Total time for which application threads were stopped: 0,0004290 seconds, Stopping threads took: 0,0000239 seconds
2018-08-27T17:23:58.760-0300: 5,081: Total time for which application threads were stopped: 0,0000866 seconds, Stopping threads took: 0,0000202 seconds
2018-08-27T17:23:58.804-0300: 5,125: Total time for which application threads were stopped: 0,0001280 seconds, Stopping threads took: 0,0000295 seconds
2018-08-27T17:23:58.804-0300: 5,125: Total time for which application threads were stopped: 0,0000845 seconds, Stopping threads took: 0,0000196 seconds
2018-08-27T17:23:58.804-0300: 5,125: Total time for which application threads were stopped: 0,0000524 seconds, Stopping threads took: 0,0000093 seconds
2018-08-27T17:23:58.804-0300: 5,125: Total time for which application threads were stopped: 0,0000500 seconds, Stopping threads took: 0,0000058 seconds
2018-08-27T17:23:58.872-0300: 5,193: Total time for which application threads were stopped: 0,0001123 seconds, Stopping threads took: 0,0000217 seconds
2018-08-27T17:23:58.894-0300: 5,215: Total time for which application threads were stopped: 0,0001151 seconds, Stopping threads took: 0,0000237 seconds
2018-08-27T17:23:58.912-0300: 5,233: Total time for which application threads were stopped: 0,0001022 seconds, Stopping threads took: 0,0000319 seconds
2018-08-27T17:23:58.912-0300: 5,233: Total time for which application threads were stopped: 0,0000514 seconds, Stopping threads took: 0,0000084 seconds
2018-08-27T17:23:58.913-0300: 5,234: Total time for which application threads were stopped: 0,0000456 seconds, Stopping threads took: 0,0000083 seconds
2018-08-27T17:23:58.913-0300: 5,234: Total time for which application threads were stopped: 0,0000444 seconds, Stopping threads took: 0,0000075 seconds
2018-08-27T17:23:59.154-0300: 5,475: Total time for which application threads were stopped: 0,0002112 seconds, Stopping threads took: 0,0001051 seconds
2018-08-27T17:23:59.154-0300: 5,475: Total time for which application threads were stopped: 0,0000923 seconds, Stopping threads took: 0,0000367 seconds
2018-08-27T17:23:59.155-0300: 5,476: Total time for which application threads were stopped: 0,0001018 seconds, Stopping threads took: 0,0000523 seconds
2018-08-27T17:23:59.155-0300: 5,476: Total time for which application threads were stopped: 0,0001135 seconds, Stopping threads took: 0,0000243 seconds
2018-08-27T17:23:59.156-0300: 5,477: Total time for which application threads were stopped: 0,0002181 seconds, Stopping threads took: 0,0001753 seconds
2018-08-27T17:23:59.156-0300: 5,477: Total time for which application threads were stopped: 0,0000949 seconds, Stopping threads took: 0,0000503 seconds
2018-08-27T17:23:59.156-0300: 5,477: Total time for which application threads were stopped: 0,0001004 seconds, Stopping threads took: 0,0000574 seconds
2018-08-27T17:23:59.157-0300: 5,478: Total time for which application threads were stopped: 0,0001051 seconds, Stopping threads took: 0,0000581 seconds
2018-08-27T17:23:59.157-0300: 5,478: Total time for which application threads were stopped: 0,0000789 seconds, Stopping threads took: 0,0000148 seconds
2018-08-27T17:23:59.198-0300: 5,519: Total time for which application threads were stopped: 0,0004583 seconds, Stopping threads took: 0,0003784 seconds
2018-08-27T17:23:59.199-0300: 5,520: Total time for which application threads were stopped: 0,0001808 seconds, Stopping threads took: 0,0001241 seconds
2018-08-27T17:23:59.200-0300: 5,521: Total time for which application threads were stopped: 0,0001654 seconds, Stopping threads took: 0,0000732 seconds
2018-08-27T17:23:59.222-0300: 5,543: Total time for which application threads were stopped: 0,0001389 seconds, Stopping threads took: 0,0000551 seconds
2018-08-27T17:23:59.226-0300: 5,547: Total time for which application threads were stopped: 0,0001894 seconds, Stopping threads took: 0,0001024 seconds
2018-08-27T17:23:59.228-0300: 5,549: Total time for which application threads were stopped: 0,0001407 seconds, Stopping threads took: 0,0000497 seconds
2018-08-27T17:23:59.246-0300: 5,567: Total time for which application threads were stopped: 0,0001793 seconds, Stopping threads took: 0,0000363 seconds
2018-08-27T17:23:59.278-0300: 5,599: Total time for which application threads were stopped: 0,0002079 seconds, Stopping threads took: 0,0000983 seconds
2018-08-27T17:23:59.278-0300: 5,599: [CMS-concurrent-abortable-preclean: 1,060/2,081 secs] [Times: user=2,26 sys=0,02, real=2,08 secs] 
2018-08-27T17:23:59.278-0300: 5,599: [GC (CMS Final Remark) [YG occupancy: 63295 K (109248 K)]{Heap before GC invocations=2 (full 1):
 par new generation   total 109248K, used 63295K [0x00000000e0000000, 0x00000000e8000000, 0x00000000e8000000)
  eden space 87424K,  56% used [0x00000000e0000000, 0x00000000e3032fb8, 0x00000000e5560000)
  from space 21824K,  63% used [0x00000000e5560000, 0x00000000e62fcd40, 0x00000000e6ab0000)
  to   space 21824K,   0% used [0x00000000e6ab0000, 0x00000000e6ab0000, 0x00000000e8000000)
 concurrent mark-sweep generation total 393216K, used 0K [0x00000000e8000000, 0x0000000100000000, 0x0000000100000000)
 Metaspace       used 28090K, capacity 28769K, committed 28856K, reserved 1075200K
  class space    used 3412K, capacity 3621K, committed 3628K, reserved 1048576K
2018-08-27T17:23:59.278-0300: 5,599: [GC (CMS Final Remark) 2018-08-27T17:23:59.278-0300: 5,599: [ParNew
Desired survivor size 20112992 bytes, new threshold 8 (max 8)
- age   1:    4742200 bytes,    4742200 total
- age   2:    2842976 bytes,    7585176 total
- age   3:    5023464 bytes,   12608640 total
: 63295K->17419K(109248K), 0,0084158 secs] 63295K->17419K(502464K), 0,0084694 secs] [Times: user=0,03 sys=0,00, real=0,01 secs] 
Heap after GC invocations=3 (full 1):
 par new generation   total 109248K, used 17419K [0x00000000e0000000, 0x00000000e8000000, 0x00000000e8000000)
  eden space 87424K,   0% used [0x00000000e0000000, 0x00000000e0000000, 0x00000000e5560000)
  from space 21824K,  79% used [0x00000000e6ab0000, 0x00000000e7bb2ce8, 0x00000000e8000000)
  to   space 21824K,   0% used [0x00000000e5560000, 0x00000000e5560000, 0x00000000e6ab0000)
 concurrent mark-sweep generation total 393216K, used 0K [0x00000000e8000000, 0x0000000100000000, 0x0000000100000000)
 Metaspace       used 28090K, capacity 28769K, committed 28856K, reserved 1075200K
  class space    used 3412K, capacity 3621K, committed 3628K, reserved 1048576K
}
2018-08-27T17:23:59.286-0300: 5,608: [Rescan (parallel) , 0,0030742 secs]2018-08-27T17:23:59.290-0300: 5,611: [weak refs processing, 0,0002928 secs]2018-08-27T17:23:59.290-0300: 5,611: [class unloading, 0,0030337 secs]2018-08-27T17:23:59.293-0300: 5,614: [scrub symbol table, 0,0023104 secs]2018-08-27T17:23:59.295-0300: 5,616: [scrub string table, 0,0003940 secs][1 CMS-remark: 0K(393216K)] 17419K(502464K), 0,0182435 secs] [Times: user=0,05 sys=0,00, real=0,02 secs] 
2018-08-27T17:23:59.296-0300: 5,617: Total time for which application threads were stopped: 0,0183430 seconds, Stopping threads took: 0,0000225 seconds
2018-08-27T17:23:59.296-0300: 5,617: [CMS-concurrent-sweep-start]
2018-08-27T17:23:59.296-0300: 5,617: [CMS-concurrent-sweep: 0,000/0,000 secs] [Times: user=0,00 sys=0,00, real=0,00 secs] 
2018-08-27T17:23:59.296-0300: 5,617: [CMS-concurrent-reset-start]
2018-08-27T17:23:59.298-0300: 5,619: Total time for which application threads were stopped: 0,0001795 seconds, Stopping threads took: 0,0000845 seconds
2018-08-27T17:23:59.298-0300: 5,619: [CMS-concurrent-reset: 0,002/0,002 secs] [Times: user=0,01 sys=0,01, real=0,00 secs] 
2018-08-27T17:23:59.299-0300: 5,620: Total time for which application threads were stopped: 0,0001273 seconds, Stopping threads took: 0,0000215 seconds
2018-08-27T17:23:59.301-0300: 5,622: Total time for which application threads were stopped: 0,0000956 seconds, Stopping threads took: 0,0000356 seconds
2018-08-27T17:23:59.304-0300: 5,626: Total time for which application threads were stopped: 0,0006945 seconds, Stopping threads took: 0,0006245 seconds
2018-08-27T17:23:59.309-0300: 5,630: Total time for which application threads were stopped: 0,0003333 seconds, Stopping threads took: 0,0000880 seconds
2018-08-27T17:23:59.314-0300: 5,635: Total time for which application threads were stopped: 0,0003914 seconds, Stopping threads took: 0,0000422 seconds
2018-08-27T17:23:59.315-0300: 5,636: Total time for which application threads were stopped: 0,0001032 seconds, Stopping threads took: 0,0000360 seconds
2018-08-27T17:23:59.315-0300: 5,636: Total time for which application threads were stopped: 0,0000812 seconds, Stopping threads took: 0,0000372 seconds
2018-08-27T17:23:59.316-0300: 5,637: Total time for which application threads were stopped: 0,0001565 seconds, Stopping threads took: 0,0000840 seconds
2018-08-27T17:23:59.317-0300: 5,638: Total time for which application threads were stopped: 0,0001481 seconds, Stopping threads took: 0,0000596 seconds
2018-08-27T17:23:59.318-0300: 5,639: Total time for which application threads were stopped: 0,0001030 seconds, Stopping threads took: 0,0000413 seconds
2018-08-27T17:23:59.318-0300: 5,639: Total time for which application threads were stopped: 0,0001186 seconds, Stopping threads took: 0,0000775 seconds
2018-08-27T17:23:59.318-0300: 5,639: Total time for which application threads were stopped: 0,0000581 seconds, Stopping threads took: 0,0000234 seconds
2018-08-27T17:23:59.333-0300: 5,654: Total time for which application threads were stopped: 0,0001376 seconds, Stopping threads took: 0,0000354 seconds
2018-08-27T17:23:59.333-0300: 5,654: Total time for which application threads were stopped: 0,0000952 seconds, Stopping threads took: 0,0000434 seconds
2018-08-27T17:23:59.334-0300: 5,655: Total time for which application threads were stopped: 0,0000723 seconds, Stopping threads took: 0,0000263 seconds
2018-08-27T17:23:59.334-0300: 5,655: Total time for which application threads were stopped: 0,0000721 seconds, Stopping threads took: 0,0000327 seconds
2018-08-27T17:23:59.334-0300: 5,655: Total time for which application threads were stopped: 0,0000562 seconds, Stopping threads took: 0,0000226 seconds
2018-08-27T17:23:59.334-0300: 5,655: Total time for which application threads were stopped: 0,0000605 seconds, Stopping threads took: 0,0000162 seconds
2018-08-27T17:23:59.334-0300: 5,655: Total time for which application threads were stopped: 0,0000577 seconds, Stopping threads took: 0,0000213 seconds
2018-08-27T17:23:59.334-0300: 5,655: Total time for which application threads were stopped: 0,0000743 seconds, Stopping threads took: 0,0000268 seconds
2018-08-27T17:23:59.334-0300: 5,655: Total time for which application threads were stopped: 0,0000652 seconds, Stopping threads took: 0,0000273 seconds
2018-08-27T17:23:59.334-0300: 5,655: Total time for which application threads were stopped: 0,0000661 seconds, Stopping threads took: 0,0000221 seconds
2018-08-27T17:23:59.334-0300: 5,655: Total time for which application threads were stopped: 0,0000599 seconds, Stopping threads took: 0,0000221 seconds
2018-08-27T17:23:59.334-0300: 5,655: Total time for which application threads were stopped: 0,0000526 seconds, Stopping threads took: 0,0000155 seconds
2018-08-27T17:23:59.334-0300: 5,656: Total time for which application threads were stopped: 0,0000511 seconds, Stopping threads took: 0,0000173 seconds
2018-08-27T17:23:59.335-0300: 5,656: Total time for which application threads were stopped: 0,0000519 seconds, Stopping threads took: 0,0000188 seconds
2018-08-27T17:23:59.335-0300: 5,656: Total time for which application threads were stopped: 0,0000572 seconds, Stopping threads took: 0,0000225 seconds
2018-08-27T17:23:59.335-0300: 5,656: Total time for which application threads were stopped: 0,0000530 seconds, Stopping threads took: 0,0000164 seconds
2018-08-27T17:23:59.335-0300: 5,656: Total time for which application threads were stopped: 0,0000713 seconds, Stopping threads took: 0,0000246 seconds
2018-08-27T17:23:59.335-0300: 5,656: Total time for which application threads were stopped: 0,0000672 seconds, Stopping threads took: 0,0000304 seconds
2018-08-27T17:23:59.335-0300: 5,656: Total time for which application threads were stopped: 0,0001517 seconds, Stopping threads took: 0,0000244 seconds
2018-08-27T17:23:59.335-0300: 5,656: Total time for which application threads were stopped: 0,0001215 seconds, Stopping threads took: 0,0000198 seconds
2018-08-27T17:23:59.335-0300: 5,656: Total time for which application threads were stopped: 0,0000591 seconds, Stopping threads took: 0,0000248 seconds
2018-08-27T17:23:59.336-0300: 5,657: Total time for which application threads were stopped: 0,0000619 seconds, Stopping threads took: 0,0000251 seconds
2018-08-27T17:23:59.336-0300: 5,657: Total time for which application threads were stopped: 0,0000673 seconds, Stopping threads took: 0,0000238 seconds
2018-08-27T17:23:59.336-0300: 5,657: Total time for which application threads were stopped: 0,0000649 seconds, Stopping threads took: 0,0000087 seconds
2018-08-27T17:23:59.336-0300: 5,657: Total time for which application threads were stopped: 0,0000764 seconds, Stopping threads took: 0,0000292 seconds
2018-08-27T17:23:59.359-0300: 5,680: Total time for which application threads were stopped: 0,0001697 seconds, Stopping threads took: 0,0000363 seconds
2018-08-27T17:23:59.373-0300: 5,694: Total time for which application threads were stopped: 0,0001534 seconds, Stopping threads took: 0,0000331 seconds
2018-08-27T17:23:59.373-0300: 5,694: Total time for which application threads were stopped: 0,0000614 seconds, Stopping threads took: 0,0000173 seconds
2018-08-27T17:23:59.373-0300: 5,694: Total time for which application threads were stopped: 0,0000724 seconds, Stopping threads took: 0,0000169 seconds
2018-08-27T17:23:59.373-0300: 5,694: Total time for which application threads were stopped: 0,0000564 seconds, Stopping threads took: 0,0000212 seconds
2018-08-27T17:23:59.374-0300: 5,695: Total time for which application threads were stopped: 0,0000655 seconds, Stopping threads took: 0,0000182 seconds
2018-08-27T17:23:59.374-0300: 5,695: Total time for which application threads were stopped: 0,0001071 seconds, Stopping threads took: 0,0000590 seconds
2018-08-27T17:23:59.374-0300: 5,695: Total time for which application threads were stopped: 0,0000674 seconds, Stopping threads took: 0,0000271 seconds
2018-08-27T17:23:59.374-0300: 5,695: Total time for which application threads were stopped: 0,0000768 seconds, Stopping threads took: 0,0000125 seconds
2018-08-27T17:23:59.374-0300: 5,696: Total time for which application threads were stopped: 0,0001635 seconds, Stopping threads took: 0,0001163 seconds
2018-08-27T17:23:59.375-0300: 5,696: Total time for which application threads were stopped: 0,0000634 seconds, Stopping threads took: 0,0000215 seconds
2018-08-27T17:23:59.375-0300: 5,696: Total time for which application threads were stopped: 0,0000561 seconds, Stopping threads took: 0,0000207 seconds
2018-08-27T17:23:59.401-0300: 5,722: Total time for which application threads were stopped: 0,0001797 seconds, Stopping threads took: 0,0000672 seconds
2018-08-27T17:23:59.404-0300: 5,725: Total time for which application threads were stopped: 0,0001009 seconds, Stopping threads took: 0,0000336 seconds
2018-08-27T17:23:59.404-0300: 5,725: Total time for which application threads were stopped: 0,0000852 seconds, Stopping threads took: 0,0000368 seconds
2018-08-27T17:23:59.404-0300: 5,726: Total time for which application threads were stopped: 0,0000755 seconds, Stopping threads took: 0,0000403 seconds
2018-08-27T17:23:59.405-0300: 5,726: Total time for which application threads were stopped: 0,0000612 seconds, Stopping threads took: 0,0000200 seconds
2018-08-27T17:23:59.408-0300: 5,729: Total time for which application threads were stopped: 0,0001975 seconds, Stopping threads took: 0,0000202 seconds
2018-08-27T17:23:59.409-0300: 5,730: Total time for which application threads were stopped: 0,0000646 seconds, Stopping threads took: 0,0000227 seconds
2018-08-27T17:23:59.410-0300: 5,731: Total time for which application threads were stopped: 0,0000845 seconds, Stopping threads took: 0,0000150 seconds
2018-08-27T17:23:59.410-0300: 5,731: Total time for which application threads were stopped: 0,0000833 seconds, Stopping threads took: 0,0000350 seconds
2018-08-27T17:23:59.432-0300: 5,753: Total time for which application threads were stopped: 0,0001361 seconds, Stopping threads took: 0,0000454 seconds
2018-08-27T17:23:59.437-0300: 5,758: Total time for which application threads were stopped: 0,0001168 seconds, Stopping threads took: 0,0000215 seconds
2018-08-27T17:23:59.438-0300: 5,759: Total time for which application threads were stopped: 0,0000725 seconds, Stopping threads took: 0,0000176 seconds
2018-08-27T17:23:59.441-0300: 5,762: Total time for which application threads were stopped: 0,0001539 seconds, Stopping threads took: 0,0000775 seconds
{Heap before GC invocations=3 (full 1):
 par new generation   total 109248K, used 104843K [0x00000000e0000000, 0x00000000e8000000, 0x00000000e8000000)
  eden space 87424K, 100% used [0x00000000e0000000, 0x00000000e5560000, 0x00000000e5560000)
  from space 21824K,  79% used [0x00000000e6ab0000, 0x00000000e7bb2ce8, 0x00000000e8000000)
  to   space 21824K,   0% used [0x00000000e5560000, 0x00000000e5560000, 0x00000000e6ab0000)
 concurrent mark-sweep generation total 393216K, used 0K [0x00000000e8000000, 0x0000000100000000, 0x0000000100000000)
 Metaspace       used 29814K, capacity 30651K, committed 30892K, reserved 1077248K
  class space    used 3654K, capacity 3886K, committed 4012K, reserved 1048576K
2018-08-27T17:23:59.524-0300: 5,845: [GC (Allocation Failure) 2018-08-27T17:23:59.524-0300: 5,845: [ParNew
Desired survivor size 20112992 bytes, new threshold 8 (max 8)
- age   1:    3709704 bytes,    3709704 total
- age   2:    2461968 bytes,    6171672 total
- age   3:    2818784 bytes,    8990456 total
- age   4:    4943288 bytes,   13933744 total
: 104843K->15988K(109248K), 0,0113167 secs] 104843K->15988K(502464K), 0,0114161 secs] [Times: user=0,07 sys=0,00, real=0,01 secs] 
Heap after GC invocations=4 (full 1):
 par new generation   total 109248K, used 15988K [0x00000000e0000000, 0x00000000e8000000, 0x00000000e8000000)
  eden space 87424K,   0% used [0x00000000e0000000, 0x00000000e0000000, 0x00000000e5560000)
  from space 21824K,  73% used [0x00000000e5560000, 0x00000000e64fd050, 0x00000000e6ab0000)
  to   space 21824K,   0% used [0x00000000e6ab0000, 0x00000000e6ab0000, 0x00000000e8000000)
 concurrent mark-sweep generation total 393216K, used 0K [0x00000000e8000000, 0x0000000100000000, 0x0000000100000000)
 Metaspace       used 29814K, capacity 30651K, committed 30892K, reserved 1077248K
  class space    used 3654K, capacity 3886K, committed 4012K, reserved 1048576K
}
2018-08-27T17:23:59.535-0300: 5,856: Total time for which application threads were stopped: 0,0116130 seconds, Stopping threads took: 0,0000260 seconds
2018-08-27T17:23:59.537-0300: 5,858: Total time for which application threads were stopped: 0,0011570 seconds, Stopping threads took: 0,0010373 seconds
2018-08-27T17:23:59.537-0300: 5,858: Total time for which application threads were stopped: 0,0000699 seconds, Stopping threads took: 0,0000133 seconds
2018-08-27T17:23:59.537-0300: 5,858: Total time for which application threads were stopped: 0,0000788 seconds, Stopping threads took: 0,0000092 seconds
2018-08-27T17:23:59.563-0300: 5,884: Total time for which application threads were stopped: 0,0003224 seconds, Stopping threads took: 0,0000224 seconds
2018-08-27T17:23:59.597-0300: 5,918: Total time for which application threads were stopped: 0,0009542 seconds, Stopping threads took: 0,0008471 seconds
2018-08-27T17:23:59.607-0300: 5,928: Total time for which application threads were stopped: 0,0076756 seconds, Stopping threads took: 0,0070963 seconds
{Heap before GC invocations=4 (full 1):
 par new generation   total 109248K, used 103412K [0x00000000e0000000, 0x00000000e8000000, 0x00000000e8000000)
  eden space 87424K, 100% used [0x00000000e0000000, 0x00000000e5560000, 0x00000000e5560000)
  from space 21824K,  73% used [0x00000000e5560000, 0x00000000e64fd050, 0x00000000e6ab0000)
  to   space 21824K,   0% used [0x00000000e6ab0000, 0x00000000e6ab0000, 0x00000000e8000000)
 concurrent mark-sweep generation total 393216K, used 0K [0x00000000e8000000, 0x0000000100000000, 0x0000000100000000)
 Metaspace       used 30819K, capacity 31633K, committed 32044K, reserved 1077248K
  class space    used 3767K, capacity 4025K, committed 4140K, reserved 1048576K
2018-08-27T17:23:59.846-0300: 6,167: [GC (Allocation Failure) 2018-08-27T17:23:59.847-0300: 6,168: [ParNew
Desired survivor size 20112992 bytes, new threshold 8 (max 8)
- age   1:    3418992 bytes,    3418992 total
- age   2:    1288928 bytes,    4707920 total
- age   3:    2461208 bytes,    7169128 total
- age   4:    2817864 bytes,    9986992 total
- age   5:    4942760 bytes,   14929752 total
: 103412K->21824K(109248K), 0,0124153 secs] 103412K->21824K(502464K), 0,0138342 secs] [Times: user=0,05 sys=0,00, real=0,01 secs] 
Heap after GC invocations=5 (full 1):
 par new generation   total 109248K, used 21824K [0x00000000e0000000, 0x00000000e8000000, 0x00000000e8000000)
  eden space 87424K,   0% used [0x00000000e0000000, 0x00000000e0000000, 0x00000000e5560000)
  from space 21824K, 100% used [0x00000000e6ab0000, 0x00000000e8000000, 0x00000000e8000000)
  to   space 21824K,   0% used [0x00000000e5560000, 0x00000000e5560000, 0x00000000e6ab0000)
 concurrent mark-sweep generation total 393216K, used 0K [0x00000000e8000000, 0x0000000100000000, 0x0000000100000000)
 Metaspace       used 30819K, capacity 31633K, committed 32044K, reserved 1077248K
  class space    used 3767K, capacity 4025K, committed 4140K, reserved 1048576K
}
2018-08-27T17:23:59.859-0300: 6,180: Total time for which application threads were stopped: 0,0144059 seconds, Stopping threads took: 0,0001575 seconds
2018-08-27T17:23:59.860-0300: 6,181: Total time for which application threads were stopped: 0,0001315 seconds, Stopping threads took: 0,0000460 seconds
2018-08-27T17:23:59.860-0300: 6,181: Total time for which application threads were stopped: 0,0002621 seconds, Stopping threads took: 0,0001875 seconds
2018-08-27T17:23:59.860-0300: 6,181: Total time for which application threads were stopped: 0,0000661 seconds, Stopping threads took: 0,0000103 seconds
2018-08-27T17:23:59.875-0300: 6,196: Total time for which application threads were stopped: 0,0002264 seconds, Stopping threads took: 0,0000880 seconds
2018-08-27T17:23:59.902-0300: 6,223: Total time for which application threads were stopped: 0,0001676 seconds, Stopping threads took: 0,0000376 seconds
{Heap before GC invocations=5 (full 1):
 par new generation   total 109248K, used 109248K [0x00000000e0000000, 0x00000000e8000000, 0x00000000e8000000)
  eden space 87424K, 100% used [0x00000000e0000000, 0x00000000e5560000, 0x00000000e5560000)
  from space 21824K, 100% used [0x00000000e6ab0000, 0x00000000e8000000, 0x00000000e8000000)
  to   space 21824K,   0% used [0x00000000e5560000, 0x00000000e5560000, 0x00000000e6ab0000)
 concurrent mark-sweep generation total 393216K, used 0K [0x00000000e8000000, 0x0000000100000000, 0x0000000100000000)
 Metaspace       used 31427K, capacity 32239K, committed 32556K, reserved 1077248K
  class space    used 3850K, capacity 4094K, committed 4140K, reserved 1048576K
2018-08-27T17:23:59.973-0300: 6,294: [GC (Allocation Failure) 2018-08-27T17:23:59.973-0300: 6,294: [ParNew
Desired survivor size 20112992 bytes, new threshold 8 (max 8)
- age   1:    1012344 bytes,    1012344 total
- age   2:    2336176 bytes,    3348520 total
- age   3:    1246128 bytes,    4594648 total
- age   4:    2460320 bytes,    7054968 total
- age   5:    2817640 bytes,    9872608 total
- age   6:    4942776 bytes,   14815384 total
: 109248K->16925K(109248K), 0,0114686 secs] 109248K->16925K(502464K), 0,0115748 secs] [Times: user=0,04 sys=0,00, real=0,02 secs] 
Heap after GC invocations=6 (full 1):
 par new generation   total 109248K, used 16925K [0x00000000e0000000, 0x00000000e8000000, 0x00000000e8000000)
  eden space 87424K,   0% used [0x00000000e0000000, 0x00000000e0000000, 0x00000000e5560000)
  from space 21824K,  77% used [0x00000000e5560000, 0x00000000e65e7580, 0x00000000e6ab0000)
  to   space 21824K,   0% used [0x00000000e6ab0000, 0x00000000e6ab0000, 0x00000000e8000000)
 concurrent mark-sweep generation total 393216K, used 0K [0x00000000e8000000, 0x0000000100000000, 0x0000000100000000)
 Metaspace       used 31427K, capacity 32239K, committed 32556K, reserved 1077248K
  class space    used 3850K, capacity 4094K, committed 4140K, reserved 1048576K
}
2018-08-27T17:23:59.985-0300: 6,306: Total time for which application threads were stopped: 0,0118895 seconds, Stopping threads took: 0,0001435 seconds
{Heap before GC invocations=6 (full 1):
 par new generation   total 109248K, used 104349K [0x00000000e0000000, 0x00000000e8000000, 0x00000000e8000000)
  eden space 87424K, 100% used [0x00000000e0000000, 0x00000000e5560000, 0x00000000e5560000)
  from space 21824K,  77% used [0x00000000e5560000, 0x00000000e65e7580, 0x00000000e6ab0000)
  to   space 21824K,   0% used [0x00000000e6ab0000, 0x00000000e6ab0000, 0x00000000e8000000)
 concurrent mark-sweep generation total 393216K, used 0K [0x00000000e8000000, 0x0000000100000000, 0x0000000100000000)
 Metaspace       used 31570K, capacity 32429K, committed 32556K, reserved 1077248K
  class space    used 3872K, capacity 4131K, committed 4140K, reserved 1048576K
2018-08-27T17:24:00.030-0300: 6,351: [GC (Allocation Failure) 2018-08-27T17:24:00.030-0300: 6,351: [ParNew
Desired survivor size 20112992 bytes, new threshold 8 (max 8)
- age   1:     846800 bytes,     846800 total
- age   2:     287528 bytes,    1134328 total
- age   3:    2328504 bytes,    3462832 total
- age   4:    1245808 bytes,    4708640 total
- age   5:    2459816 bytes,    7168456 total
- age   6:    2817576 bytes,    9986032 total
- age   7:    4881416 bytes,   14867448 total
: 104349K->21824K(109248K), 0,0118713 secs] 104349K->21905K(502464K), 0,0119563 secs] [Times: user=0,06 sys=0,00, real=0,02 secs] 
Heap after GC invocations=7 (full 1):
 par new generation   total 109248K, used 21824K [0x00000000e0000000, 0x00000000e8000000, 0x00000000e8000000)
  eden space 87424K,   0% used [0x00000000e0000000, 0x00000000e0000000, 0x00000000e5560000)
  from space 21824K, 100% used [0x00000000e6ab0000, 0x00000000e8000000, 0x00000000e8000000)
  to   space 21824K,   0% used [0x00000000e5560000, 0x00000000e5560000, 0x00000000e6ab0000)
 concurrent mark-sweep generation total 393216K, used 81K [0x00000000e8000000, 0x0000000100000000, 0x0000000100000000)
 Metaspace       used 31570K, capacity 32429K, committed 32556K, reserved 1077248K
  class space    used 3872K, capacity 4131K, committed 4140K, reserved 1048576K
}
2018-08-27T17:24:00.042-0300: 6,363: Total time for which application threads were stopped: 0,0121837 seconds, Stopping threads took: 0,0000586 seconds
{Heap before GC invocations=7 (full 1):
 par new generation   total 109248K, used 109248K [0x00000000e0000000, 0x00000000e8000000, 0x00000000e8000000)
  eden space 87424K, 100% used [0x00000000e0000000, 0x00000000e5560000, 0x00000000e5560000)
  from space 21824K, 100% used [0x00000000e6ab0000, 0x00000000e8000000, 0x00000000e8000000)
  to   space 21824K,   0% used [0x00000000e5560000, 0x00000000e5560000, 0x00000000e6ab0000)
 concurrent mark-sweep generation total 393216K, used 81K [0x00000000e8000000, 0x0000000100000000, 0x0000000100000000)
 Metaspace       used 31677K, capacity 32511K, committed 32556K, reserved 1077248K
  class space    used 3884K, capacity 4134K, committed 4140K, reserved 1048576K
2018-08-27T17:24:00.093-0300: 6,414: [GC (Allocation Failure) 2018-08-27T17:24:00.093-0300: 6,414: [ParNew
Desired survivor size 20112992 bytes, new threshold 8 (max 8)
- age   1:     873176 bytes,     873176 total
- age   2:     131200 bytes,    1004376 total
- age   3:     287424 bytes,    1291800 total
- age   4:    2328400 bytes,    3620200 total
- age   5:    1245616 bytes,    4865816 total
- age   6:    2459816 bytes,    7325632 total
- age   7:    2817576 bytes,   10143208 total
- age   8:    4880760 bytes,   15023968 total
: 109248K->17178K(109248K), 0,0211780 secs] 109329K->17259K(502464K), 0,0212576 secs] [Times: user=0,10 sys=0,00, real=0,02 secs] 
Heap after GC invocations=8 (full 1):
 par new generation   total 109248K, used 17178K [0x00000000e0000000, 0x00000000e8000000, 0x00000000e8000000)
  eden space 87424K,   0% used [0x00000000e0000000, 0x00000000e0000000, 0x00000000e5560000)
  from space 21824K,  78% used [0x00000000e5560000, 0x00000000e6626880, 0x00000000e6ab0000)
  to   space 21824K,   0% used [0x00000000e6ab0000, 0x00000000e6ab0000, 0x00000000e8000000)
 concurrent mark-sweep generation total 393216K, used 81K [0x00000000e8000000, 0x0000000100000000, 0x0000000100000000)
 Metaspace       used 31677K, capacity 32511K, committed 32556K, reserved 1077248K
  class space    used 3884K, capacity 4134K, committed 4140K, reserved 1048576K
}
2018-08-27T17:24:00.115-0300: 6,436: Total time for which application threads were stopped: 0,0214588 seconds, Stopping threads took: 0,0000339 seconds
2018-08-27T17:24:00.208-0300: 6,529: Total time for which application threads were stopped: 0,0002398 seconds, Stopping threads took: 0,0001270 seconds
2018-08-27T17:24:00.208-0300: 6,529: Total time for which application threads were stopped: 0,0000972 seconds, Stopping threads took: 0,0000497 seconds
{Heap before GC invocations=8 (full 1):
 par new generation   total 109248K, used 104602K [0x00000000e0000000, 0x00000000e8000000, 0x00000000e8000000)
  eden space 87424K, 100% used [0x00000000e0000000, 0x00000000e5560000, 0x00000000e5560000)
  from space 21824K,  78% used [0x00000000e5560000, 0x00000000e6626880, 0x00000000e6ab0000)
  to   space 21824K,   0% used [0x00000000e6ab0000, 0x00000000e6ab0000, 0x00000000e8000000)
 concurrent mark-sweep generation total 393216K, used 81K [0x00000000e8000000, 0x0000000100000000, 0x0000000100000000)
 Metaspace       used 31954K, capacity 32805K, committed 32940K, reserved 1077248K
  class space    used 3921K, capacity 4167K, committed 4268K, reserved 1048576K
2018-08-27T17:24:00.214-0300: 6,535: [GC (Allocation Failure) 2018-08-27T17:24:00.214-0300: 6,535: [ParNew
Desired survivor size 20112992 bytes, new threshold 8 (max 8)
- age   1:     535272 bytes,     535272 total
- age   2:     124752 bytes,     660024 total
- age   3:     130944 bytes,     790968 total
- age   4:     285368 bytes,    1076336 total
- age   5:    2328304 bytes,    3404640 total
- age   6:    1244880 bytes,    4649520 total
- age   7:    2456872 bytes,    7106392 total
- age   8:    2816936 bytes,    9923328 total
: 104602K->15902K(109248K), 0,0163096 secs] 104683K->21234K(502464K), 0,0163930 secs] [Times: user=0,07 sys=0,01, real=0,01 secs] 
Heap after GC invocations=9 (full 1):
 par new generation   total 109248K, used 15902K [0x00000000e0000000, 0x00000000e8000000, 0x00000000e8000000)
  eden space 87424K,   0% used [0x00000000e0000000, 0x00000000e0000000, 0x00000000e5560000)
  from space 21824K,  72% used [0x00000000e6ab0000, 0x00000000e7a37898, 0x00000000e8000000)
  to   space 21824K,   0% used [0x00000000e5560000, 0x00000000e5560000, 0x00000000e6ab0000)
 concurrent mark-sweep generation total 393216K, used 5332K [0x00000000e8000000, 0x0000000100000000, 0x0000000100000000)
 Metaspace       used 31954K, capacity 32805K, committed 32940K, reserved 1077248K
  class space    used 3921K, capacity 4167K, committed 4268K, reserved 1048576K
}
2018-08-27T17:24:00.231-0300: 6,552: Total time for which application threads were stopped: 0,0165923 seconds, Stopping threads took: 0,0000543 seconds
2018-08-27T17:24:00.366-0300: 6,688: Total time for which application threads were stopped: 0,0004453 seconds, Stopping threads took: 0,0000362 seconds
2018-08-27T17:24:00.374-0300: 6,695: Total time for which application threads were stopped: 0,0001701 seconds, Stopping threads took: 0,0000321 seconds
2018-08-27T17:24:00.593-0300: 6,914: Total time for which application threads were stopped: 0,0006687 seconds, Stopping threads took: 0,0000478 seconds
2018-08-27T17:24:00.626-0300: 6,947: Total time for which application threads were stopped: 0,0004983 seconds, Stopping threads took: 0,0000585 seconds
{Heap before GC invocations=9 (full 1):
 par new generation   total 109248K, used 103326K [0x00000000e0000000, 0x00000000e8000000, 0x00000000e8000000)
  eden space 87424K, 100% used [0x00000000e0000000, 0x00000000e5560000, 0x00000000e5560000)
  from space 21824K,  72% used [0x00000000e6ab0000, 0x00000000e7a37898, 0x00000000e8000000)
  to   space 21824K,   0% used [0x00000000e5560000, 0x00000000e5560000, 0x00000000e6ab0000)
 concurrent mark-sweep generation total 393216K, used 5332K [0x00000000e8000000, 0x0000000100000000, 0x0000000100000000)
 Metaspace       used 33899K, capacity 34761K, committed 34988K, reserved 1079296K
  class space    used 4174K, capacity 4435K, committed 4524K, reserved 1048576K
2018-08-27T17:24:00.666-0300: 6,987: [GC (Allocation Failure) 2018-08-27T17:24:00.666-0300: 6,987: [ParNew
Desired survivor size 20112992 bytes, new threshold 8 (max 8)
- age   1:    2747792 bytes,    2747792 total
- age   2:     130024 bytes,    2877816 total
- age   3:     119616 bytes,    2997432 total
- age   4:     129520 bytes,    3126952 total
- age   5:     279248 bytes,    3406200 total
- age   6:    2327240 bytes,    5733440 total
- age   7:    1244352 bytes,    6977792 total
- age   8:    2455976 bytes,    9433768 total
: 103326K->11206K(109248K), 0,0133417 secs] 108658K->19327K(502464K), 0,0134447 secs] [Times: user=0,06 sys=0,00, real=0,01 secs] 
Heap after GC invocations=10 (full 1):
 par new generation   total 109248K, used 11206K [0x00000000e0000000, 0x00000000e8000000, 0x00000000e8000000)
  eden space 87424K,   0% used [0x00000000e0000000, 0x00000000e0000000, 0x00000000e5560000)
  from space 21824K,  51% used [0x00000000e5560000, 0x00000000e60518c0, 0x00000000e6ab0000)
  to   space 21824K,   0% used [0x00000000e6ab0000, 0x00000000e6ab0000, 0x00000000e8000000)
 concurrent mark-sweep generation total 393216K, used 8121K [0x00000000e8000000, 0x0000000100000000, 0x0000000100000000)
 Metaspace       used 33899K, capacity 34761K, committed 34988K, reserved 1079296K
  class space    used 4174K, capacity 4435K, committed 4524K, reserved 1048576K
}
2018-08-27T17:24:00.680-0300: 7,001: Total time for which application threads were stopped: 0,0136629 seconds, Stopping threads took: 0,0000437 seconds
2018-08-27T17:24:00.694-0300: 7,015: Total time for which application threads were stopped: 0,0001606 seconds, Stopping threads took: 0,0000661 seconds
2018-08-27T17:24:00.701-0300: 7,022: Total time for which application threads were stopped: 0,0001306 seconds, Stopping threads took: 0,0000610 seconds
2018-08-27T17:24:00.713-0300: 7,034: Total time for which application threads were stopped: 0,0004505 seconds, Stopping threads took: 0,0000237 seconds
2018-08-27T17:24:00.714-0300: 7,035: Total time for which application threads were stopped: 0,0001243 seconds, Stopping threads took: 0,0000391 seconds
2018-08-27T17:24:00.717-0300: 7,038: Total time for which application threads were stopped: 0,0035054 seconds, Stopping threads took: 0,0034221 seconds
2018-08-27T17:24:00.741-0300: 7,063: Total time for which application threads were stopped: 0,0004272 seconds, Stopping threads took: 0,0002473 seconds
2018-08-27T17:24:00.742-0300: 7,063: Total time for which application threads were stopped: 0,0000984 seconds, Stopping threads took: 0,0000254 seconds
2018-08-27T17:24:00.789-0300: 7,110: Total time for which application threads were stopped: 0,0001617 seconds, Stopping threads took: 0,0000552 seconds
2018-08-27T17:24:00.796-0300: 7,117: Total time for which application threads were stopped: 0,0001697 seconds, Stopping threads took: 0,0000418 seconds
2018-08-27T17:24:00.803-0300: 7,124: Total time for which application threads were stopped: 0,0001559 seconds, Stopping threads took: 0,0000443 seconds
2018-08-27T17:24:00.817-0300: 7,138: Total time for which application threads were stopped: 0,0023265 seconds, Stopping threads took: 0,0022333 seconds
2018-08-27T17:24:00.819-0300: 7,140: Total time for which application threads were stopped: 0,0000887 seconds, Stopping threads took: 0,0000193 seconds
2018-08-27T17:24:00.820-0300: 7,141: Total time for which application threads were stopped: 0,0004652 seconds, Stopping threads took: 0,0003687 seconds
2018-08-27T17:24:00.877-0300: 7,198: Total time for which application threads were stopped: 0,0002037 seconds, Stopping threads took: 0,0000715 seconds
2018-08-27T17:24:00.882-0300: 7,203: Total time for which application threads were stopped: 0,0001743 seconds, Stopping threads took: 0,0000671 seconds
2018-08-27T17:24:00.895-0300: 7,216: Total time for which application threads were stopped: 0,0001483 seconds, Stopping threads took: 0,0000369 seconds
2018-08-27T17:24:00.896-0300: 7,217: Total time for which application threads were stopped: 0,0001516 seconds, Stopping threads took: 0,0000592 seconds
2018-08-27T17:24:00.897-0300: 7,218: Total time for which application threads were stopped: 0,0007997 seconds, Stopping threads took: 0,0007011 seconds
2018-08-27T17:24:01.003-0300: 7,324: Total time for which application threads were stopped: 0,0002416 seconds, Stopping threads took: 0,0000706 seconds
2018-08-27T17:24:01.186-0300: 7,507: Total time for which application threads were stopped: 0,0002556 seconds, Stopping threads took: 0,0001111 seconds
2018-08-27T17:24:02.027-0300: 8,348: Total time for which application threads were stopped: 0,0001374 seconds, Stopping threads took: 0,0000250 seconds
2018-08-27T17:24:02.068-0300: 8,389: Total time for which application threads were stopped: 0,0001701 seconds, Stopping threads took: 0,0000398 seconds
2018-08-27T17:24:02.078-0300: 8,399: Total time for which application threads were stopped: 0,0018025 seconds, Stopping threads took: 0,0015291 seconds
{Heap before GC invocations=10 (full 1):
 par new generation   total 109248K, used 98630K [0x00000000e0000000, 0x00000000e8000000, 0x00000000e8000000)
  eden space 87424K, 100% used [0x00000000e0000000, 0x00000000e5560000, 0x00000000e5560000)
  from space 21824K,  51% used [0x00000000e5560000, 0x00000000e60518c0, 0x00000000e6ab0000)
  to   space 21824K,   0% used [0x00000000e6ab0000, 0x00000000e6ab0000, 0x00000000e8000000)
 concurrent mark-sweep generation total 393216K, used 8121K [0x00000000e8000000, 0x0000000100000000, 0x0000000100000000)
 Metaspace       used 35045K, capacity 35911K, committed 36140K, reserved 1081344K
  class space    used 4290K, capacity 4530K, committed 4652K, reserved 1048576K
2018-08-27T17:24:02.100-0300: 8,421: [GC (Allocation Failure) 2018-08-27T17:24:02.100-0300: 8,421: [ParNew
Desired survivor size 20112992 bytes, new threshold 8 (max 8)
- age   1:    4281480 bytes,    4281480 total
- age   2:     589048 bytes,    4870528 total
- age   3:      50568 bytes,    4921096 total
- age   4:      20888 bytes,    4941984 total
- age   5:      35320 bytes,    4977304 total
- age   6:     238208 bytes,    5215512 total
- age   7:     416192 bytes,    5631704 total
- age   8:    1207296 bytes,    6839000 total
: 98630K->8310K(109248K), 0,0114947 secs] 106751K->17516K(502464K), 0,0116117 secs] [Times: user=0,05 sys=0,00, real=0,01 secs] 
Heap after GC invocations=11 (full 1):
 par new generation   total 109248K, used 8310K [0x00000000e0000000, 0x00000000e8000000, 0x00000000e8000000)
  eden space 87424K,   0% used [0x00000000e0000000, 0x00000000e0000000, 0x00000000e5560000)
  from space 21824K,  38% used [0x00000000e6ab0000, 0x00000000e72cd920, 0x00000000e8000000)
  to   space 21824K,   0% used [0x00000000e5560000, 0x00000000e5560000, 0x00000000e6ab0000)
 concurrent mark-sweep generation total 393216K, used 9206K [0x00000000e8000000, 0x0000000100000000, 0x0000000100000000)
 Metaspace       used 35045K, capacity 35911K, committed 36140K, reserved 1081344K
  class space    used 4290K, capacity 4530K, committed 4652K, reserved 1048576K
}
2018-08-27T17:24:02.112-0300: 8,433: Total time for which application threads were stopped: 0,0119567 seconds, Stopping threads took: 0,0001300 seconds
2018-08-27T17:24:02.112-0300: 8,433: Total time for which application threads were stopped: 0,0001409 seconds, Stopping threads took: 0,0000456 seconds
2018-08-27T17:24:02.117-0300: 8,438: Total time for which application threads were stopped: 0,0049541 seconds, Stopping threads took: 0,0048202 seconds
2018-08-27T17:24:02.118-0300: 8,439: Total time for which application threads were stopped: 0,0001338 seconds, Stopping threads took: 0,0000439 seconds
{Heap before GC invocations=11 (full 1):
 par new generation   total 109248K, used 95723K [0x00000000e0000000, 0x00000000e8000000, 0x00000000e8000000)
  eden space 87424K,  99% used [0x00000000e0000000, 0x00000000e555d390, 0x00000000e5560000)
  from space 21824K,  38% used [0x00000000e6ab0000, 0x00000000e72cd920, 0x00000000e8000000)
  to   space 21824K,   0% used [0x00000000e5560000, 0x00000000e5560000, 0x00000000e6ab0000)
 concurrent mark-sweep generation total 393216K, used 9206K [0x00000000e8000000, 0x0000000100000000, 0x0000000100000000)
 Metaspace       used 35060K, capacity 35911K, committed 36140K, reserved 1081344K
  class space    used 4290K, capacity 4530K, committed 4652K, reserved 1048576K
2018-08-27T17:24:02.159-0300: 8,480: [GC (Allocation Failure) 2018-08-27T17:24:02.159-0300: 8,480: [ParNew
Desired survivor size 20112992 bytes, new threshold 8 (max 8)
- age   1:    2030392 bytes,    2030392 total
- age   2:    2379256 bytes,    4409648 total
- age   3:     589048 bytes,    4998696 total
- age   4:      50568 bytes,    5049264 total
- age   5:      20888 bytes,    5070152 total
- age   6:      35320 bytes,    5105472 total
- age   7:     238208 bytes,    5343680 total
- age   8:     416192 bytes,    5759872 total
: 95723K->8858K(109248K), 0,0063656 secs] 104929K->19257K(502464K), 0,0064712 secs] [Times: user=0,03 sys=0,00, real=0,01 secs] 
Heap after GC invocations=12 (full 1):
 par new generation   total 109248K, used 8858K [0x00000000e0000000, 0x00000000e8000000, 0x00000000e8000000)
  eden space 87424K,   0% used [0x00000000e0000000, 0x00000000e0000000, 0x00000000e5560000)
  from space 21824K,  40% used [0x00000000e5560000, 0x00000000e5e06920, 0x00000000e6ab0000)
  to   space 21824K,   0% used [0x00000000e6ab0000, 0x00000000e6ab0000, 0x00000000e8000000)
 concurrent mark-sweep generation total 393216K, used 10399K [0x00000000e8000000, 0x0000000100000000, 0x0000000100000000)
 Metaspace       used 35060K, capacity 35911K, committed 36140K, reserved 1081344K
  class space    used 4290K, capacity 4530K, committed 4652K, reserved 1048576K
}
2018-08-27T17:24:02.165-0300: 8,486: Total time for which application threads were stopped: 0,0067722 seconds, Stopping threads took: 0,0000805 seconds
2018-08-27T17:24:02.165-0300: 8,486: Total time for which application threads were stopped: 0,0001422 seconds, Stopping threads took: 0,0000431 seconds
{Heap before GC invocations=12 (full 1):
 par new generation   total 109248K, used 96282K [0x00000000e0000000, 0x00000000e8000000, 0x00000000e8000000)
  eden space 87424K, 100% used [0x00000000e0000000, 0x00000000e5560000, 0x00000000e5560000)
  from space 21824K,  40% used [0x00000000e5560000, 0x00000000e5e06920, 0x00000000e6ab0000)
  to   space 21824K,   0% used [0x00000000e6ab0000, 0x00000000e6ab0000, 0x00000000e8000000)
 concurrent mark-sweep generation total 393216K, used 10399K [0x00000000e8000000, 0x0000000100000000, 0x0000000100000000)
 Metaspace       used 35082K, capacity 35981K, committed 36140K, reserved 1081344K
  class space    used 4291K, capacity 4531K, committed 4652K, reserved 1048576K
2018-08-27T17:24:02.193-0300: 8,514: [GC (Allocation Failure) 2018-08-27T17:24:02.193-0300: 8,514: [ParNew
Desired survivor size 20112992 bytes, new threshold 8 (max 8)
- age   1:    1313224 bytes,    1313224 total
- age   2:    1366632 bytes,    2679856 total
- age   3:    2350024 bytes,    5029880 total
- age   4:     589048 bytes,    5618928 total
- age   5:      50568 bytes,    5669496 total
- age   6:      20888 bytes,    5690384 total
- age   7:      35320 bytes,    5725704 total
- age   8:     238208 bytes,    5963912 total
: 96282K->7944K(109248K), 0,0074209 secs] 106681K->18754K(502464K), 0,0075057 secs] [Times: user=0,04 sys=0,00, real=0,00 secs] 
Heap after GC invocations=13 (full 1):
 par new generation   total 109248K, used 7944K [0x00000000e0000000, 0x00000000e8000000, 0x00000000e8000000)
  eden space 87424K,   0% used [0x00000000e0000000, 0x00000000e0000000, 0x00000000e5560000)
  from space 21824K,  36% used [0x00000000e6ab0000, 0x00000000e72722c0, 0x00000000e8000000)
  to   space 21824K,   0% used [0x00000000e5560000, 0x00000000e5560000, 0x00000000e6ab0000)
 concurrent mark-sweep generation total 393216K, used 10809K [0x00000000e8000000, 0x0000000100000000, 0x0000000100000000)
 Metaspace       used 35082K, capacity 35981K, committed 36140K, reserved 1081344K
  class space    used 4291K, capacity 4531K, committed 4652K, reserved 1048576K
}
2018-08-27T17:24:02.201-0300: 8,522: Total time for which application threads were stopped: 0,0116099 seconds, Stopping threads took: 0,0039314 seconds
{Heap before GC invocations=13 (full 1):
 par new generation   total 109248K, used 95368K [0x00000000e0000000, 0x00000000e8000000, 0x00000000e8000000)
  eden space 87424K, 100% used [0x00000000e0000000, 0x00000000e5560000, 0x00000000e5560000)
  from space 21824K,  36% used [0x00000000e6ab0000, 0x00000000e72722c0, 0x00000000e8000000)
  to   space 21824K,   0% used [0x00000000e5560000, 0x00000000e5560000, 0x00000000e6ab0000)
 concurrent mark-sweep generation total 393216K, used 10809K [0x00000000e8000000, 0x0000000100000000, 0x0000000100000000)
 Metaspace       used 35108K, capacity 36011K, committed 36140K, reserved 1081344K
  class space    used 4293K, capacity 4536K, committed 4652K, reserved 1048576K
2018-08-27T17:24:02.226-0300: 8,547: [GC (Allocation Failure) 2018-08-27T17:24:02.226-0300: 8,547: [ParNew
Desired survivor size 20112992 bytes, new threshold 8 (max 8)
- age   1:     647544 bytes,     647544 total
- age   2:     716368 bytes,    1363912 total
- age   3:    1366144 bytes,    2730056 total
- age   4:    2350024 bytes,    5080080 total
- age   5:     589048 bytes,    5669128 total
- age   6:      50568 bytes,    5719696 total
- age   7:      20888 bytes,    5740584 total
- age   8:      35008 bytes,    5775592 total
: 95368K->6701K(109248K), 0,0080772 secs] 106178K->17750K(502464K), 0,0081790 secs] [Times: user=0,04 sys=0,00, real=0,01 secs] 
Heap after GC invocations=14 (full 1):
 par new generation   total 109248K, used 6701K [0x00000000e0000000, 0x00000000e8000000, 0x00000000e8000000)
  eden space 87424K,   0% used [0x00000000e0000000, 0x00000000e0000000, 0x00000000e5560000)
  from space 21824K,  30% used [0x00000000e5560000, 0x00000000e5beb560, 0x00000000e6ab0000)
  to   space 21824K,   0% used [0x00000000e6ab0000, 0x00000000e6ab0000, 0x00000000e8000000)
 concurrent mark-sweep generation total 393216K, used 11049K [0x00000000e8000000, 0x0000000100000000, 0x0000000100000000)
 Metaspace       used 35108K, capacity 36011K, committed 36140K, reserved 1081344K
  class space    used 4293K, capacity 4536K, committed 4652K, reserved 1048576K
}
2018-08-27T17:24:02.235-0300: 8,556: Total time for which application threads were stopped: 0,0084433 seconds, Stopping threads took: 0,0000652 seconds
{Heap before GC invocations=14 (full 1):
 par new generation   total 109248K, used 94125K [0x00000000e0000000, 0x00000000e8000000, 0x00000000e8000000)
  eden space 87424K, 100% used [0x00000000e0000000, 0x00000000e5560000, 0x00000000e5560000)
  from space 21824K,  30% used [0x00000000e5560000, 0x00000000e5beb560, 0x00000000e6ab0000)
  to   space 21824K,   0% used [0x00000000e6ab0000, 0x00000000e6ab0000, 0x00000000e8000000)
 concurrent mark-sweep generation total 393216K, used 11049K [0x00000000e8000000, 0x0000000100000000, 0x0000000100000000)
 Metaspace       used 35117K, capacity 36011K, committed 36140K, reserved 1081344K
  class space    used 4293K, capacity 4536K, committed 4652K, reserved 1048576K
2018-08-27T17:24:02.270-0300: 8,591: [GC (Allocation Failure) 2018-08-27T17:24:02.270-0300: 8,591: [ParNew
Desired survivor size 20112992 bytes, new threshold 8 (max 8)
- age   1:    1244840 bytes,    1244840 total
- age   2:     317184 bytes,    1562024 total
- age   3:     715824 bytes,    2277848 total
- age   4:    1366144 bytes,    3643992 total
- age   5:    2350024 bytes,    5994016 total
- age   6:     589048 bytes,    6583064 total
- age   7:      50568 bytes,    6633632 total
- age   8:      20888 bytes,    6654520 total
: 94125K->9949K(109248K), 0,0057856 secs] 105174K->21033K(502464K), 0,0058773 secs] [Times: user=0,02 sys=0,00, real=0,01 secs] 
Heap after GC invocations=15 (full 1):
 par new generation   total 109248K, used 9949K [0x00000000e0000000, 0x00000000e8000000, 0x00000000e8000000)
  eden space 87424K,   0% used [0x00000000e0000000, 0x00000000e0000000, 0x00000000e5560000)
  from space 21824K,  45% used [0x00000000e6ab0000, 0x00000000e7467640, 0x00000000e8000000)
  to   space 21824K,   0% used [0x00000000e5560000, 0x00000000e5560000, 0x00000000e6ab0000)
 concurrent mark-sweep generation total 393216K, used 11084K [0x00000000e8000000, 0x0000000100000000, 0x0000000100000000)
 Metaspace       used 35117K, capacity 36011K, committed 36140K, reserved 1081344K
  class space    used 4293K, capacity 4536K, committed 4652K, reserved 1048576K
}
2018-08-27T17:24:02.276-0300: 8,597: Total time for which application threads were stopped: 0,0061621 seconds, Stopping threads took: 0,0000649 seconds
{Heap before GC invocations=15 (full 1):
 par new generation   total 109248K, used 97373K [0x00000000e0000000, 0x00000000e8000000, 0x00000000e8000000)
  eden space 87424K, 100% used [0x00000000e0000000, 0x00000000e5560000, 0x00000000e5560000)
  from space 21824K,  45% used [0x00000000e6ab0000, 0x00000000e7467640, 0x00000000e8000000)
  to   space 21824K,   0% used [0x00000000e5560000, 0x00000000e5560000, 0x00000000e6ab0000)
 concurrent mark-sweep generation total 393216K, used 11084K [0x00000000e8000000, 0x0000000100000000, 0x0000000100000000)
 Metaspace       used 35128K, capacity 36011K, committed 36140K, reserved 1081344K
  class space    used 4293K, capacity 4536K, committed 4652K, reserved 1048576K
2018-08-27T17:24:02.326-0300: 8,647: [GC (Allocation Failure) 2018-08-27T17:24:02.326-0300: 8,647: [ParNew
Desired survivor size 20112992 bytes, new threshold 8 (max 8)
- age   1:     512400 bytes,     512400 total
- age   2:      95328 bytes,     607728 total
- age   3:     316632 bytes,     924360 total
- age   4:     714552 bytes,    1638912 total
- age   5:    1365408 bytes,    3004320 total
- age   6:    2350024 bytes,    5354344 total
- age   7:     589048 bytes,    5943392 total
- age   8:      50568 bytes,    5993960 total
: 97373K->7170K(109248K), 0,0111705 secs] 108457K->18276K(502464K), 0,0112642 secs] [Times: user=0,04 sys=0,00, real=0,01 secs] 
Heap after GC invocations=16 (full 1):
 par new generation   total 109248K, used 7170K [0x00000000e0000000, 0x00000000e8000000, 0x00000000e8000000)
  eden space 87424K,   0% used [0x00000000e0000000, 0x00000000e0000000, 0x00000000e5560000)
  from space 21824K,  32% used [0x00000000e5560000, 0x00000000e5c60b20, 0x00000000e6ab0000)
  to   space 21824K,   0% used [0x00000000e6ab0000, 0x00000000e6ab0000, 0x00000000e8000000)
 concurrent mark-sweep generation total 393216K, used 11105K [0x00000000e8000000, 0x0000000100000000, 0x0000000100000000)
 Metaspace       used 35128K, capacity 36011K, committed 36140K, reserved 1081344K
  class space    used 4293K, capacity 4536K, committed 4652K, reserved 1048576K
}
2018-08-27T17:24:02.337-0300: 8,658: Total time for which application threads were stopped: 0,0115062 seconds, Stopping threads took: 0,0000295 seconds
2018-08-27T17:24:02.550-0300: 8,871: Total time for which application threads were stopped: 0,0005296 seconds, Stopping threads took: 0,0000328 seconds
2018-08-27T17:24:02.564-0300: 8,885: Total time for which application threads were stopped: 0,0001162 seconds, Stopping threads took: 0,0000292 seconds
2018-08-27T17:24:02.566-0300: 8,887: Total time for which application threads were stopped: 0,0000921 seconds, Stopping threads took: 0,0000360 seconds
2018-08-27T17:24:02.566-0300: 8,887: Total time for which application threads were stopped: 0,0001219 seconds, Stopping threads took: 0,0000689 seconds
2018-08-27T17:24:02.567-0300: 8,888: Total time for which application threads were stopped: 0,0000967 seconds, Stopping threads took: 0,0000249 seconds
2018-08-27T17:24:02.567-0300: 8,888: Total time for which application threads were stopped: 0,0000812 seconds, Stopping threads took: 0,0000191 seconds
{Heap before GC invocations=16 (full 1):
 par new generation   total 109248K, used 94594K [0x00000000e0000000, 0x00000000e8000000, 0x00000000e8000000)
  eden space 87424K, 100% used [0x00000000e0000000, 0x00000000e5560000, 0x00000000e5560000)
  from space 21824K,  32% used [0x00000000e5560000, 0x00000000e5c60b20, 0x00000000e6ab0000)
  to   space 21824K,   0% used [0x00000000e6ab0000, 0x00000000e6ab0000, 0x00000000e8000000)
 concurrent mark-sweep generation total 393216K, used 11105K [0x00000000e8000000, 0x0000000100000000, 0x0000000100000000)
 Metaspace       used 35792K, capacity 36857K, committed 37036K, reserved 1081344K
  class space    used 4378K, capacity 4685K, committed 4780K, reserved 1048576K
2018-08-27T17:24:02.568-0300: 8,889: [GC (Allocation Failure) 2018-08-27T17:24:02.568-0300: 8,889: [ParNew
Desired survivor size 20112992 bytes, new threshold 8 (max 8)
- age   1:    2051904 bytes,    2051904 total
- age   2:     152312 bytes,    2204216 total
- age   3:      95112 bytes,    2299328 total
- age   4:     109712 bytes,    2409040 total
- age   5:     120888 bytes,    2529928 total
- age   6:     213008 bytes,    2742936 total
- age   7:    2342296 bytes,    5085232 total
- age   8:     589000 bytes,    5674232 total
: 94594K->8937K(109248K), 0,0054531 secs] 105700K->20093K(502464K), 0,0055717 secs] [Times: user=0,02 sys=0,00, real=0,01 secs] 
Heap after GC invocations=17 (full 1):
 par new generation   total 109248K, used 8937K [0x00000000e0000000, 0x00000000e8000000, 0x00000000e8000000)
  eden space 87424K,   0% used [0x00000000e0000000, 0x00000000e0000000, 0x00000000e5560000)
  from space 21824K,  40% used [0x00000000e6ab0000, 0x00000000e736a650, 0x00000000e8000000)
  to   space 21824K,   0% used [0x00000000e5560000, 0x00000000e5560000, 0x00000000e6ab0000)
 concurrent mark-sweep generation total 393216K, used 11156K [0x00000000e8000000, 0x0000000100000000, 0x0000000100000000)
 Metaspace       used 35792K, capacity 36857K, committed 37036K, reserved 1081344K
  class space    used 4378K, capacity 4685K, committed 4780K, reserved 1048576K
}
2018-08-27T17:24:02.573-0300: 8,894: Total time for which application threads were stopped: 0,0057570 seconds, Stopping threads took: 0,0000418 seconds
2018-08-27T17:24:02.574-0300: 8,896: Total time for which application threads were stopped: 0,0001686 seconds, Stopping threads took: 0,0000715 seconds
2018-08-27T17:24:02.575-0300: 8,896: Total time for which application threads were stopped: 0,0000854 seconds, Stopping threads took: 0,0000256 seconds
2018-08-27T17:24:02.575-0300: 8,896: Total time for which application threads were stopped: 0,0000738 seconds, Stopping threads took: 0,0000186 seconds
2018-08-27T17:24:02.720-0300: 9,041: Total time for which application threads were stopped: 0,0002209 seconds, Stopping threads took: 0,0001083 seconds
2018-08-27T17:24:02.750-0300: 9,071: Total time for which application threads were stopped: 0,0002626 seconds, Stopping threads took: 0,0001377 seconds
2018-08-27T17:24:02.778-0300: 9,099: Total time for which application threads were stopped: 0,0001858 seconds, Stopping threads took: 0,0000727 seconds
2018-08-27T17:24:02.784-0300: 9,105: Total time for which application threads were stopped: 0,0001496 seconds, Stopping threads took: 0,0000275 seconds
2018-08-27T17:24:02.784-0300: 9,105: Total time for which application threads were stopped: 0,0000946 seconds, Stopping threads took: 0,0000322 seconds
2018-08-27T17:24:02.785-0300: 9,106: Total time for which application threads were stopped: 0,0001787 seconds, Stopping threads took: 0,0001071 seconds
2018-08-27T17:24:02.789-0300: 9,110: Total time for which application threads were stopped: 0,0002285 seconds, Stopping threads took: 0,0000692 seconds
2018-08-27T17:24:02.790-0300: 9,111: Total time for which application threads were stopped: 0,0001567 seconds, Stopping threads took: 0,0000482 seconds
{Heap before GC invocations=17 (full 1):
 par new generation   total 109248K, used 96361K [0x00000000e0000000, 0x00000000e8000000, 0x00000000e8000000)
  eden space 87424K, 100% used [0x00000000e0000000, 0x00000000e5560000, 0x00000000e5560000)
  from space 21824K,  40% used [0x00000000e6ab0000, 0x00000000e736a650, 0x00000000e8000000)
  to   space 21824K,   0% used [0x00000000e5560000, 0x00000000e5560000, 0x00000000e6ab0000)
 concurrent mark-sweep generation total 393216K, used 11156K [0x00000000e8000000, 0x0000000100000000, 0x0000000100000000)
 Metaspace       used 37676K, capacity 38785K, committed 39084K, reserved 1083392K
  class space    used 4639K, capacity 4929K, committed 5036K, reserved 1048576K
2018-08-27T17:24:02.792-0300: 9,113: [GC (Allocation Failure) 2018-08-27T17:24:02.792-0300: 9,113: [ParNew
Desired survivor size 20112992 bytes, new threshold 8 (max 8)
- age   1:    3541776 bytes,    3541776 total
- age   2:    1725256 bytes,    5267032 total
- age   3:     152312 bytes,    5419344 total
- age   4:      95112 bytes,    5514456 total
- age   5:     109712 bytes,    5624168 total
- age   6:     120704 bytes,    5744872 total
- age   7:     211424 bytes,    5956296 total
- age   8:    2340120 bytes,    8296416 total
: 96361K->9982K(109248K), 0,0069530 secs] 107517K->21721K(502464K), 0,0070433 secs] [Times: user=0,04 sys=0,00, real=0,01 secs] 
Heap after GC invocations=18 (full 1):
 par new generation   total 109248K, used 9982K [0x00000000e0000000, 0x00000000e8000000, 0x00000000e8000000)
  eden space 87424K,   0% used [0x00000000e0000000, 0x00000000e0000000, 0x00000000e5560000)
  from space 21824K,  45% used [0x00000000e5560000, 0x00000000e5f1fb68, 0x00000000e6ab0000)
  to   space 21824K,   0% used [0x00000000e6ab0000, 0x00000000e6ab0000, 0x00000000e8000000)
 concurrent mark-sweep generation total 393216K, used 11738K [0x00000000e8000000, 0x0000000100000000, 0x0000000100000000)
 Metaspace       used 37676K, capacity 38785K, committed 39084K, reserved 1083392K
  class space    used 4639K, capacity 4929K, committed 5036K, reserved 1048576K
}
2018-08-27T17:24:02.799-0300: 9,120: Total time for which application threads were stopped: 0,0072641 seconds, Stopping threads took: 0,0000476 seconds
2018-08-27T17:24:02.810-0300: 9,131: Total time for which application threads were stopped: 0,0002312 seconds, Stopping threads took: 0,0000610 seconds
2018-08-27T17:24:02.976-0300: 9,297: Total time for which application threads were stopped: 0,0005465 seconds, Stopping threads took: 0,0002350 seconds
2018-08-27T17:24:02.977-0300: 9,298: Total time for which application threads were stopped: 0,0001803 seconds, Stopping threads took: 0,0000666 seconds
2018-08-27T17:24:02.996-0300: 9,317: Total time for which application threads were stopped: 0,0006156 seconds, Stopping threads took: 0,0000242 seconds
{Heap before GC invocations=18 (full 1):
 par new generation   total 109248K, used 97406K [0x00000000e0000000, 0x00000000e8000000, 0x00000000e8000000)
  eden space 87424K, 100% used [0x00000000e0000000, 0x00000000e5560000, 0x00000000e5560000)
  from space 21824K,  45% used [0x00000000e5560000, 0x00000000e5f1fb68, 0x00000000e6ab0000)
  to   space 21824K,   0% used [0x00000000e6ab0000, 0x00000000e6ab0000, 0x00000000e8000000)
 concurrent mark-sweep generation total 393216K, used 11738K [0x00000000e8000000, 0x0000000100000000, 0x0000000100000000)
 Metaspace       used 39275K, capacity 40499K, committed 40876K, reserved 1085440K
  class space    used 4879K, capacity 5194K, committed 5292K, reserved 1048576K
2018-08-27T17:24:03.040-0300: 9,361: [GC (Allocation Failure) 2018-08-27T17:24:03.040-0300: 9,361: [ParNew
Desired survivor size 20112992 bytes, new threshold 8 (max 8)
- age   1:    8103976 bytes,    8103976 total
- age   2:     995928 bytes,    9099904 total
- age   3:    1721760 bytes,   10821664 total
- age   4:     152280 bytes,   10973944 total
- age   5:      95112 bytes,   11069056 total
- age   6:     109712 bytes,   11178768 total
- age   7:     120704 bytes,   11299472 total
- age   8:     211360 bytes,   11510832 total
: 97406K->15169K(109248K), 0,0143264 secs] 109145K->29202K(502464K), 0,0144462 secs] [Times: user=0,09 sys=0,00, real=0,02 secs] 
Heap after GC invocations=19 (full 1):
 par new generation   total 109248K, used 15169K [0x00000000e0000000, 0x00000000e8000000, 0x00000000e8000000)
  eden space 87424K,   0% used [0x00000000e0000000, 0x00000000e0000000, 0x00000000e5560000)
  from space 21824K,  69% used [0x00000000e6ab0000, 0x00000000e7980648, 0x00000000e8000000)
  to   space 21824K,   0% used [0x00000000e5560000, 0x00000000e5560000, 0x00000000e6ab0000)
 concurrent mark-sweep generation total 393216K, used 14033K [0x00000000e8000000, 0x0000000100000000, 0x0000000100000000)
 Metaspace       used 39275K, capacity 40499K, committed 40876K, reserved 1085440K
  class space    used 4879K, capacity 5194K, committed 5292K, reserved 1048576K
}
2018-08-27T17:24:03.054-0300: 9,375: Total time for which application threads were stopped: 0,0149355 seconds, Stopping threads took: 0,0002505 seconds
2018-08-27T17:24:03.082-0300: 9,403: Total time for which application threads were stopped: 0,0006326 seconds, Stopping threads took: 0,0000263 seconds
2018-08-27T17:24:03.096-0300: 9,417: Total time for which application threads were stopped: 0,0004444 seconds, Stopping threads took: 0,0002893 seconds
2018-08-27T17:24:03.108-0300: 9,429: Total time for which application threads were stopped: 0,0005313 seconds, Stopping threads took: 0,0000394 seconds
2018-08-27T17:24:03.108-0300: 9,429: Total time for which application threads were stopped: 0,0000937 seconds, Stopping threads took: 0,0000232 seconds
2018-08-27T17:24:03.171-0300: 9,493: Total time for which application threads were stopped: 0,0005409 seconds, Stopping threads took: 0,0000260 seconds
2018-08-27T17:24:03.220-0300: 9,541: Total time for which application threads were stopped: 0,0379640 seconds, Stopping threads took: 0,0373021 seconds
2018-08-27T17:24:03.289-0300: 9,610: Total time for which application threads were stopped: 0,0006218 seconds, Stopping threads took: 0,0000252 seconds
2018-08-27T17:24:03.356-0300: 9,677: Total time for which application threads were stopped: 0,0009051 seconds, Stopping threads took: 0,0006641 seconds
2018-08-27T17:24:03.356-0300: 9,677: Total time for which application threads were stopped: 0,0001869 seconds, Stopping threads took: 0,0000715 seconds
2018-08-27T17:24:03.358-0300: 9,680: Total time for which application threads were stopped: 0,0007370 seconds, Stopping threads took: 0,0001003 seconds
2018-08-27T17:24:03.381-0300: 9,702: Total time for which application threads were stopped: 0,0001917 seconds, Stopping threads took: 0,0000679 seconds
2018-08-27T17:24:03.386-0300: 9,707: Total time for which application threads were stopped: 0,0001235 seconds, Stopping threads took: 0,0000264 seconds
2018-08-27T17:24:03.387-0300: 9,708: Total time for which application threads were stopped: 0,0001224 seconds, Stopping threads took: 0,0000296 seconds
2018-08-27T17:24:03.388-0300: 9,709: Total time for which application threads were stopped: 0,0002633 seconds, Stopping threads took: 0,0001707 seconds
2018-08-27T17:24:03.390-0300: 9,711: Total time for which application threads were stopped: 0,0001789 seconds, Stopping threads took: 0,0000725 seconds
2018-08-27T17:24:03.394-0300: 9,715: Total time for which application threads were stopped: 0,0002327 seconds, Stopping threads took: 0,0001234 seconds
2018-08-27T17:24:03.401-0300: 9,722: Total time for which application threads were stopped: 0,0002665 seconds, Stopping threads took: 0,0000747 seconds
2018-08-27T17:24:03.415-0300: 9,736: Total time for which application threads were stopped: 0,0002705 seconds, Stopping threads took: 0,0001279 seconds
2018-08-27T17:24:03.422-0300: 9,743: Total time for which application threads were stopped: 0,0002286 seconds, Stopping threads took: 0,0001067 seconds
2018-08-27T17:24:03.464-0300: 9,785: Total time for which application threads were stopped: 0,0002124 seconds, Stopping threads took: 0,0000451 seconds
2018-08-27T17:24:03.474-0300: 9,795: Total time for which application threads were stopped: 0,0002188 seconds, Stopping threads took: 0,0001030 seconds
2018-08-27T17:24:03.533-0300: 9,854: Total time for which application threads were stopped: 0,0001352 seconds, Stopping threads took: 0,0000286 seconds
2018-08-27T17:24:03.534-0300: 9,855: Total time for which application threads were stopped: 0,0001452 seconds, Stopping threads took: 0,0000437 seconds
2018-08-27T17:24:03.534-0300: 9,856: Total time for which application threads were stopped: 0,0000836 seconds, Stopping threads took: 0,0000236 seconds
2018-08-27T17:24:03.535-0300: 9,856: Total time for which application threads were stopped: 0,0000821 seconds, Stopping threads took: 0,0000283 seconds
2018-08-27T17:24:03.537-0300: 9,858: Total time for which application threads were stopped: 0,0026326 seconds, Stopping threads took: 0,0025742 seconds
2018-08-27T17:24:03.537-0300: 9,858: Total time for which application threads were stopped: 0,0000976 seconds, Stopping threads took: 0,0000506 seconds
2018-08-27T17:24:03.541-0300: 9,863: Total time for which application threads were stopped: 0,0002075 seconds, Stopping threads took: 0,0000834 seconds
2018-08-27T17:24:03.542-0300: 9,863: Total time for which application threads were stopped: 0,0000999 seconds, Stopping threads took: 0,0000317 seconds
2018-08-27T17:24:03.542-0300: 9,863: Total time for which application threads were stopped: 0,0001335 seconds, Stopping threads took: 0,0000498 seconds
2018-08-27T17:24:03.543-0300: 9,864: Total time for which application threads were stopped: 0,0002614 seconds, Stopping threads took: 0,0000272 seconds
2018-08-27T17:24:03.543-0300: 9,865: Total time for which application threads were stopped: 0,0000989 seconds, Stopping threads took: 0,0000309 seconds
2018-08-27T17:24:03.560-0300: 9,881: Total time for which application threads were stopped: 0,0002362 seconds, Stopping threads took: 0,0001074 seconds
2018-08-27T17:24:03.561-0300: 9,882: Total time for which application threads were stopped: 0,0001182 seconds, Stopping threads took: 0,0000540 seconds
2018-08-27T17:24:03.561-0300: 9,882: Total time for which application threads were stopped: 0,0002233 seconds, Stopping threads took: 0,0001391 seconds
2018-08-27T17:24:03.561-0300: 9,882: Total time for which application threads were stopped: 0,0001913 seconds, Stopping threads took: 0,0001064 seconds
{Heap before GC invocations=19 (full 1):
 par new generation   total 109248K, used 102593K [0x00000000e0000000, 0x00000000e8000000, 0x00000000e8000000)
  eden space 87424K, 100% used [0x00000000e0000000, 0x00000000e5560000, 0x00000000e5560000)
  from space 21824K,  69% used [0x00000000e6ab0000, 0x00000000e7980648, 0x00000000e8000000)
  to   space 21824K,   0% used [0x00000000e5560000, 0x00000000e5560000, 0x00000000e6ab0000)
 concurrent mark-sweep generation total 393216K, used 14033K [0x00000000e8000000, 0x0000000100000000, 0x0000000100000000)
 Metaspace       used 42340K, capacity 43823K, committed 44076K, reserved 1087488K
  class space    used 5283K, capacity 5622K, committed 5676K, reserved 1048576K
2018-08-27T17:24:03.584-0300: 9,905: [GC (Allocation Failure) 2018-08-27T17:24:03.584-0300: 9,905: [ParNew
Desired survivor size 20112992 bytes, new threshold 8 (max 8)
- age   1:    8339056 bytes,    8339056 total
- age   2:    5932952 bytes,   14272008 total
- age   3:     975712 bytes,   15247720 total
- age   4:    1717856 bytes,   16965576 total
- age   5:     152280 bytes,   17117856 total
- age   6:      95112 bytes,   17212968 total
- age   7:     109712 bytes,   17322680 total
- age   8:     120528 bytes,   17443208 total
: 102593K->19878K(109248K), 0,0155102 secs] 116626K->34120K(502464K), 0,0166010 secs] [Times: user=0,07 sys=0,00, real=0,01 secs] 
Heap after GC invocations=20 (full 1):
 par new generation   total 109248K, used 19878K [0x00000000e0000000, 0x00000000e8000000, 0x00000000e8000000)
  eden space 87424K,   0% used [0x00000000e0000000, 0x00000000e0000000, 0x00000000e5560000)
  from space 21824K,  91% used [0x00000000e5560000, 0x00000000e68c9af0, 0x00000000e6ab0000)
  to   space 21824K,   0% used [0x00000000e6ab0000, 0x00000000e6ab0000, 0x00000000e8000000)
 concurrent mark-sweep generation total 393216K, used 14241K [0x00000000e8000000, 0x0000000100000000, 0x0000000100000000)
 Metaspace       used 42340K, capacity 43823K, committed 44076K, reserved 1087488K
  class space    used 5283K, capacity 5622K, committed 5676K, reserved 1048576K
}
2018-08-27T17:24:03.601-0300: 9,922: Total time for which application threads were stopped: 0,0172132 seconds, Stopping threads took: 0,0003724 seconds
2018-08-27T17:24:03.605-0300: 9,927: Total time for which application threads were stopped: 0,0038224 seconds, Stopping threads took: 0,0036696 seconds
2018-08-27T17:24:03.609-0300: 9,930: Total time for which application threads were stopped: 0,0007584 seconds, Stopping threads took: 0,0000442 seconds
2018-08-27T17:24:03.639-0300: 9,960: Total time for which application threads were stopped: 0,0002423 seconds, Stopping threads took: 0,0000853 seconds
2018-08-27T17:24:03.641-0300: 9,962: Total time for which application threads were stopped: 0,0006381 seconds, Stopping threads took: 0,0000436 seconds
2018-08-27T17:24:03.657-0300: 9,978: Total time for which application threads were stopped: 0,0001692 seconds, Stopping threads took: 0,0000485 seconds
2018-08-27T17:24:03.659-0300: 9,980: Total time for which application threads were stopped: 0,0001534 seconds, Stopping threads took: 0,0000440 seconds
2018-08-27T17:24:03.667-0300: 9,988: Total time for which application threads were stopped: 0,0003084 seconds, Stopping threads took: 0,0001549 seconds
2018-08-27T17:24:03.667-0300: 9,988: Total time for which application threads were stopped: 0,0002008 seconds, Stopping threads took: 0,0000770 seconds
2018-08-27T17:24:03.674-0300: 9,996: Total time for which application threads were stopped: 0,0001855 seconds, Stopping threads took: 0,0000415 seconds
2018-08-27T17:24:03.682-0300: 10,003: Total time for which application threads were stopped: 0,0001931 seconds, Stopping threads took: 0,0000381 seconds
2018-08-27T17:24:03.684-0300: 10,005: Total time for which application threads were stopped: 0,0002175 seconds, Stopping threads took: 0,0000683 seconds
2018-08-27T17:24:03.687-0300: 10,008: Total time for which application threads were stopped: 0,0005039 seconds, Stopping threads took: 0,0003566 seconds
2018-08-27T17:24:03.694-0300: 10,015: Total time for which application threads were stopped: 0,0003066 seconds, Stopping threads took: 0,0001654 seconds
{Heap before GC invocations=20 (full 1):
 par new generation   total 109248K, used 107302K [0x00000000e0000000, 0x00000000e8000000, 0x00000000e8000000)
  eden space 87424K, 100% used [0x00000000e0000000, 0x00000000e5560000, 0x00000000e5560000)
  from space 21824K,  91% used [0x00000000e5560000, 0x00000000e68c9af0, 0x00000000e6ab0000)
  to   space 21824K,   0% used [0x00000000e6ab0000, 0x00000000e6ab0000, 0x00000000e8000000)
 concurrent mark-sweep generation total 393216K, used 14241K [0x00000000e8000000, 0x0000000100000000, 0x0000000100000000)
 Metaspace       used 42873K, capacity 44379K, committed 44716K, reserved 1087488K
  class space    used 5356K, capacity 5720K, committed 5804K, reserved 1048576K
2018-08-27T17:24:03.705-0300: 10,026: [GC (Allocation Failure) 2018-08-27T17:24:03.705-0300: 10,026: [ParNew
Desired survivor size 20112992 bytes, new threshold 8 (max 8)
- age   1:    1400608 bytes,    1400608 total
- age   2:    5304784 bytes,    6705392 total
- age   3:    5894664 bytes,   12600056 total
- age   4:     975288 bytes,   13575344 total
- age   5:    1684160 bytes,   15259504 total
- age   6:     151672 bytes,   15411176 total
- age   7:      92560 bytes,   15503736 total
- age   8:     109712 bytes,   15613448 total
: 107302K->21824K(109248K), 0,0123234 secs] 121544K->36453K(502464K), 0,0124300 secs] [Times: user=0,05 sys=0,01, real=0,01 secs] 
Heap after GC invocations=21 (full 1):
 par new generation   total 109248K, used 21824K [0x00000000e0000000, 0x00000000e8000000, 0x00000000e8000000)
  eden space 87424K,   0% used [0x00000000e0000000, 0x00000000e0000000, 0x00000000e5560000)
  from space 21824K, 100% used [0x00000000e6ab0000, 0x00000000e8000000, 0x00000000e8000000)
  to   space 21824K,   0% used [0x00000000e5560000, 0x00000000e5560000, 0x00000000e6ab0000)
 concurrent mark-sweep generation total 393216K, used 14629K [0x00000000e8000000, 0x0000000100000000, 0x0000000100000000)
 Metaspace       used 42873K, capacity 44379K, committed 44716K, reserved 1087488K
  class space    used 5356K, capacity 5720K, committed 5804K, reserved 1048576K
}
2018-08-27T17:24:03.718-0300: 10,039: Total time for which application threads were stopped: 0,0126632 seconds, Stopping threads took: 0,0000472 seconds
2018-08-27T17:24:03.718-0300: 10,039: Total time for which application threads were stopped: 0,0002087 seconds, Stopping threads took: 0,0000499 seconds
2018-08-27T17:24:03.719-0300: 10,040: Total time for which application threads were stopped: 0,0001519 seconds, Stopping threads took: 0,0000396 seconds
2018-08-27T17:24:03.834-0300: 10,155: Total time for which application threads were stopped: 0,0002331 seconds, Stopping threads took: 0,0000361 seconds
{Heap before GC invocations=21 (full 1):
 par new generation   total 109248K, used 109248K [0x00000000e0000000, 0x00000000e8000000, 0x00000000e8000000)
  eden space 87424K, 100% used [0x00000000e0000000, 0x00000000e5560000, 0x00000000e5560000)
  from space 21824K, 100% used [0x00000000e6ab0000, 0x00000000e8000000, 0x00000000e8000000)
  to   space 21824K,   0% used [0x00000000e5560000, 0x00000000e5560000, 0x00000000e6ab0000)
 concurrent mark-sweep generation total 393216K, used 14629K [0x00000000e8000000, 0x0000000100000000, 0x0000000100000000)
 Metaspace       used 42926K, capacity 44439K, committed 44716K, reserved 1087488K
  class space    used 5361K, capacity 5730K, committed 5804K, reserved 1048576K
2018-08-27T17:24:03.980-0300: 10,301: [GC (Allocation Failure) 2018-08-27T17:24:03.980-0300: 10,301: [ParNew
Desired survivor size 20112992 bytes, new threshold 8 (max 8)
- age   1:     689248 bytes,     689248 total
- age   2:     375040 bytes,    1064288 total
- age   3:    5281552 bytes,    6345840 total
- age   4:    5903328 bytes,   12249168 total
- age   5:     978040 bytes,   13227208 total
- age   6:    1684184 bytes,   14911392 total
- age   7:     151672 bytes,   15063064 total
- age   8:      92560 bytes,   15155624 total
: 109248K->19920K(109248K), 0,0126680 secs] 123877K->34659K(502464K), 0,0127901 secs] [Times: user=0,09 sys=0,00, real=0,01 secs] 
Heap after GC invocations=22 (full 1):
 par new generation   total 109248K, used 19920K [0x00000000e0000000, 0x00000000e8000000, 0x00000000e8000000)
  eden space 87424K,   0% used [0x00000000e0000000, 0x00000000e0000000, 0x00000000e5560000)
  from space 21824K,  91% used [0x00000000e5560000, 0x00000000e68d4190, 0x00000000e6ab0000)
  to   space 21824K,   0% used [0x00000000e6ab0000, 0x00000000e6ab0000, 0x00000000e8000000)
 concurrent mark-sweep generation total 393216K, used 14739K [0x00000000e8000000, 0x0000000100000000, 0x0000000100000000)
 Metaspace       used 42926K, capacity 44439K, committed 44716K, reserved 1087488K
  class space    used 5361K, capacity 5730K, committed 5804K, reserved 1048576K
}
2018-08-27T17:24:03.993-0300: 10,314: Total time for which application threads were stopped: 0,0132905 seconds, Stopping threads took: 0,0000527 seconds
2018-08-27T17:24:04.701-0300: 11,023: Total time for which application threads were stopped: 0,0003985 seconds, Stopping threads took: 0,0001889 seconds
2018-08-27T17:24:04.702-0300: 11,023: Total time for which application threads were stopped: 0,0002173 seconds, Stopping threads took: 0,0000735 seconds
2018-08-27T17:24:04.702-0300: 11,024: Total time for which application threads were stopped: 0,0001500 seconds, Stopping threads took: 0,0000174 seconds
2018-08-27T17:24:04.727-0300: 11,048: Total time for which application threads were stopped: 0,0002568 seconds, Stopping threads took: 0,0000809 seconds
{Heap before GC invocations=22 (full 1):
 par new generation   total 109248K, used 107344K [0x00000000e0000000, 0x00000000e8000000, 0x00000000e8000000)
  eden space 87424K, 100% used [0x00000000e0000000, 0x00000000e5560000, 0x00000000e5560000)
  from space 21824K,  91% used [0x00000000e5560000, 0x00000000e68d4190, 0x00000000e6ab0000)
  to   space 21824K,   0% used [0x00000000e6ab0000, 0x00000000e6ab0000, 0x00000000e8000000)
 concurrent mark-sweep generation total 393216K, used 14739K [0x00000000e8000000, 0x0000000100000000, 0x0000000100000000)
 Metaspace       used 42988K, capacity 44557K, committed 44716K, reserved 1087488K
  class space    used 5366K, capacity 5739K, committed 5804K, reserved 1048576K
2018-08-27T17:24:05.125-0300: 11,446: [GC (Allocation Failure) 2018-08-27T17:24:05.125-0300: 11,446: [ParNew
Desired survivor size 20112992 bytes, new threshold 8 (max 8)
- age   1:    2053648 bytes,    2053648 total
- age   2:      53872 bytes,    2107520 total
- age   3:     106960 bytes,    2214480 total
- age   4:    4719920 bytes,    6934400 total
- age   5:    5894664 bytes,   12829064 total
- age   6:     974344 bytes,   13803408 total
- age   7:    1684160 bytes,   15487568 total
- age   8:     151672 bytes,   15639240 total
: 107344K->19800K(109248K), 0,0124946 secs] 122083K->34632K(502464K), 0,0126082 secs] [Times: user=0,05 sys=0,00, real=0,01 secs] 
Heap after GC invocations=23 (full 1):
 par new generation   total 109248K, used 19800K [0x00000000e0000000, 0x00000000e8000000, 0x00000000e8000000)
  eden space 87424K,   0% used [0x00000000e0000000, 0x00000000e0000000, 0x00000000e5560000)
  from space 21824K,  90% used [0x00000000e6ab0000, 0x00000000e7e06370, 0x00000000e8000000)
  to   space 21824K,   0% used [0x00000000e5560000, 0x00000000e5560000, 0x00000000e6ab0000)
 concurrent mark-sweep generation total 393216K, used 14832K [0x00000000e8000000, 0x0000000100000000, 0x0000000100000000)
 Metaspace       used 42988K, capacity 44557K, committed 44716K, reserved 1087488K
  class space    used 5366K, capacity 5739K, committed 5804K, reserved 1048576K
}
2018-08-27T17:24:05.137-0300: 11,458: Total time for which application threads were stopped: 0,0128766 seconds, Stopping threads took: 0,0000330 seconds
2018-08-27T17:24:05.138-0300: 11,459: Total time for which application threads were stopped: 0,0002176 seconds, Stopping threads took: 0,0000516 seconds
{Heap before GC invocations=23 (full 1):
 par new generation   total 109248K, used 107224K [0x00000000e0000000, 0x00000000e8000000, 0x00000000e8000000)
  eden space 87424K, 100% used [0x00000000e0000000, 0x00000000e5560000, 0x00000000e5560000)
  from space 21824K,  90% used [0x00000000e6ab0000, 0x00000000e7e06370, 0x00000000e8000000)
  to   space 21824K,   0% used [0x00000000e5560000, 0x00000000e5560000, 0x00000000e6ab0000)
 concurrent mark-sweep generation total 393216K, used 14832K [0x00000000e8000000, 0x0000000100000000, 0x0000000100000000)
 Metaspace       used 43004K, capacity 44581K, committed 44716K, reserved 1087488K
  class space    used 5368K, capacity 5743K, committed 5804K, reserved 1048576K
2018-08-27T17:24:05.210-0300: 11,531: [GC (Allocation Failure) 2018-08-27T17:24:05.210-0300: 11,531: [ParNew
Desired survivor size 20112992 bytes, new threshold 8 (max 8)
- age   1:     149568 bytes,     149568 total
- age   2:    1693144 bytes,    1842712 total
- age   3:      52584 bytes,    1895296 total
- age   4:     104384 bytes,    1999680 total
- age   5:    4719920 bytes,    6719600 total
- age   6:    5894664 bytes,   12614264 total
- age   7:     974344 bytes,   13588608 total
- age   8:    1684160 bytes,   15272768 total
: 107224K->18812K(109248K), 0,0103614 secs] 122056K->33796K(502464K), 0,0104550 secs] [Times: user=0,04 sys=0,00, real=0,01 secs] 
Heap after GC invocations=24 (full 1):
 par new generation   total 109248K, used 18812K [0x00000000e0000000, 0x00000000e8000000, 0x00000000e8000000)
  eden space 87424K,   0% used [0x00000000e0000000, 0x00000000e0000000, 0x00000000e5560000)
  from space 21824K,  86% used [0x00000000e5560000, 0x00000000e67bf160, 0x00000000e6ab0000)
  to   space 21824K,   0% used [0x00000000e6ab0000, 0x00000000e6ab0000, 0x00000000e8000000)
 concurrent mark-sweep generation total 393216K, used 14983K [0x00000000e8000000, 0x0000000100000000, 0x0000000100000000)
 Metaspace       used 43004K, capacity 44581K, committed 44716K, reserved 1087488K
  class space    used 5368K, capacity 5743K, committed 5804K, reserved 1048576K
}
2018-08-27T17:24:05.221-0300: 11,542: Total time for which application threads were stopped: 0,0107224 seconds, Stopping threads took: 0,0000388 seconds
2018-08-27T17:24:05.221-0300: 11,542: Total time for which application threads were stopped: 0,0001833 seconds, Stopping threads took: 0,0000367 seconds
2018-08-27T17:24:05.300-0300: 11,621: Total time for which application threads were stopped: 0,0002210 seconds, Stopping threads took: 0,0000815 seconds
2018-08-27T17:24:05.303-0300: 11,624: Total time for which application threads were stopped: 0,0001523 seconds, Stopping threads took: 0,0000285 seconds
2018-08-27T17:24:05.331-0300: 11,652: Total time for which application threads were stopped: 0,0002268 seconds, Stopping threads took: 0,0000598 seconds
2018-08-27T17:24:05.372-0300: 11,693: Total time for which application threads were stopped: 0,0001668 seconds, Stopping threads took: 0,0000417 seconds
2018-08-27T17:24:05.406-0300: 11,727: Total time for which application threads were stopped: 0,0001152 seconds, Stopping threads took: 0,0000240 seconds
2018-08-27T17:24:05.406-0300: 11,727: Total time for which application threads were stopped: 0,0000446 seconds, Stopping threads took: 0,0000063 seconds
2018-08-27T17:24:05.406-0300: 11,727: Total time for which application threads were stopped: 0,0001073 seconds, Stopping threads took: 0,0000201 seconds
2018-08-27T17:24:05.407-0300: 11,728: Total time for which application threads were stopped: 0,0000654 seconds, Stopping threads took: 0,0000119 seconds
2018-08-27T17:24:05.407-0300: 11,728: Total time for which application threads were stopped: 0,0000490 seconds, Stopping threads took: 0,0000075 seconds
2018-08-27T17:24:05.407-0300: 11,728: Total time for which application threads were stopped: 0,0000559 seconds, Stopping threads took: 0,0000097 seconds
2018-08-27T17:24:05.411-0300: 11,732: Total time for which application threads were stopped: 0,0001742 seconds, Stopping threads took: 0,0000630 seconds
2018-08-27T17:24:05.422-0300: 11,743: Total time for which application threads were stopped: 0,0001697 seconds, Stopping threads took: 0,0000575 seconds
2018-08-27T17:24:05.431-0300: 11,752: Total time for which application threads were stopped: 0,0001473 seconds, Stopping threads took: 0,0000436 seconds
2018-08-27T17:24:06.432-0300: 12,753: Total time for which application threads were stopped: 0,0002030 seconds, Stopping threads took: 0,0000334 seconds
2018-08-27T17:24:06.436-0300: 12,757: Total time for which application threads were stopped: 0,0002536 seconds, Stopping threads took: 0,0001223 seconds
2018-08-27T17:24:06.437-0300: 12,758: Total time for which application threads were stopped: 0,0004348 seconds, Stopping threads took: 0,0000615 seconds
2018-08-27T17:24:07.227-0300: 13,548: Total time for which application threads were stopped: 0,0002118 seconds, Stopping threads took: 0,0000571 seconds
2018-08-27T17:24:07.227-0300: 13,548: Total time for which application threads were stopped: 0,0001694 seconds, Stopping threads took: 0,0000841 seconds
2018-08-27T17:24:07.227-0300: 13,548: Total time for which application threads were stopped: 0,0001315 seconds, Stopping threads took: 0,0000536 seconds
2018-08-27T17:24:07.227-0300: 13,549: Total time for which application threads were stopped: 0,0001321 seconds, Stopping threads took: 0,0000507 seconds
2018-08-27T17:24:07.228-0300: 13,549: Total time for which application threads were stopped: 0,0001534 seconds, Stopping threads took: 0,0000473 seconds
2018-08-27T17:24:07.228-0300: 13,549: Total time for which application threads were stopped: 0,0001327 seconds, Stopping threads took: 0,0000474 seconds
2018-08-27T17:24:07.229-0300: 13,550: Total time for which application threads were stopped: 0,0002024 seconds, Stopping threads took: 0,0000715 seconds
2018-08-27T17:24:07.230-0300: 13,551: Total time for which application threads were stopped: 0,0002337 seconds, Stopping threads took: 0,0001385 seconds
2018-08-27T17:24:07.232-0300: 13,553: Total time for which application threads were stopped: 0,0001949 seconds, Stopping threads took: 0,0000592 seconds
2018-08-27T17:24:07.233-0300: 13,554: Total time for which application threads were stopped: 0,0001957 seconds, Stopping threads took: 0,0000936 seconds
2018-08-27T17:24:07.234-0300: 13,555: Total time for which application threads were stopped: 0,0000996 seconds, Stopping threads took: 0,0000190 seconds
2018-08-27T17:24:07.234-0300: 13,555: Total time for which application threads were stopped: 0,0000925 seconds, Stopping threads took: 0,0000157 seconds
2018-08-27T17:24:07.234-0300: 13,555: Total time for which application threads were stopped: 0,0003342 seconds, Stopping threads took: 0,0002565 seconds
2018-08-27T17:24:07.234-0300: 13,555: Total time for which application threads were stopped: 0,0001215 seconds, Stopping threads took: 0,0000465 seconds
2018-08-27T17:24:07.240-0300: 13,561: Total time for which application threads were stopped: 0,0001833 seconds, Stopping threads took: 0,0000602 seconds
2018-08-27T17:24:07.240-0300: 13,561: Total time for which application threads were stopped: 0,0001028 seconds, Stopping threads took: 0,0000336 seconds
2018-08-27T17:24:07.255-0300: 13,576: Total time for which application threads were stopped: 0,0002395 seconds, Stopping threads took: 0,0000958 seconds
2018-08-27T17:24:08.255-0300: 14,576: Total time for which application threads were stopped: 0,0002004 seconds, Stopping threads took: 0,0000378 seconds
2018-08-27T17:24:08.942-0300: 15,263: Total time for which application threads were stopped: 0,0001832 seconds, Stopping threads took: 0,0000422 seconds
2018-08-27T17:24:08.942-0300: 15,263: Total time for which application threads were stopped: 0,0001074 seconds, Stopping threads took: 0,0000207 seconds
2018-08-27T17:24:08.942-0300: 15,263: Total time for which application threads were stopped: 0,0001076 seconds, Stopping threads took: 0,0000210 seconds
2018-08-27T17:24:08.943-0300: 15,264: Total time for which application threads were stopped: 0,0001077 seconds, Stopping threads took: 0,0000205 seconds
2018-08-27T17:24:08.943-0300: 15,264: Total time for which application threads were stopped: 0,0001378 seconds, Stopping threads took: 0,0000209 seconds
2018-08-27T17:24:08.943-0300: 15,264: Total time for which application threads were stopped: 0,0000951 seconds, Stopping threads took: 0,0000210 seconds
2018-08-27T17:24:08.945-0300: 15,266: Total time for which application threads were stopped: 0,0001114 seconds, Stopping threads took: 0,0000231 seconds
2018-08-27T17:24:09.945-0300: 16,266: Total time for which application threads were stopped: 0,0002041 seconds, Stopping threads took: 0,0000340 seconds
2018-08-27T17:24:41.955-0300: 48,276: Total time for which application threads were stopped: 0,0001714 seconds, Stopping threads took: 0,0000581 seconds
2018-08-27T17:24:41.956-0300: 48,277: Total time for which application threads were stopped: 0,0001096 seconds, Stopping threads took: 0,0000471 seconds
2018-08-27T17:24:41.956-0300: 48,277: Total time for which application threads were stopped: 0,0000605 seconds, Stopping threads took: 0,0000074 seconds
2018-08-27T17:24:41.956-0300: 48,277: Total time for which application threads were stopped: 0,0000844 seconds, Stopping threads took: 0,0000278 seconds
2018-08-27T17:24:41.956-0300: 48,277: Total time for which application threads were stopped: 0,0000886 seconds, Stopping threads took: 0,0000374 seconds
2018-08-27T17:24:42.023-0300: 48,344: Total time for which application threads were stopped: 0,0001584 seconds, Stopping threads took: 0,0000390 seconds
2018-08-27T17:24:42.023-0300: 48,344: Total time for which application threads were stopped: 0,0001187 seconds, Stopping threads took: 0,0000194 seconds
2018-08-27T17:25:00.265-0300: 66,586: Total time for which application threads were stopped: 0,0002377 seconds, Stopping threads took: 0,0000838 seconds
2018-08-27T17:25:00.883-0300: 67,204: Total time for which application threads were stopped: 0,0003456 seconds, Stopping threads took: 0,0001439 seconds
2018-08-27T17:25:00.883-0300: 67,204: Total time for which application threads were stopped: 0,0002191 seconds, Stopping threads took: 0,0000950 seconds
2018-08-27T17:25:00.883-0300: 67,204: Total time for which application threads were stopped: 0,0001557 seconds, Stopping threads took: 0,0000478 seconds
2018-08-27T17:25:00.884-0300: 67,205: Total time for which application threads were stopped: 0,0001487 seconds, Stopping threads took: 0,0000435 seconds
2018-08-27T17:25:00.884-0300: 67,205: Total time for which application threads were stopped: 0,0001477 seconds, Stopping threads took: 0,0000444 seconds
2018-08-27T17:25:01.884-0300: 68,205: Total time for which application threads were stopped: 0,0002004 seconds, Stopping threads took: 0,0000358 seconds
2018-08-27T17:25:01.988-0300: 68,309: Total time for which application threads were stopped: 0,0034698 seconds, Stopping threads took: 0,0032773 seconds
{Heap before GC invocations=24 (full 1):
 par new generation   total 109248K, used 106236K [0x00000000e0000000, 0x00000000e8000000, 0x00000000e8000000)
  eden space 87424K, 100% used [0x00000000e0000000, 0x00000000e5560000, 0x00000000e5560000)
  from space 21824K,  86% used [0x00000000e5560000, 0x00000000e67bf160, 0x00000000e6ab0000)
  to   space 21824K,   0% used [0x00000000e6ab0000, 0x00000000e6ab0000, 0x00000000e8000000)
 concurrent mark-sweep generation total 393216K, used 14983K [0x00000000e8000000, 0x0000000100000000, 0x0000000100000000)
 Metaspace       used 43385K, capacity 45063K, committed 45228K, reserved 1089536K
  class space    used 5404K, capacity 5778K, committed 5804K, reserved 1048576K
2018-08-27T17:25:02.029-0300: 68,350: [GC (Allocation Failure) 2018-08-27T17:25:02.030-0300: 68,351: [ParNew
Desired survivor size 20112992 bytes, new threshold 8 (max 8)
- age   1:    5115920 bytes,    5115920 total
- age   2:      80912 bytes,    5196832 total
- age   3:     859840 bytes,    6056672 total
- age   4:      38744 bytes,    6095416 total
- age   5:      97920 bytes,    6193336 total
- age   6:    4693800 bytes,   10887136 total
- age   7:    5886440 bytes,   16773576 total
- age   8:     974240 bytes,   17747816 total
: 106236K->21133K(109248K), 0,0303141 secs] 121220K->37768K(502464K), 0,0304470 secs] [Times: user=0,08 sys=0,00, real=0,03 secs] 
Heap after GC invocations=25 (full 1):
 par new generation   total 109248K, used 21133K [0x00000000e0000000, 0x00000000e8000000, 0x00000000e8000000)
  eden space 87424K,   0% used [0x00000000e0000000, 0x00000000e0000000, 0x00000000e5560000)
  from space 21824K,  96% used [0x00000000e6ab0000, 0x00000000e7f534d0, 0x00000000e8000000)
  to   space 21824K,   0% used [0x00000000e5560000, 0x00000000e5560000, 0x00000000e6ab0000)
 concurrent mark-sweep generation total 393216K, used 16635K [0x00000000e8000000, 0x0000000100000000, 0x0000000100000000)
 Metaspace       used 43385K, capacity 45063K, committed 45228K, reserved 1089536K
  class space    used 5404K, capacity 5778K, committed 5804K, reserved 1048576K
}
2018-08-27T17:25:02.060-0300: 68,381: Total time for which application threads were stopped: 0,0307766 seconds, Stopping threads took: 0,0000794 seconds
2018-08-27T17:25:02.062-0300: 68,383: Total time for which application threads were stopped: 0,0003394 seconds, Stopping threads took: 0,0001260 seconds
{Heap before GC invocations=25 (full 1):
 par new generation   total 109248K, used 108557K [0x00000000e0000000, 0x00000000e8000000, 0x00000000e8000000)
  eden space 87424K, 100% used [0x00000000e0000000, 0x00000000e5560000, 0x00000000e5560000)
  from space 21824K,  96% used [0x00000000e6ab0000, 0x00000000e7f534d0, 0x00000000e8000000)
  to   space 21824K,   0% used [0x00000000e5560000, 0x00000000e5560000, 0x00000000e6ab0000)
 concurrent mark-sweep generation total 393216K, used 16635K [0x00000000e8000000, 0x0000000100000000, 0x0000000100000000)
 Metaspace       used 43390K, capacity 45069K, committed 45228K, reserved 1089536K
  class space    used 5405K, capacity 5779K, committed 5804K, reserved 1048576K
2018-08-27T17:25:02.155-0300: 68,476: [GC (Allocation Failure) 2018-08-27T17:25:02.155-0300: 68,476: [ParNew
Desired survivor size 20112992 bytes, new threshold 8 (max 8)
- age   1:     972248 bytes,     972248 total
- age   2:    4330752 bytes,    5303000 total
- age   3:      80912 bytes,    5383912 total
- age   4:     859744 bytes,    6243656 total
- age   5:      38584 bytes,    6282240 total
- age   6:      94672 bytes,    6376912 total
- age   7:    4693800 bytes,   11070712 total
- age   8:    5886440 bytes,   16957152 total
: 108557K->21824K(109248K), 0,0552732 secs] 125192K->39438K(502464K), 0,0554082 secs] [Times: user=0,09 sys=0,01, real=0,05 secs] 
Heap after GC invocations=26 (full 1):
 par new generation   total 109248K, used 21824K [0x00000000e0000000, 0x00000000e8000000, 0x00000000e8000000)
  eden space 87424K,   0% used [0x00000000e0000000, 0x00000000e0000000, 0x00000000e5560000)
  from space 21824K, 100% used [0x00000000e5560000, 0x00000000e6ab0000, 0x00000000e6ab0000)
  to   space 21824K,   0% used [0x00000000e6ab0000, 0x00000000e6ab0000, 0x00000000e8000000)
 concurrent mark-sweep generation total 393216K, used 17614K [0x00000000e8000000, 0x0000000100000000, 0x0000000100000000)
 Metaspace       used 43390K, capacity 45069K, committed 45228K, reserved 1089536K
  class space    used 5405K, capacity 5779K, committed 5804K, reserved 1048576K
}
2018-08-27T17:25:02.210-0300: 68,531: Total time for which application threads were stopped: 0,0557942 seconds, Stopping threads took: 0,0000791 seconds
2018-08-27T17:25:02.213-0300: 68,535: Total time for which application threads were stopped: 0,0002222 seconds, Stopping threads took: 0,0000529 seconds
2018-08-27T17:25:02.703-0300: 69,024: Total time for which application threads were stopped: 0,0055705 seconds, Stopping threads took: 0,0053155 seconds
2018-08-27T17:25:02.914-0300: 69,235: Total time for which application threads were stopped: 0,0002467 seconds, Stopping threads took: 0,0000369 seconds
2018-08-27T17:25:03.715-0300: 70,036: Total time for which application threads were stopped: 0,0001914 seconds, Stopping threads took: 0,0000740 seconds
2018-08-27T17:25:04.715-0300: 71,036: Total time for which application threads were stopped: 0,0001535 seconds, Stopping threads took: 0,0000343 seconds
{Heap before GC invocations=26 (full 1):
 par new generation   total 109248K, used 109248K [0x00000000e0000000, 0x00000000e8000000, 0x00000000e8000000)
  eden space 87424K, 100% used [0x00000000e0000000, 0x00000000e5560000, 0x00000000e5560000)
  from space 21824K, 100% used [0x00000000e5560000, 0x00000000e6ab0000, 0x00000000e6ab0000)
  to   space 21824K,   0% used [0x00000000e6ab0000, 0x00000000e6ab0000, 0x00000000e8000000)
 concurrent mark-sweep generation total 393216K, used 17614K [0x00000000e8000000, 0x0000000100000000, 0x0000000100000000)
 Metaspace       used 43571K, capacity 45207K, committed 45356K, reserved 1089536K
  class space    used 5424K, capacity 5818K, committed 5932K, reserved 1048576K
2018-08-27T17:25:04.977-0300: 71,298: [GC (Allocation Failure) 2018-08-27T17:25:04.977-0300: 71,298: [ParNew
Desired survivor size 20112992 bytes, new threshold 8 (max 8)
- age   1:    3582280 bytes,    3582280 total
- age   2:     132304 bytes,    3714584 total
- age   3:    4300304 bytes,    8014888 total
- age   4:      80912 bytes,    8095800 total
- age   5:     859712 bytes,    8955512 total
- age   6:      37824 bytes,    8993336 total
- age   7:      94672 bytes,    9088008 total
- age   8:    4653272 bytes,   13741280 total
: 109248K->18707K(109248K), 0,0312947 secs] 126862K->43090K(502464K), 0,0313861 secs] [Times: user=0,08 sys=0,00, real=0,03 secs] 
Heap after GC invocations=27 (full 1):
 par new generation   total 109248K, used 18707K [0x00000000e0000000, 0x00000000e8000000, 0x00000000e8000000)
  eden space 87424K,   0% used [0x00000000e0000000, 0x00000000e0000000, 0x00000000e5560000)
  from space 21824K,  85% used [0x00000000e6ab0000, 0x00000000e7cf4dc8, 0x00000000e8000000)
  to   space 21824K,   0% used [0x00000000e5560000, 0x00000000e5560000, 0x00000000e6ab0000)
 concurrent mark-sweep generation total 393216K, used 24382K [0x00000000e8000000, 0x0000000100000000, 0x0000000100000000)
 Metaspace       used 43571K, capacity 45207K, committed 45356K, reserved 1089536K
  class space    used 5424K, capacity 5818K, committed 5932K, reserved 1048576K
}
2018-08-27T17:25:05.009-0300: 71,330: Total time for which application threads were stopped: 0,0316674 seconds, Stopping threads took: 0,0000444 seconds
2018-08-27T17:25:05.086-0300: 71,407: Total time for which application threads were stopped: 0,0002100 seconds, Stopping threads took: 0,0000660 seconds
2018-08-27T17:25:05.086-0300: 71,407: Total time for which application threads were stopped: 0,0001122 seconds, Stopping threads took: 0,0000374 seconds
2018-08-27T17:25:05.087-0300: 71,408: Total time for which application threads were stopped: 0,0000933 seconds, Stopping threads took: 0,0000312 seconds
2018-08-27T17:25:05.087-0300: 71,408: Total time for which application threads were stopped: 0,0000870 seconds, Stopping threads took: 0,0000275 seconds
2018-08-27T17:25:05.087-0300: 71,408: Total time for which application threads were stopped: 0,0000803 seconds, Stopping threads took: 0,0000261 seconds
2018-08-27T17:25:05.087-0300: 71,408: Total time for which application threads were stopped: 0,0000863 seconds, Stopping threads took: 0,0000220 seconds
{Heap before GC invocations=27 (full 1):
 par new generation   total 109248K, used 106123K [0x00000000e0000000, 0x00000000e8000000, 0x00000000e8000000)
  eden space 87424K,  99% used [0x00000000e0000000, 0x00000000e555e1a8, 0x00000000e5560000)
  from space 21824K,  85% used [0x00000000e6ab0000, 0x00000000e7cf4dc8, 0x00000000e8000000)
  to   space 21824K,   0% used [0x00000000e5560000, 0x00000000e5560000, 0x00000000e6ab0000)
 concurrent mark-sweep generation total 393216K, used 24382K [0x00000000e8000000, 0x0000000100000000, 0x0000000100000000)
 Metaspace       used 43639K, capacity 45287K, committed 45612K, reserved 1089536K
  class space    used 5427K, capacity 5820K, committed 5932K, reserved 1048576K
2018-08-27T17:25:05.112-0300: 71,433: [GC (Allocation Failure) 2018-08-27T17:25:05.112-0300: 71,433: [ParNew
Desired survivor size 20112992 bytes, new threshold 8 (max 8)
- age   1:    1872936 bytes,    1872936 total
- age   2:    3250840 bytes,    5123776 total
- age   3:     132152 bytes,    5255928 total
- age   4:    4292320 bytes,    9548248 total
- age   5:      80912 bytes,    9629160 total
- age   6:     859712 bytes,   10488872 total
- age   7:      37824 bytes,   10526696 total
- age   8:      94672 bytes,   10621368 total
: 106123K->13155K(109248K), 0,0157318 secs] 130506K->42221K(502464K), 0,0158409 secs] [Times: user=0,06 sys=0,00, real=0,02 secs] 
Heap after GC invocations=28 (full 1):
 par new generation   total 109248K, used 13155K [0x00000000e0000000, 0x00000000e8000000, 0x00000000e8000000)
  eden space 87424K,   0% used [0x00000000e0000000, 0x00000000e0000000, 0x00000000e5560000)
  from space 21824K,  60% used [0x00000000e5560000, 0x00000000e6238ec0, 0x00000000e6ab0000)
  to   space 21824K,   0% used [0x00000000e6ab0000, 0x00000000e6ab0000, 0x00000000e8000000)
 concurrent mark-sweep generation total 393216K, used 29065K [0x00000000e8000000, 0x0000000100000000, 0x0000000100000000)
 Metaspace       used 43639K, capacity 45287K, committed 45612K, reserved 1089536K
  class space    used 5427K, capacity 5820K, committed 5932K, reserved 1048576K
}
2018-08-27T17:25:05.128-0300: 71,449: Total time for which application threads were stopped: 0,0161148 seconds, Stopping threads took: 0,0000441 seconds
2018-08-27T17:25:05.130-0300: 71,451: Total time for which application threads were stopped: 0,0002013 seconds, Stopping threads took: 0,0000475 seconds
{Heap before GC invocations=28 (full 1):
 par new generation   total 109248K, used 100579K [0x00000000e0000000, 0x00000000e8000000, 0x00000000e8000000)
  eden space 87424K, 100% used [0x00000000e0000000, 0x00000000e5560000, 0x00000000e5560000)
  from space 21824K,  60% used [0x00000000e5560000, 0x00000000e6238ec0, 0x00000000e6ab0000)
  to   space 21824K,   0% used [0x00000000e6ab0000, 0x00000000e6ab0000, 0x00000000e8000000)
 concurrent mark-sweep generation total 393216K, used 29065K [0x00000000e8000000, 0x0000000100000000, 0x0000000100000000)
 Metaspace       used 43641K, capacity 45287K, committed 45612K, reserved 1089536K
  class space    used 5427K, capacity 5820K, committed 5932K, reserved 1048576K
2018-08-27T17:25:05.305-0300: 71,626: [GC (Allocation Failure) 2018-08-27T17:25:05.305-0300: 71,626: [ParNew
Desired survivor size 20112992 bytes, new threshold 8 (max 8)
- age   1:     173024 bytes,     173024 total
- age   2:    1497480 bytes,    1670504 total
- age   3:    3185248 bytes,    4855752 total
- age   4:     132128 bytes,    4987880 total
- age   5:    4292264 bytes,    9280144 total
- age   6:      80912 bytes,    9361056 total
- age   7:     859712 bytes,   10220768 total
- age   8:      37824 bytes,   10258592 total
: 100579K->16407K(109248K), 0,0394000 secs] 129645K->45567K(502464K), 0,0395437 secs] [Times: user=0,09 sys=0,00, real=0,04 secs] 
Heap after GC invocations=29 (full 1):
 par new generation   total 109248K, used 16407K [0x00000000e0000000, 0x00000000e8000000, 0x00000000e8000000)
  eden space 87424K,   0% used [0x00000000e0000000, 0x00000000e0000000, 0x00000000e5560000)
  from space 21824K,  75% used [0x00000000e6ab0000, 0x00000000e7ab5e78, 0x00000000e8000000)
  to   space 21824K,   0% used [0x00000000e5560000, 0x00000000e5560000, 0x00000000e6ab0000)
 concurrent mark-sweep generation total 393216K, used 29159K [0x00000000e8000000, 0x0000000100000000, 0x0000000100000000)
 Metaspace       used 43641K, capacity 45287K, committed 45612K, reserved 1089536K
  class space    used 5427K, capacity 5820K, committed 5932K, reserved 1048576K
}
2018-08-27T17:25:05.344-0300: 71,665: Total time for which application threads were stopped: 0,0398647 seconds, Stopping threads took: 0,0000364 seconds
2018-08-27T17:25:05.345-0300: 71,666: Total time for which application threads were stopped: 0,0001934 seconds, Stopping threads took: 0,0000202 seconds
2018-08-27T17:25:05.453-0300: 71,774: Total time for which application threads were stopped: 0,0002625 seconds, Stopping threads took: 0,0000445 seconds
2018-08-27T17:25:05.459-0300: 71,780: Total time for which application threads were stopped: 0,0001739 seconds, Stopping threads took: 0,0000413 seconds
2018-08-27T17:25:05.530-0300: 71,851: Total time for which application threads were stopped: 0,0026114 seconds, Stopping threads took: 0,0022936 seconds
2018-08-27T17:25:05.566-0300: 71,887: Total time for which application threads were stopped: 0,0001783 seconds, Stopping threads took: 0,0000479 seconds
2018-08-27T17:25:05.566-0300: 71,887: Total time for which application threads were stopped: 0,0000884 seconds, Stopping threads took: 0,0000261 seconds
2018-08-27T17:25:05.567-0300: 71,888: Total time for which application threads were stopped: 0,0007407 seconds, Stopping threads took: 0,0006520 seconds
2018-08-27T17:25:05.567-0300: 71,888: Total time for which application threads were stopped: 0,0001581 seconds, Stopping threads took: 0,0000785 seconds
2018-08-27T17:25:05.567-0300: 71,888: Total time for which application threads were stopped: 0,0000891 seconds, Stopping threads took: 0,0000280 seconds
2018-08-27T17:25:05.567-0300: 71,889: Total time for which application threads were stopped: 0,0001011 seconds, Stopping threads took: 0,0000444 seconds
2018-08-27T17:25:05.568-0300: 71,889: Total time for which application threads were stopped: 0,0000666 seconds, Stopping threads took: 0,0000105 seconds
2018-08-27T17:25:05.568-0300: 71,889: Total time for which application threads were stopped: 0,0001153 seconds, Stopping threads took: 0,0000475 seconds
2018-08-27T17:25:05.573-0300: 71,894: Total time for which application threads were stopped: 0,0001872 seconds, Stopping threads took: 0,0000389 seconds
2018-08-27T17:25:05.573-0300: 71,894: Total time for which application threads were stopped: 0,0001488 seconds, Stopping threads took: 0,0000370 seconds
2018-08-27T17:25:05.573-0300: 71,894: Total time for which application threads were stopped: 0,0000896 seconds, Stopping threads took: 0,0000242 seconds
2018-08-27T17:25:05.574-0300: 71,895: Total time for which application threads were stopped: 0,0000835 seconds, Stopping threads took: 0,0000182 seconds
2018-08-27T17:25:05.574-0300: 71,895: Total time for which application threads were stopped: 0,0000833 seconds, Stopping threads took: 0,0000186 seconds
2018-08-27T17:25:05.574-0300: 71,895: Total time for which application threads were stopped: 0,0000798 seconds, Stopping threads took: 0,0000180 seconds
2018-08-27T17:25:05.574-0300: 71,895: Total time for which application threads were stopped: 0,0000718 seconds, Stopping threads took: 0,0000227 seconds
2018-08-27T17:25:05.574-0300: 71,895: Total time for which application threads were stopped: 0,0000967 seconds, Stopping threads took: 0,0000301 seconds
2018-08-27T17:25:05.577-0300: 71,898: Total time for which application threads were stopped: 0,0001555 seconds, Stopping threads took: 0,0000426 seconds
2018-08-27T17:25:0